Archive member included to satisfy reference by file (symbol)

d:/rt-threadstudio/platform/env_released/env/tools/gnu_gcc/arm_gcc/mingw/bin/../lib/gcc/arm-none-eabi/5.4.1/../../../../arm-none-eabi/lib/armv7-m\libc.a(lib_a-exit.o)
                              d:/rt-threadstudio/platform/env_released/env/tools/gnu_gcc/arm_gcc/mingw/bin/../lib/gcc/arm-none-eabi/5.4.1/../../../../arm-none-eabi/lib/armv7-m/crt0.o (exit)
d:/rt-threadstudio/platform/env_released/env/tools/gnu_gcc/arm_gcc/mingw/bin/../lib/gcc/arm-none-eabi/5.4.1/../../../../arm-none-eabi/lib/armv7-m\libc.a(lib_a-impure.o)
                              d:/rt-threadstudio/platform/env_released/env/tools/gnu_gcc/arm_gcc/mingw/bin/../lib/gcc/arm-none-eabi/5.4.1/../../../../arm-none-eabi/lib/armv7-m\libc.a(lib_a-exit.o) (_global_impure_ptr)
d:/rt-threadstudio/platform/env_released/env/tools/gnu_gcc/arm_gcc/mingw/bin/../lib/gcc/arm-none-eabi/5.4.1/../../../../arm-none-eabi/lib/armv7-m\libc.a(lib_a-init.o)
                              d:/rt-threadstudio/platform/env_released/env/tools/gnu_gcc/arm_gcc/mingw/bin/../lib/gcc/arm-none-eabi/5.4.1/../../../../arm-none-eabi/lib/armv7-m/crt0.o (__libc_init_array)
d:/rt-threadstudio/platform/env_released/env/tools/gnu_gcc/arm_gcc/mingw/bin/../lib/gcc/arm-none-eabi/5.4.1/../../../../arm-none-eabi/lib/armv7-m\libc.a(lib_a-__call_atexit.o)
                              d:/rt-threadstudio/platform/env_released/env/tools/gnu_gcc/arm_gcc/mingw/bin/../lib/gcc/arm-none-eabi/5.4.1/../../../../arm-none-eabi/lib/armv7-m\libc.a(lib_a-exit.o) (__call_exitprocs)
d:/rt-threadstudio/platform/env_released/env/tools/gnu_gcc/arm_gcc/mingw/bin/../lib/gcc/arm-none-eabi/5.4.1/../../../../arm-none-eabi/lib/armv7-m\libc.a(lib_a-atexit.o)
                              d:/rt-threadstudio/platform/env_released/env/tools/gnu_gcc/arm_gcc/mingw/bin/../lib/gcc/arm-none-eabi/5.4.1/../../../../arm-none-eabi/lib/armv7-m\libc.a(lib_a-__call_atexit.o) (atexit)
d:/rt-threadstudio/platform/env_released/env/tools/gnu_gcc/arm_gcc/mingw/bin/../lib/gcc/arm-none-eabi/5.4.1/../../../../arm-none-eabi/lib/armv7-m\libc.a(lib_a-fini.o)
                              d:/rt-threadstudio/platform/env_released/env/tools/gnu_gcc/arm_gcc/mingw/bin/../lib/gcc/arm-none-eabi/5.4.1/../../../../arm-none-eabi/lib/armv7-m\libc.a(lib_a-__call_atexit.o) (__libc_fini_array)
d:/rt-threadstudio/platform/env_released/env/tools/gnu_gcc/arm_gcc/mingw/bin/../lib/gcc/arm-none-eabi/5.4.1/../../../../arm-none-eabi/lib/armv7-m\libc.a(lib_a-__atexit.o)
                              d:/rt-threadstudio/platform/env_released/env/tools/gnu_gcc/arm_gcc/mingw/bin/../lib/gcc/arm-none-eabi/5.4.1/../../../../arm-none-eabi/lib/armv7-m\libc.a(lib_a-atexit.o) (__register_exitproc)
d:/rt-threadstudio/platform/env_released/env/tools/gnu_gcc/arm_gcc/mingw/bin/../lib/gcc/arm-none-eabi/5.4.1/armv7-m\libgcc.a(_arm_addsubdf3.o)
                              ./rt-thread/components/libc/compilers/minilibc/math.o (__aeabi_dsub)
d:/rt-threadstudio/platform/env_released/env/tools/gnu_gcc/arm_gcc/mingw/bin/../lib/gcc/arm-none-eabi/5.4.1/armv7-m\libgcc.a(_arm_muldivdf3.o)
                              ./rt-thread/components/libc/compilers/minilibc/math.o (__aeabi_dmul)
d:/rt-threadstudio/platform/env_released/env/tools/gnu_gcc/arm_gcc/mingw/bin/../lib/gcc/arm-none-eabi/5.4.1/armv7-m\libgcc.a(_arm_fixdfsi.o)
                              ./rt-thread/components/libc/compilers/minilibc/math.o (__aeabi_d2iz)
d:/rt-threadstudio/platform/env_released/env/tools/gnu_gcc/arm_gcc/mingw/bin/../lib/gcc/arm-none-eabi/5.4.1/armv7-m\libgcc.a(_arm_addsubsf3.o)
                              ./rt-thread/components/drivers/hwtimer/hwtimer.o (__aeabi_fsub)
d:/rt-threadstudio/platform/env_released/env/tools/gnu_gcc/arm_gcc/mingw/bin/../lib/gcc/arm-none-eabi/5.4.1/armv7-m\libgcc.a(_arm_muldivsf3.o)
                              ./rt-thread/components/drivers/hwtimer/hwtimer.o (__aeabi_fmul)
d:/rt-threadstudio/platform/env_released/env/tools/gnu_gcc/arm_gcc/mingw/bin/../lib/gcc/arm-none-eabi/5.4.1/armv7-m\libgcc.a(_arm_cmpsf2.o)
                              ./rt-thread/components/drivers/hwtimer/hwtimer.o (__aeabi_fcmpeq)
d:/rt-threadstudio/platform/env_released/env/tools/gnu_gcc/arm_gcc/mingw/bin/../lib/gcc/arm-none-eabi/5.4.1/armv7-m\libgcc.a(_arm_fixsfsi.o)
                              ./rt-thread/components/drivers/hwtimer/hwtimer.o (__aeabi_f2iz)
d:/rt-threadstudio/platform/env_released/env/tools/gnu_gcc/arm_gcc/mingw/bin/../lib/gcc/arm-none-eabi/5.4.1/armv7-m\libgcc.a(_arm_fixunssfsi.o)
                              ./rt-thread/components/drivers/hwtimer/hwtimer.o (__aeabi_f2uiz)

Allocating common symbols
Common symbol       size              file

pxMBFrameCBTransmitterEmpty
                    0x4               ./packages/freemodbus-latest/modbus/mb.o
rt_interrupt_to_thread
                    0x4               ./rt-thread/libcpu/arm/cortex-m3/cpuport.o
rt_interrupt_from_thread
[...]
Memory Configuration

Name             Origin             Length             Attributes
ROM              0x08000000         0x00040000         xr
RAM              0x20000000         0x00010000         rw
*default*        0x00000000         0xffffffff

Linker script and memory map

LOAD d:/rt-threadstudio/platform/env_released/env/tools/gnu_gcc/arm_gcc/mingw/bin/../lib/gcc/arm-none-eabi/5.4.1/armv7-m/crti.o
LOAD d:/rt-threadstudio/platform/env_released/env/tools/gnu_gcc/arm_gcc/mingw/bin/../lib/gcc/arm-none-eabi/5.4.1/armv7-m/crtbegin.o
LOAD d:/rt-threadstudio/platform/env_released/env/tools/gnu_gcc/arm_gcc/mingw/bin/../lib/gcc/arm-none-eabi/5.4.1/../../../../arm-none-eabi/lib/armv7-m/crt0.o
LOAD ./rt-thread/src/clock.o
LOAD ./rt-thread/src/components.o
LOAD ./rt-thread/src/device.o
LOAD ./rt-thread/src/idle.o
LOAD ./rt-thread/src/ipc.o
LOAD ./rt-thread/src/irq.o
LOAD ./rt-thread/src/kservice.o
LOAD ./rt-thread/src/mem.o
LOAD ./rt-thread/src/mempool.o
LOAD ./rt-thread/src/object.o
LOAD ./rt-thread/src/scheduler.o
LOAD ./rt-thread/src/signal.o
LOAD ./rt-thread/src/thread.o
LOAD ./rt-thread/src/timer.o
LOAD ./rt-thread/libcpu/arm/cortex-m3/context_gcc.o
LOAD ./rt-thread/libcpu/arm/cortex-m3/cpuport.o
LOAD ./rt-thread/libcpu/arm/common/backtrace.o
LOAD ./rt-thread/libcpu/arm/common/div0.o
LOAD ./rt-thread/libcpu/arm/common/showmem.o
LOAD ./rt-thread/components/libc/compilers/minilibc/ctype.o
LOAD ./rt-thread/components/libc/compilers/minilibc/math.o
LOAD ./rt-thread/components/libc/compilers/minilibc/qsort.o
LOAD ./rt-thread/components/libc/compilers/minilibc/rand.o
LOAD ./rt-thread/components/libc/compilers/minilibc/stdlib.o
LOAD ./rt-thread/components/libc/compilers/minilibc/string.o
LOAD ./rt-thread/components/libc/compilers/minilibc/time.o
LOAD ./rt-thread/components/finsh/cmd.o
LOAD ./rt-thread/components/finsh/msh.o
LOAD ./rt-thread/components/finsh/shell.o
LOAD ./rt-thread/components/drivers/src/completion.o
LOAD ./rt-thread/components/drivers/src/dataqueue.o
LOAD ./rt-thread/components/drivers/src/pipe.o
LOAD ./rt-thread/components/drivers/src/ringblk_buf.o
LOAD ./rt-thread/components/drivers/src/ringbuffer.o
LOAD ./rt-thread/components/drivers/src/waitqueue.o
LOAD ./rt-thread/components/drivers/src/workqueue.o
LOAD ./rt-thread/components/drivers/serial/serial.o
LOAD ./rt-thread/components/drivers/misc/pin.o
LOAD ./rt-thread/components/drivers/hwtimer/hwtimer.o
LOAD ./packages/freemodbus-latest/port/port.o
LOAD ./packages/freemodbus-latest/port/portevent.o
LOAD ./packages/freemodbus-latest/port/portserial.o
LOAD ./packages/freemodbus-latest/port/porttimer.o
LOAD ./packages/freemodbus-latest/port/user_mb_app.o
LOAD ./packages/freemodbus-latest/modbus/rtu/mbcrc.o
LOAD ./packages/freemodbus-latest/modbus/rtu/mbrtu.o
LOAD ./packages/freemodbus-latest/modbus/functions/mbfunccoils.o
LOAD ./packages/freemodbus-latest/modbus/functions/mbfuncdiag.o
LOAD ./packages/freemodbus-latest/modbus/functions/mbfuncdisc.o
LOAD ./packages/freemodbus-latest/modbus/functions/mbfuncholding.o
LOAD ./packages/freemodbus-latest/modbus/functions/mbfuncinput.o
LOAD ./packages/freemodbus-latest/modbus/functions/mbfuncother.o
LOAD ./packages/freemodbus-latest/modbus/functions/mbutils.o
LOAD ./packages/freemodbus-latest/modbus/mb.o
LOAD ./libraries/STM32F1xx_HAL_Driver/Src/Legacy/stm32f1xx_hal_can.o
LOAD ./libraries/STM32F1xx_HAL_Driver/Src/stm32f1xx_hal.o
LOAD ./libraries/STM32F1xx_HAL_Driver/Src/stm32f1xx_hal_adc.o
LOAD ./libraries/STM32F1xx_HAL_Driver/Src/stm32f1xx_hal_adc_ex.o
LOAD ./libraries/STM32F1xx_HAL_Driver/Src/stm32f1xx_hal_can.o
LOAD ./libraries/STM32F1xx_HAL_Driver/Src/stm32f1xx_hal_cec.o
LOAD ./libraries/STM32F1xx_HAL_Driver/Src/stm32f1xx_hal_cortex.o
LOAD ./libraries/STM32F1xx_HAL_Driver/Src/stm32f1xx_hal_crc.o
LOAD ./libraries/STM32F1xx_HAL_Driver/Src/stm32f1xx_hal_dac.o
LOAD ./libraries/STM32F1xx_HAL_Driver/Src/stm32f1xx_hal_dac_ex.o
LOAD ./libraries/STM32F1xx_HAL_Driver/Src/stm32f1xx_hal_dma.o
LOAD ./libraries/STM32F1xx_HAL_Driver/Src/stm32f1xx_hal_eth.o
LOAD ./libraries/STM32F1xx_HAL_Driver/Src/stm32f1xx_hal_exti.o
LOAD ./libraries/STM32F1xx_HAL_Driver/Src/stm32f1xx_hal_flash.o
LOAD ./libraries/STM32F1xx_HAL_Driver/Src/stm32f1xx_hal_flash_ex.o
LOAD ./libraries/STM32F1xx_HAL_Driver/Src/stm32f1xx_hal_gpio.o
LOAD ./libraries/STM32F1xx_HAL_Driver/Src/stm32f1xx_hal_gpio_ex.o
LOAD ./libraries/STM32F1xx_HAL_Driver/Src/stm32f1xx_hal_hcd.o
LOAD ./libraries/STM32F1xx_HAL_Driver/Src/stm32f1xx_hal_i2c.o
LOAD ./libraries/STM32F1xx_HAL_Driver/Src/stm32f1xx_hal_i2s.o
LOAD ./libraries/STM32F1xx_HAL_Driver/Src/stm32f1xx_hal_irda.o
LOAD ./libraries/STM32F1xx_HAL_Driver/Src/stm32f1xx_hal_iwdg.o
LOAD ./libraries/STM32F1xx_HAL_Driver/Src/stm32f1xx_hal_mmc.o
LOAD ./libraries/STM32F1xx_HAL_Driver/Src/stm32f1xx_hal_nand.o
LOAD ./libraries/STM32F1xx_HAL_Driver/Src/stm32f1xx_hal_nor.o
LOAD ./libraries/STM32F1xx_HAL_Driver/Src/stm32f1xx_hal_pccard.o
LOAD ./libraries/STM32F1xx_HAL_Driver/Src/stm32f1xx_hal_pcd.o
LOAD ./libraries/STM32F1xx_HAL_Driver/Src/stm32f1xx_hal_pcd_ex.o
LOAD ./libraries/STM32F1xx_HAL_Driver/Src/stm32f1xx_hal_pwr.o
LOAD ./libraries/STM32F1xx_HAL_Driver/Src/stm32f1xx_hal_rcc.o
LOAD ./libraries/STM32F1xx_HAL_Driver/Src/stm32f1xx_hal_rcc_ex.o
LOAD ./libraries/STM32F1xx_HAL_Driver/Src/stm32f1xx_hal_rtc.o
LOAD ./libraries/STM32F1xx_HAL_Driver/Src/stm32f1xx_hal_rtc_ex.o
LOAD ./libraries/STM32F1xx_HAL_Driver/Src/stm32f1xx_hal_sd.o
LOAD ./libraries/STM32F1xx_HAL_Driver/Src/stm32f1xx_hal_smartcard.o
LOAD ./libraries/STM32F1xx_HAL_Driver/Src/stm32f1xx_hal_spi.o
LOAD ./libraries/STM32F1xx_HAL_Driver/Src/stm32f1xx_hal_sram.o
LOAD ./libraries/STM32F1xx_HAL_Driver/Src/stm32f1xx_hal_tim.o
LOAD ./libraries/STM32F1xx_HAL_Driver/Src/stm32f1xx_hal_tim_ex.o
LOAD ./libraries/STM32F1xx_HAL_Driver/Src/stm32f1xx_hal_uart.o
LOAD ./libraries/STM32F1xx_HAL_Driver/Src/stm32f1xx_hal_usart.o
LOAD ./libraries/STM32F1xx_HAL_Driver/Src/stm32f1xx_hal_wwdg.o
LOAD ./libraries/CMSIS/Device/ST/STM32F1xx/Source/Templates/gcc/startup_stm32f103xe.o
LOAD ./libraries/CMSIS/Device/ST/STM32F1xx/Source/Templates/system_stm32f1xx.o
LOAD ./drivers/board.o
LOAD ./drivers/drv_adc.o
LOAD ./drivers/drv_common.o
LOAD ./drivers/drv_eth.o
LOAD ./drivers/drv_flash_f1.o
LOAD ./drivers/drv_gpio.o
LOAD ./drivers/drv_hwtimer.o
LOAD ./drivers/drv_pwm.o
LOAD ./drivers/drv_qspi.o
LOAD ./drivers/drv_rtc.o
LOAD ./drivers/drv_sdio.o
LOAD ./drivers/drv_soft_i2c.o
LOAD ./drivers/drv_spi.o
LOAD ./drivers/drv_usart.o
LOAD ./drivers/drv_usbd.o
LOAD ./drivers/drv_usbh.o
LOAD ./drivers/drv_wdt.o
LOAD ./applications/Timer/Time.o
LOAD ./applications/RS422/RS422.o
LOAD ./applications/RS232/RS232.o
LOAD ./applications/ADC7367/ADC7367.o
LOAD ./applications/main.o
LOAD d:/rt-threadstudio/platform/env_released/env/tools/gnu_gcc/arm_gcc/mingw/bin/../lib/gcc/arm-none-eabi/5.4.1/../../../../arm-none-eabi/lib/armv7-m\libc.a
LOAD d:/rt-threadstudio/platform/env_released/env/tools/gnu_gcc/arm_gcc/mingw/bin/../lib/gcc/arm-none-eabi/5.4.1/../../../../arm-none-eabi/lib/armv7-m\libm.a
START GROUP
LOAD d:/rt-threadstudio/platform/env_released/env/tools/gnu_gcc/arm_gcc/mingw/bin/../lib/gcc/arm-none-eabi/5.4.1/armv7-m\libgcc.a
LOAD d:/rt-threadstudio/platform/env_released/env/tools/gnu_gcc/arm_gcc/mingw/bin/../lib/gcc/arm-none-eabi/5.4.1/../../../../arm-none-eabi/lib/armv7-m\libg.a
LOAD d:/rt-threadstudio/platform/env_released/env/tools/gnu_gcc/arm_gcc/mingw/bin/../lib/gcc/arm-none-eabi/5.4.1/../../../../arm-none-eabi/lib/armv7-m\libc.a
END GROUP
LOAD d:/rt-threadstudio/platform/env_released/env/tools/gnu_gcc/arm_gcc/mingw/bin/../lib/gcc/arm-none-eabi/5.4.1/armv7-m/crtend.o
LOAD d:/rt-threadstudio/platform/env_released/env/tools/gnu_gcc/arm_gcc/mingw/bin/../lib/gcc/arm-none-eabi/5.4.1/armv7-m/crtn.o
                0x00000200                _system_stack_size = 0x200

.text           0x08000000    0x10e14
                0x08000000                . = ALIGN (0x4)
                0x08000000                _stext = .
 *(.isr_vector)
 .isr_vector    0x08000000      0x1e4 ./libraries/CMSIS/Device/ST/STM32F1xx/Source/Templates/gcc/startup_stm32f103xe.o
                0x08000000                g_pfnVectors
                0x080001e4                . = ALIGN (0x4)
 *(.text)
 .text          0x080001e4       0x5c d:/rt-threadstudio/platform/env_released/env/tools/gnu_gcc/arm_gcc/mingw/bin/../lib/gcc/arm-none-eabi/5.4.1/armv7-m/crtbegin.o
 .text          0x08000240      0x100 ./rt-thread/libcpu/arm/cortex-m3/context_gcc.o
                0x08000240                rt_hw_interrupt_disable
                0x08000248                rt_hw_interrupt_enable
                0x0800024e                rt_hw_context_switch_interrupt
                0x0800024e                rt_hw_context_switch
                0x0800026e                PendSV_Handler
                0x080002aa                rt_hw_context_switch_to
                0x080002e6                rt_hw_interrupt_thread_switch
                0x080002ea                HardFault_Handler
                0x08000320                rt_hw_interrupt_check
 .text          0x08000340      0x370 d:/rt-threadstudio/platform/env_released/env/tools/gnu_gcc/arm_gcc/mingw/bin/../lib/gcc/arm-none-eabi/5.4.1/armv7-m\libgcc.a(_arm_addsubdf3.o)
                0x08000340                __aeabi_drsub
                0x08000348                __aeabi_dsub
                0x08000348                __subdf3
                0x0800034c                __aeabi_dadd
                0x0800034c                __adddf3
                0x080005c4                __floatunsidf
                0x080005c4                __aeabi_ui2d
                0x080005e4                __floatsidf
                0x080005e4                __aeabi_i2d
                0x08000608                __aeabi_f2d
                0x08000608                __extendsfdf2
                0x08000644                __floatundidf
                0x08000644                __aeabi_ul2d
                0x08000654                __floatdidf
                0x08000654                __aeabi_l2d
 .text          0x080006b0      0x424 d:/rt-threadstudio/platform/env_released/env/tools/gnu_gcc/arm_gcc/mingw/bin/../lib/gcc/arm-none-eabi/5.4.1/armv7-m\libgcc.a(_arm_muldivdf3.o)
                0x080006b0                __aeabi_dmul
                0x080006b0                __muldf3
                0x08000904                __divdf3
                0x08000904                __aeabi_ddiv
 .text          0x08000ad4       0x50 d:/rt-threadstudio/platform/env_released/env/tools/gnu_gcc/arm_gcc/mingw/bin/../lib/gcc/arm-none-eabi/5.4.1/armv7-m\libgcc.a(_arm_fixdfsi.o)
                0x08000ad4                __aeabi_d2iz
                0x08000ad4                __fixdfsi
 .text          0x08000b24      0x21c d:/rt-threadstudio/platform/env_released/env/tools/gnu_gcc/arm_gcc/mingw/bin/../lib/gcc/arm-none-eabi/5.4.1/armv7-m\libgcc.a(_arm_addsubsf3.o)
                0x08000b24                __aeabi_frsub
                0x08000b2c                __subsf3
                0x08000b2c                __aeabi_fsub
                0x08000b30                __aeabi_fadd
                0x08000b30                __addsf3
                0x08000c90                __aeabi_ui2f
                0x08000c90                __floatunsisf
                0x08000c98                __aeabi_i2f
                0x08000c98                __floatsisf
                0x08000cb4                __aeabi_ul2f
                0x08000cb4                __floatundisf
                0x08000cc4                __aeabi_l2f
                0x08000cc4                __floatdisf
 .text          0x08000d40      0x2a0 d:/rt-threadstudio/platform/env_released/env/tools/gnu_gcc/arm_gcc/mingw/bin/../lib/gcc/arm-none-eabi/5.4.1/armv7-m\libgcc.a(_arm_muldivsf3.o)
                0x08000d40                __mulsf3
                0x08000d40                __aeabi_fmul
                0x08000ea8                __aeabi_fdiv
                0x08000ea8                __divsf3
 .text          0x08000fe0       0xec d:/rt-threadstudio/platform/env_released/env/tools/gnu_gcc/arm_gcc/mingw/bin/../lib/gcc/arm-none-eabi/5.4.1/armv7-m\libgcc.a(_arm_cmpsf2.o)
                0x08000fe0                __gesf2
                0x08000fe0                __gtsf2
                0x08000fe8                __lesf2
                0x08000fe8                __ltsf2
                0x08000ff0                __nesf2
                0x08000ff0                __eqsf2
                0x08000ff0                __cmpsf2
                0x08001050                __aeabi_cfrcmple
                0x08001058                __aeabi_cfcmpeq
                0x08001058                __aeabi_cfcmple
                0x08001068                __aeabi_fcmpeq
                0x0800107c                __aeabi_fcmplt
                0x08001090                __aeabi_fcmple
                0x080010a4                __aeabi_fcmpge
                0x080010b8                __aeabi_fcmpgt
 .text          0x080010cc       0x4c d:/rt-threadstudio/platform/env_released/env/tools/gnu_gcc/arm_gcc/mingw/bin/../lib/gcc/arm-none-eabi/5.4.1/armv7-m\libgcc.a(_arm_fixsfsi.o)
                0x080010cc                __aeabi_f2iz
                0x080010cc                __fixsfsi
 .text          0x08001118       0x40 d:/rt-threadstudio/platform/env_released/env/tools/gnu_gcc/arm_gcc/mingw/bin/../lib/gcc/arm-none-eabi/5.4.1/armv7-m\libgcc.a(_arm_fixunssfsi.o)
                0x08001118                __fixunssfsi
                0x08001118                __aeabi_f2uiz
 *(.text.*)
 .text.rt_tick_get
                0x08001158       0x14 ./rt-thread/src/clock.o
                0x08001158                rt_tick_get
 .text.rt_tick_increase
                0x0800116c       0x58 ./rt-thread/src/clock.o
                0x0800116c                rt_tick_increase
 .text.rt_tick_from_millisecond
                0x080011c4       0x78 ./rt-thread/src/clock.o
                0x080011c4                rt_tick_from_millisecond
 .text.rti_start
                0x0800123c       0x10 ./rt-thread/src/components.o
 .text.rti_board_start
                0x0800124c       0x10 ./rt-thread/src/components.o
 .text.rti_board_end
                0x0800125c       0x10 ./rt-thread/src/components.o
 .text.rti_end  0x0800126c       0x10 ./rt-thread/src/components.o
 .text.rt_components_board_init
                0x0800127c       0x30 ./rt-thread/src/components.o
                0x0800127c                rt_components_board_init
 .text.rt_components_init
                0x080012ac       0x30 ./rt-thread/src/components.o
                0x080012ac                rt_components_init
 .text.entry    0x080012dc       0x10 ./rt-thread/src/components.o
                0x080012dc                entry
 .text.main_thread_entry
                0x080012ec       0x18 ./rt-thread/src/components.o
                0x080012ec                main_thread_entry
 .text.rt_application_init
                0x08001304       0x4c ./rt-thread/src/components.o
                0x08001304                rt_application_init
 .text.rtthread_startup
                0x08001350       0x30 ./rt-thread/src/components.o
                0x08001350                rtthread_startup
 .text.rt_device_register
                0x08001380       0x54 ./rt-thread/src/device.o
                0x08001380                rt_device_register
 .text.rt_device_find
                0x080013d4       0x90 ./rt-thread/src/device.o
                0x080013d4                rt_device_find
 .text.rt_device_open
                0x08001464      0x11c ./rt-thread/src/device.o
                0x08001464                rt_device_open
 .text.rt_device_close
                0x08001580       0x9c ./rt-thread/src/device.o
                0x08001580                rt_device_close
 .text.rt_device_read
                0x0800161c       0x88 ./rt-thread/src/device.o
                0x0800161c                rt_device_read
 .text.rt_device_write
                0x080016a4       0x88 ./rt-thread/src/device.o
                0x080016a4                rt_device_write
 .text.rt_device_set_rx_indicate
                0x0800172c       0x54 ./rt-thread/src/device.o
                0x0800172c                rt_device_set_rx_indicate
 .text.rt_list_remove
                0x08001780       0x34 ./rt-thread/src/idle.o
 .text._has_defunct_thread
                0x080017b4       0x28 ./rt-thread/src/idle.o
 .text.rt_thread_idle_excute
                0x080017dc       0xc8 ./rt-thread/src/idle.o
                0x080017dc                rt_thread_idle_excute
 .text.rt_thread_idle_entry
                0x080018a4       0x3c ./rt-thread/src/idle.o
 .text.rt_thread_idle_init
                0x080018e0       0x74 ./rt-thread/src/idle.o
                0x080018e0                rt_thread_idle_init
 .text.rt_list_init
                0x08001954       0x20 ./rt-thread/src/ipc.o
 .text.rt_list_insert_before
                0x08001974       0x30 ./rt-thread/src/ipc.o
 .text.rt_list_isempty
                0x080019a4       0x24 ./rt-thread/src/ipc.o
 .text.rt_ipc_object_init
                0x080019c8       0x1c ./rt-thread/src/ipc.o
 .text.rt_ipc_list_suspend
                0x080019e4       0x90 ./rt-thread/src/ipc.o
 .text.rt_ipc_list_resume
                0x08001a74       0x20 ./rt-thread/src/ipc.o
 .text.rt_sem_init
                0x08001a94       0x68 ./rt-thread/src/ipc.o
                0x08001a94                rt_sem_init
 .text.rt_sem_take
                0x08001afc      0x160 ./rt-thread/src/ipc.o
                0x08001afc                rt_sem_take
 .text.rt_sem_release
                0x08001c5c       0xa0 ./rt-thread/src/ipc.o
                0x08001c5c                rt_sem_release
 .text.rt_event_init
                0x08001cfc       0x54 ./rt-thread/src/ipc.o
                0x08001cfc                rt_event_init
 .text.rt_event_send
                0x08001d50      0x148 ./rt-thread/src/ipc.o
                0x08001d50                rt_event_send
 .text.rt_event_recv
                0x08001e98      0x1fc ./rt-thread/src/ipc.o
                0x08001e98                rt_event_recv
 .text.rt_interrupt_enter
                0x08002094       0x40 ./rt-thread/src/irq.o
                0x08002094                rt_interrupt_enter
 .text.rt_interrupt_leave
                0x080020d4       0x40 ./rt-thread/src/irq.o
                0x080020d4                rt_interrupt_leave
 .text.rt_interrupt_get_nest
                0x08002114       0x28 ./rt-thread/src/irq.o
                0x08002114                rt_interrupt_get_nest
 .text.rt_set_errno
                0x0800213c       0x40 ./rt-thread/src/kservice.o
                0x0800213c                rt_set_errno
 .text.rt_memset
                0x0800217c       0xb4 ./rt-thread/src/kservice.o
                0x0800217c                rt_memset
                0x0800217c                memset
 .text.rt_memcpy
                0x08002230       0xd0 ./rt-thread/src/kservice.o
                0x08002230                rt_memcpy
                0x08002230                memcpy
 .text.rt_memmove
                0x08002300       0x80 ./rt-thread/src/kservice.o
                0x08002300                rt_memmove
                0x08002300                memmove
 .text.rt_memcmp
                0x08002380       0x58 ./rt-thread/src/kservice.o
                0x08002380                rt_memcmp
                0x08002380                memcmp
 .text.rt_strncpy
                0x080023d8       0x64 ./rt-thread/src/kservice.o
                0x080023d8                rt_strncpy
 .text.rt_strncmp
                0x0800243c       0x4c ./rt-thread/src/kservice.o
                0x0800243c                rt_strncmp
 .text.rt_strlen
                0x08002488       0x2c ./rt-thread/src/kservice.o
                0x08002488                strlen
                0x08002488                rt_strlen
 .text.rt_show_version
                0x080024b4       0x44 ./rt-thread/src/kservice.o
                0x080024b4                rt_show_version
 .text.divide   0x080024f8       0x68 ./rt-thread/src/kservice.o
 .text.skip_atoi
                0x08002560       0x40 ./rt-thread/src/kservice.o
 .text.print_number
                0x080025a0      0x1dc ./rt-thread/src/kservice.o
 .text.rt_vsnprintf
                0x0800277c      0x548 ./rt-thread/src/kservice.o
                0x0800277c                rt_vsnprintf
 .text.rt_snprintf
                0x08002cc4       0x30 ./rt-thread/src/kservice.o
                0x08002cc4                rt_snprintf
                0x08002cc4                snprintf
 .text.rt_vsprintf
                0x08002cf4       0x24 ./rt-thread/src/kservice.o
                0x08002cf4                rt_vsprintf
                0x08002cf4                vsprintf
 .text.rt_sprintf
                0x08002d18       0x2c ./rt-thread/src/kservice.o
                0x08002d18                sprintf
                0x08002d18                rt_sprintf
 .text.rt_console_get_device
                0x08002d44       0x14 ./rt-thread/src/kservice.o
                0x08002d44                rt_console_get_device
 .text.rt_console_set_device
                0x08002d58       0x4c ./rt-thread/src/kservice.o
                0x08002d58                rt_console_set_device
 .text.rt_hw_console_output
                0x08002da4       0x14 ./rt-thread/src/kservice.o
                0x08002da4                rt_hw_console_output
 .text.rt_kprintf
                0x08002db8       0x80 ./rt-thread/src/kservice.o
                0x08002db8                rt_kprintf
 .text.rt_assert_handler
                0x08002e38       0x4c ./rt-thread/src/kservice.o
                0x08002e38                rt_assert_handler
 .text.plug_holes
                0x08002e84      0x100 ./rt-thread/src/mem.o
 .text.rt_system_heap_init
                0x08002f84      0x118 ./rt-thread/src/mem.o
                0x08002f84                rt_system_heap_init
 .text.rt_malloc
                0x0800309c      0x294 ./rt-thread/src/mem.o
                0x0800309c                rt_malloc
 .text.rt_calloc
                0x08003330       0x3c ./rt-thread/src/mem.o
                0x08003330                rt_calloc
 .text.rt_free  0x0800336c      0x188 ./rt-thread/src/mem.o
                0x0800336c                rt_free
 .text.list_mem
                0x080034f4       0x44 ./rt-thread/src/mem.o
                0x080034f4                list_mem
 .text.rt_list_insert_after
                0x08003538       0x30 ./rt-thread/src/object.o
 .text.rt_list_remove
                0x08003568       0x34 ./rt-thread/src/object.o
 .text.rt_object_get_information
                0x0800359c       0x48 ./rt-thread/src/object.o
                0x0800359c                rt_object_get_information
 .text.rt_object_init
                0x080035e4       0xc8 ./rt-thread/src/object.o
                0x080035e4                rt_object_init
 .text.rt_object_detach
                0x080036ac       0x5c ./rt-thread/src/object.o
                0x080036ac                rt_object_detach
 .text.rt_object_allocate
                0x08003708       0xd8 ./rt-thread/src/object.o
                0x08003708                rt_object_allocate
 .text.rt_object_delete
                0x080037e0       0x7c ./rt-thread/src/object.o
                0x080037e0                rt_object_delete
 .text.rt_object_is_systemobject
                0x0800385c       0x3c ./rt-thread/src/object.o
                0x0800385c                rt_object_is_systemobject
 .text.rt_object_get_type
                0x08003898       0x34 ./rt-thread/src/object.o
                0x08003898                rt_object_get_type
 .text.rt_list_init
                0x080038cc       0x20 ./rt-thread/src/scheduler.o
 .text.rt_list_insert_before
                0x080038ec       0x30 ./rt-thread/src/scheduler.o
 .text.rt_list_remove
                0x0800391c       0x34 ./rt-thread/src/scheduler.o
 .text.rt_list_isempty
                0x08003950       0x24 ./rt-thread/src/scheduler.o
 .text._rt_scheduler_stack_check
                0x08003974       0x98 ./rt-thread/src/scheduler.o
 .text._get_highest_priority_thread
                0x08003a0c       0x38 ./rt-thread/src/scheduler.o
 .text.rt_system_scheduler_init
                0x08003a44       0x40 ./rt-thread/src/scheduler.o
                0x08003a44                rt_system_scheduler_init
 .text.rt_system_scheduler_start
                0x08003a84       0x38 ./rt-thread/src/scheduler.o
                0x08003a84                rt_system_scheduler_start
 .text.rt_schedule
                0x08003abc      0x188 ./rt-thread/src/scheduler.o
                0x08003abc                rt_schedule
 .text.rt_schedule_insert_thread
                0x08003c44       0xac ./rt-thread/src/scheduler.o
                0x08003c44                rt_schedule_insert_thread
 .text.rt_schedule_remove_thread
                0x08003cf0       0x70 ./rt-thread/src/scheduler.o
                0x08003cf0                rt_schedule_remove_thread
 .text.rt_enter_critical
                0x08003d60       0x2c ./rt-thread/src/scheduler.o
                0x08003d60                rt_enter_critical
 .text.rt_exit_critical
                0x08003d8c       0x54 ./rt-thread/src/scheduler.o
                0x08003d8c                rt_exit_critical
 .text.rt_list_init
                0x08003de0       0x20 ./rt-thread/src/thread.o
 .text.rt_list_insert_after
                0x08003e00       0x30 ./rt-thread/src/thread.o
 .text.rt_list_remove
                0x08003e30       0x34 ./rt-thread/src/thread.o
 .text.rt_thread_exit
                0x08003e64       0x68 ./rt-thread/src/thread.o
                0x08003e64                rt_thread_exit
 .text._rt_thread_init
                0x08003ecc       0xf8 ./rt-thread/src/thread.o
 .text.rt_thread_init
                0x08003fc4       0x6c ./rt-thread/src/thread.o
                0x08003fc4                rt_thread_init
 .text.rt_thread_self
                0x08004030       0x14 ./rt-thread/src/thread.o
                0x08004030                rt_thread_self
 .text.rt_thread_startup
                0x08004044       0xa0 ./rt-thread/src/thread.o
                0x08004044                rt_thread_startup
 .text.rt_thread_create
                0x080040e4       0x64 ./rt-thread/src/thread.o
                0x080040e4                rt_thread_create
 .text.rt_thread_delete
                0x08004148       0xa8 ./rt-thread/src/thread.o
                0x08004148                rt_thread_delete
 .text.rt_thread_yield
                0x080041f0       0x10 ./rt-thread/src/thread.o
                0x080041f0                rt_thread_yield
 .text.rt_thread_sleep
                0x08004200       0x8c ./rt-thread/src/thread.o
                0x08004200                rt_thread_sleep
 .text.rt_thread_delay
                0x0800428c       0x18 ./rt-thread/src/thread.o
                0x0800428c                rt_thread_delay
 .text.rt_thread_mdelay
                0x080042a4       0x20 ./rt-thread/src/thread.o
                0x080042a4                rt_thread_mdelay
 .text.rt_thread_suspend
                0x080042c4       0xcc ./rt-thread/src/thread.o
                0x080042c4                rt_thread_suspend
 .text.rt_thread_resume
                0x08004390       0x98 ./rt-thread/src/thread.o
                0x08004390                rt_thread_resume
 .text.rt_thread_timeout
                0x08004428       0x84 ./rt-thread/src/thread.o
                0x08004428                rt_thread_timeout
 .text.rt_list_init
                0x080044ac       0x20 ./rt-thread/src/timer.o
 .text.rt_list_insert_after
                0x080044cc       0x30 ./rt-thread/src/timer.o
 .text.rt_list_remove
                0x080044fc       0x34 ./rt-thread/src/timer.o
 .text.rt_list_isempty
                0x08004530       0x24 ./rt-thread/src/timer.o
 .text._rt_timer_init
                0x08004554       0x68 ./rt-thread/src/timer.o
 .text.rt_timer_list_next_timeout
                0x080045bc       0x30 ./rt-thread/src/timer.o
 .text._rt_timer_remove
                0x080045ec       0x34 ./rt-thread/src/timer.o
 .text.rt_timer_init
                0x08004620       0x48 ./rt-thread/src/timer.o
                0x08004620                rt_timer_init
 .text.rt_timer_detach
                0x08004668       0x7c ./rt-thread/src/timer.o
                0x08004668                rt_timer_detach
 .text.rt_timer_create
                0x080046e4       0x40 ./rt-thread/src/timer.o
                0x080046e4                rt_timer_create
 .text.rt_timer_start
                0x08004724      0x23c ./rt-thread/src/timer.o
                0x08004724                rt_timer_start
 .text.rt_timer_stop
                0x08004960       0x94 ./rt-thread/src/timer.o
                0x08004960                rt_timer_stop
 .text.rt_timer_control
                0x080049f4       0xa0 ./rt-thread/src/timer.o
                0x080049f4                rt_timer_control
 .text.rt_timer_check
                0x08004a94       0xcc ./rt-thread/src/timer.o
                0x08004a94                rt_timer_check
 .text.rt_soft_timer_check
                0x08004b60       0xd8 ./rt-thread/src/timer.o
                0x08004b60                rt_soft_timer_check
 .text.rt_thread_timer_entry
                0x08004c38       0x58 ./rt-thread/src/timer.o
 .text.rt_system_timer_init
                0x08004c90       0x34 ./rt-thread/src/timer.o
                0x08004c90                rt_system_timer_init
 .text.rt_system_timer_thread_init
                0x08004cc4       0x68 ./rt-thread/src/timer.o
                0x08004cc4                rt_system_timer_thread_init
 .text.rt_hw_stack_init
                0x08004d2c       0x88 ./rt-thread/libcpu/arm/cortex-m3/cpuport.o
                0x08004d2c                rt_hw_stack_init
 .text.usage_fault_track
                0x08004db4       0xc4 ./rt-thread/libcpu/arm/cortex-m3/cpuport.o
 .text.bus_fault_track
                0x08004e78       0xcc ./rt-thread/libcpu/arm/cortex-m3/cpuport.o
 .text.mem_manage_fault_track
                0x08004f44       0xb4 ./rt-thread/libcpu/arm/cortex-m3/cpuport.o
 .text.hard_fault_track
                0x08004ff8       0x78 ./rt-thread/libcpu/arm/cortex-m3/cpuport.o
 .text.rt_hw_hard_fault_exception
                0x08005070      0x168 ./rt-thread/libcpu/arm/cortex-m3/cpuport.o
                0x08005070                rt_hw_hard_fault_exception
 .text.rt_hw_cpu_reset
                0x080051d8       0x1c ./rt-thread/libcpu/arm/cortex-m3/cpuport.o
                0x080051d8                rt_hw_cpu_reset
 .text.__rt_ffs
                0x080051f4       0x28 ./rt-thread/libcpu/arm/cortex-m3/cpuport.o
                0x080051f4                __rt_ffs
 .text.malloc   0x0800521c       0x18 ./rt-thread/components/libc/compilers/minilibc/stdlib.o
                0x0800521c                malloc
 .text.strncpy  0x08005234       0x20 ./rt-thread/components/libc/compilers/minilibc/string.o
                0x08005234                strncpy
 .text.strncmp  0x08005254       0x4c ./rt-thread/components/libc/compilers/minilibc/string.o
                0x08005254                strncmp
 .text.rt_list_isempty
                0x080052a0       0x24 ./rt-thread/components/finsh/cmd.o
 .text.rt_list_len
                0x080052c4       0x34 ./rt-thread/components/finsh/cmd.o
 .text.hello    0x080052f8       0x14 ./rt-thread/components/finsh/cmd.o
                0x080052f8                hello
 .text.version  0x0800530c       0x10 ./rt-thread/components/finsh/cmd.o
                0x0800530c                version
 .text.object_split
                0x0800531c       0x28 ./rt-thread/components/finsh/cmd.o
 .text.list_find_init
                0x08005344       0x48 ./rt-thread/components/finsh/cmd.o
 .text.list_get_next
                0x0800538c       0xc8 ./rt-thread/components/finsh/cmd.o
 .text.list_thread
                0x08005454      0x208 ./rt-thread/components/finsh/cmd.o
                0x08005454                list_thread
 .text.show_wait_queue
                0x0800565c       0x50 ./rt-thread/components/finsh/cmd.o
 .text.list_sem
                0x080056ac      0x12c ./rt-thread/components/finsh/cmd.o
                0x080056ac                list_sem
 .text.list_event
                0x080057d8      0x118 ./rt-thread/components/finsh/cmd.o
                0x080057d8                list_event
 .text.list_mutex
                0x080058f0       0xe8 ./rt-thread/components/finsh/cmd.o
                0x080058f0                list_mutex
 .text.list_mailbox
                0x080059d8      0x13c ./rt-thread/components/finsh/cmd.o
                0x080059d8                list_mailbox
 .text.list_msgqueue
                0x08005b14      0x12c ./rt-thread/components/finsh/cmd.o
                0x08005b14                list_msgqueue
 .text.list_mempool
                0x08005c40      0x144 ./rt-thread/components/finsh/cmd.o
                0x08005c40                list_mempool
 .text.list_timer
                0x08005d84      0x108 ./rt-thread/components/finsh/cmd.o
                0x08005d84                list_timer
 .text.list_device
                0x08005e8c       0xf0 ./rt-thread/components/finsh/cmd.o
                0x08005e8c                list_device
 .text.list     0x08005f7c       0x6c ./rt-thread/components/finsh/cmd.o
                0x08005f7c                list
 .text.msh_is_used
                0x08005fe8       0x10 ./rt-thread/components/finsh/msh.o
                0x08005fe8                msh_is_used
 .text.msh_help
                0x08005ff8       0x7c ./rt-thread/components/finsh/msh.o
                0x08005ff8                msh_help
 .text.cmd_ps   0x08006074       0x18 ./rt-thread/components/finsh/msh.o
                0x08006074                cmd_ps
 .text.cmd_free
                0x0800608c       0x18 ./rt-thread/components/finsh/msh.o
                0x0800608c                cmd_free
 .text.msh_split
                0x080060a4      0x170 ./rt-thread/components/finsh/msh.o
 .text.msh_get_cmd
                0x08006214       0x80 ./rt-thread/components/finsh/msh.o
 .text._msh_exec_cmd
                0x08006294       0xd4 ./rt-thread/components/finsh/msh.o
 .text.msh_exec
                0x08006368       0x84 ./rt-thread/components/finsh/msh.o
                0x08006368                msh_exec
 .text.str_common
                0x080063ec       0x48 ./rt-thread/components/finsh/msh.o
 .text.msh_auto_complete
                0x08006434       0xd0 ./rt-thread/components/finsh/msh.o
                0x08006434                msh_auto_complete
 .text.finsh_get_prompt
                0x08006504       0xa0 ./rt-thread/components/finsh/shell.o
                0x08006504                finsh_get_prompt
 .text.finsh_set_prompt_mode
                0x080065a4       0x48 ./rt-thread/components/finsh/shell.o
                0x080065a4                finsh_set_prompt_mode
 .text.finsh_getchar
                0x080065ec       0x5c ./rt-thread/components/finsh/shell.o
 .text.finsh_rx_ind
                0x08006648       0x3c ./rt-thread/components/finsh/shell.o
 .text.finsh_set_device
                0x08006684       0xd8 ./rt-thread/components/finsh/shell.o
                0x08006684                finsh_set_device
 .text.shell_auto_complete
                0x0800675c       0x40 ./rt-thread/components/finsh/shell.o
 .text.shell_handle_history
                0x0800679c       0x34 ./rt-thread/components/finsh/shell.o
 .text.shell_push_history
                0x080067d0      0x160 ./rt-thread/components/finsh/shell.o
 .text.finsh_thread_entry
                0x08006930      0x5d8 ./rt-thread/components/finsh/shell.o
                0x08006930                finsh_thread_entry
 .text.finsh_system_function_init
                0x08006f08       0x28 ./rt-thread/components/finsh/shell.o
                0x08006f08                finsh_system_function_init
 .text.finsh_system_var_init
                0x08006f30       0x28 ./rt-thread/components/finsh/shell.o
                0x08006f30                finsh_system_var_init
 .text.finsh_system_init
                0x08006f58       0xac ./rt-thread/components/finsh/shell.o
                0x08006f58                finsh_system_init
 .text.rt_list_init
                0x08007004       0x20 ./rt-thread/components/drivers/src/completion.o
 .text.rt_list_insert_before
                0x08007024       0x30 ./rt-thread/components/drivers/src/completion.o
 .text.rt_list_isempty
                0x08007054       0x24 ./rt-thread/components/drivers/src/completion.o
 .text.rt_completion_init
                0x08007078       0x44 ./rt-thread/components/drivers/src/completion.o
                0x08007078                rt_completion_init
 .text.rt_completion_wait
                0x080070bc       0xfc ./rt-thread/components/drivers/src/completion.o
                0x080070bc                rt_completion_wait
 .text.rt_completion_done
                0x080071b8       0x70 ./rt-thread/components/drivers/src/completion.o
                0x080071b8                rt_completion_done
 .text._serial_poll_rx
                0x08007228       0x74 ./rt-thread/components/drivers/serial/serial.o
 .text._serial_poll_tx
                0x0800729c       0x7c ./rt-thread/components/drivers/serial/serial.o
 .text._serial_int_rx
                0x08007318       0xd8 ./rt-thread/components/drivers/serial/serial.o
 .text._serial_int_tx
                0x080073f0       0x90 ./rt-thread/components/drivers/serial/serial.o
 .text._serial_check_buffer_size
                0x08007480       0x38 ./rt-thread/components/drivers/serial/serial.o
 .text.rt_serial_init
                0x080074b8       0x5c ./rt-thread/components/drivers/serial/serial.o
 .text.rt_serial_open
                0x08007514      0x20c ./rt-thread/components/drivers/serial/serial.o
 .text.rt_serial_close
                0x08007720       0xe0 ./rt-thread/components/drivers/serial/serial.o
 .text.rt_serial_read
                0x08007800       0x68 ./rt-thread/components/drivers/serial/serial.o
 .text.rt_serial_write
                0x08007868       0x68 ./rt-thread/components/drivers/serial/serial.o
 .text.rt_serial_control
                0x080078d0       0xd0 ./rt-thread/components/drivers/serial/serial.o
 .text.rt_hw_serial_register
                0x080079a0       0x9c ./rt-thread/components/drivers/serial/serial.o
                0x080079a0                rt_hw_serial_register
 .text.rt_hw_serial_isr
                0x08007a3c      0x14c ./rt-thread/components/drivers/serial/serial.o
                0x08007a3c                rt_hw_serial_isr
 .text._pin_read
                0x08007b88       0x60 ./rt-thread/components/drivers/misc/pin.o
 .text._pin_write
                0x08007be8       0x5c ./rt-thread/components/drivers/misc/pin.o
 .text._pin_control
                0x08007c44       0x58 ./rt-thread/components/drivers/misc/pin.o
 .text.rt_device_pin_register
                0x08007c9c       0x74 ./rt-thread/components/drivers/misc/pin.o
                0x08007c9c                rt_device_pin_register
 .text.rt_pin_attach_irq
                0x08007d10       0x58 ./rt-thread/components/drivers/misc/pin.o
                0x08007d10                rt_pin_attach_irq
 .text.rt_pin_irq_enable
                0x08007d68       0x50 ./rt-thread/components/drivers/misc/pin.o
                0x08007d68                rt_pin_irq_enable
 .text.rt_pin_mode
                0x08007db8       0x40 ./rt-thread/components/drivers/misc/pin.o
                0x08007db8                rt_pin_mode
 .text.rt_pin_write
                0x08007df8       0x40 ./rt-thread/components/drivers/misc/pin.o
                0x08007df8                rt_pin_write
 .text.rt_pin_read
                0x08007e38       0x3c ./rt-thread/components/drivers/misc/pin.o
                0x08007e38                rt_pin_read
 .text.timeout_calc
                0x08007e74      0x1d4 ./rt-thread/components/drivers/hwtimer/hwtimer.o
 .text.rt_hwtimer_init
                0x08008048       0x80 ./rt-thread/components/drivers/hwtimer/hwtimer.o
 .text.rt_hwtimer_open
                0x080080c8       0x40 ./rt-thread/components/drivers/hwtimer/hwtimer.o
 .text.rt_hwtimer_close
                0x08008108       0x4c ./rt-thread/components/drivers/hwtimer/hwtimer.o
 .text.rt_hwtimer_read
                0x08008154      0x10c ./rt-thread/components/drivers/hwtimer/hwtimer.o
 .text.rt_hwtimer_write
                0x08008260       0x8c ./rt-thread/components/drivers/hwtimer/hwtimer.o
 .text.rt_hwtimer_control
                0x080082ec      0x124 ./rt-thread/components/drivers/hwtimer/hwtimer.o
 .text.rt_device_hwtimer_isr
                0x08008410       0x88 ./rt-thread/components/drivers/hwtimer/hwtimer.o
                0x08008410                rt_device_hwtimer_isr
 .text.rt_device_hwtimer_register
                0x08008498       0xc4 ./rt-thread/components/drivers/hwtimer/hwtimer.o
                0x08008498                rt_device_hwtimer_register
 .text.EnterCriticalSection
                0x0800855c        0xc ./packages/freemodbus-latest/port/port.o
                0x0800855c                EnterCriticalSection
 .text.ExitCriticalSection
                0x08008568        0xc ./packages/freemodbus-latest/port/port.o
                0x08008568                ExitCriticalSection
 .text.xMBPortEventInit
                0x08008574       0x1c ./packages/freemodbus-latest/port/portevent.o
                0x08008574                xMBPortEventInit
 .text.xMBPortEventPost
                0x08008590       0x24 ./packages/freemodbus-latest/port/portevent.o
                0x08008590                xMBPortEventPost
 .text.xMBPortEventGet
                0x080085b4       0x7c ./packages/freemodbus-latest/port/portevent.o
                0x080085b4                xMBPortEventGet
 .text.xMBPortSerialInit
                0x08008630      0x17c ./packages/freemodbus-latest/port/portserial.o
                0x08008630                xMBPortSerialInit
 .text.vMBPortSerialEnable
                0x080087ac       0x84 ./packages/freemodbus-latest/port/portserial.o
                0x080087ac                vMBPortSerialEnable
 .text.xMBPortSerialPutByte
                0x08008830       0x2c ./packages/freemodbus-latest/port/portserial.o
                0x08008830                xMBPortSerialPutByte
 .text.xMBPortSerialGetByte
                0x0800885c       0x2c ./packages/freemodbus-latest/port/portserial.o
                0x0800885c                xMBPortSerialGetByte
 .text.prvvUARTTxReadyISR
                0x08008888       0x14 ./packages/freemodbus-latest/port/portserial.o
 .text.prvvUARTRxISR
                0x0800889c       0x14 ./packages/freemodbus-latest/port/portserial.o
 .text.serial_soft_trans_irq
                0x080088b0       0x28 ./packages/freemodbus-latest/port/portserial.o
 .text.serial_rx_ind
                0x080088d8       0x18 ./packages/freemodbus-latest/port/portserial.o
 .text.xMBPortTimersInit
                0x080088f0       0x50 ./packages/freemodbus-latest/port/porttimer.o
                0x080088f0                xMBPortTimersInit
 .text.vMBPortTimersEnable
                0x08008940       0x14 ./packages/freemodbus-latest/port/porttimer.o
                0x08008940                vMBPortTimersEnable
 .text.vMBPortTimersDisable
                0x08008954       0x14 ./packages/freemodbus-latest/port/porttimer.o
                0x08008954                vMBPortTimersDisable
 .text.prvvTIMERExpiredISR
                0x08008968       0x14 ./packages/freemodbus-latest/port/porttimer.o
 .text.timer_timeout_ind
                0x0800897c       0x14 ./packages/freemodbus-latest/port/porttimer.o
 .text.eMBRegInputCB
                0x08008990       0xa8 ./packages/freemodbus-latest/port/user_mb_app.o
                0x08008990                eMBRegInputCB
 .text.eMBRegHoldingCB
                0x08008a38      0x10c ./packages/freemodbus-latest/port/user_mb_app.o
                0x08008a38                eMBRegHoldingCB
 .text.eMBRegCoilsCB
                0x08008b44      0x15c ./packages/freemodbus-latest/port/user_mb_app.o
                0x08008b44                eMBRegCoilsCB
 .text.eMBRegDiscreteCB
                0x08008ca0       0xe8 ./packages/freemodbus-latest/port/user_mb_app.o
                0x08008ca0                eMBRegDiscreteCB
 .text.usMBCRC16
                0x08008d88       0x6c ./packages/freemodbus-latest/modbus/rtu/mbcrc.o
                0x08008d88                usMBCRC16
 .text.eMBRTUInit
                0x08008df4       0x78 ./packages/freemodbus-latest/modbus/rtu/mbrtu.o
                0x08008df4                eMBRTUInit
 .text.eMBRTUStart
                0x08008e6c       0x28 ./packages/freemodbus-latest/modbus/rtu/mbrtu.o
                0x08008e6c                eMBRTUStart
 .text.eMBRTUStop
                0x08008e94       0x1c ./packages/freemodbus-latest/modbus/rtu/mbrtu.o
                0x08008e94                eMBRTUStop
 .text.eMBRTUReceive
                0x08008eb0       0x90 ./packages/freemodbus-latest/modbus/rtu/mbrtu.o
                0x08008eb0                eMBRTUReceive
 .text.eMBRTUSend
                0x08008f40       0xc8 ./packages/freemodbus-latest/modbus/rtu/mbrtu.o
                0x08008f40                eMBRTUSend
 .text.xMBRTUReceiveFSM
                0x08009008       0xcc ./packages/freemodbus-latest/modbus/rtu/mbrtu.o
                0x08009008                xMBRTUReceiveFSM
 .text.xMBRTUTransmitFSM
                0x080090d4       0xa8 ./packages/freemodbus-latest/modbus/rtu/mbrtu.o
                0x080090d4                xMBRTUTransmitFSM
 .text.xMBRTUTimerT35Expired
                0x0800917c       0x88 ./packages/freemodbus-latest/modbus/rtu/mbrtu.o
                0x0800917c                xMBRTUTimerT35Expired
 .text.eMBFuncReadCoils
                0x08009204      0x100 ./packages/freemodbus-latest/modbus/functions/mbfunccoils.o
                0x08009204                eMBFuncReadCoils
 .text.eMBFuncWriteCoil
                0x08009304       0xa8 ./packages/freemodbus-latest/modbus/functions/mbfunccoils.o
                0x08009304                eMBFuncWriteCoil
 .text.eMBFuncWriteMultipleCoils
                0x080093ac       0xd0 ./packages/freemodbus-latest/modbus/functions/mbfunccoils.o
                0x080093ac                eMBFuncWriteMultipleCoils
 .text.eMBFuncReadDiscreteInputs
                0x0800947c      0x100 ./packages/freemodbus-latest/modbus/functions/mbfuncdisc.o
                0x0800947c                eMBFuncReadDiscreteInputs
 .text.eMBFuncWriteHoldingRegister
                0x0800957c       0x6c ./packages/freemodbus-latest/modbus/functions/mbfuncholding.o
                0x0800957c                eMBFuncWriteHoldingRegister
 .text.eMBFuncWriteMultipleHoldingRegister
                0x080095e8       0xb4 ./packages/freemodbus-latest/modbus/functions/mbfuncholding.o
                0x080095e8                eMBFuncWriteMultipleHoldingRegister
 .text.eMBFuncReadHoldingRegister
                0x0800969c       0xe4 ./packages/freemodbus-latest/modbus/functions/mbfuncholding.o
                0x0800969c                eMBFuncReadHoldingRegister
 .text.eMBFuncReadWriteMultipleHoldingRegister
                0x08009780      0x154 ./packages/freemodbus-latest/modbus/functions/mbfuncholding.o
                0x08009780                eMBFuncReadWriteMultipleHoldingRegister
 .text.eMBFuncReadInputRegister
                0x080098d4       0xe4 ./packages/freemodbus-latest/modbus/functions/mbfuncinput.o
                0x080098d4                eMBFuncReadInputRegister
 .text.eMBFuncReportSlaveID
                0x080099b8       0x38 ./packages/freemodbus-latest/modbus/functions/mbfuncother.o
                0x080099b8                eMBFuncReportSlaveID
 .text.xMBUtilSetBits
                0x080099f0       0xd4 ./packages/freemodbus-latest/modbus/functions/mbutils.o
                0x080099f0                xMBUtilSetBits
 .text.xMBUtilGetBits
                0x08009ac4       0x74 ./packages/freemodbus-latest/modbus/functions/mbutils.o
                0x08009ac4                xMBUtilGetBits
 .text.prveMBError2Exception
                0x08009b38       0x3c ./packages/freemodbus-latest/modbus/functions/mbutils.o
                0x08009b38                prveMBError2Exception
 .text.eMBInit  0x08009b74       0xfc ./packages/freemodbus-latest/modbus/mb.o
                0x08009b74                eMBInit
 .text.eMBEnable
                0x08009c70       0x38 ./packages/freemodbus-latest/modbus/mb.o
                0x08009c70                eMBEnable
 .text.eMBPoll  0x08009ca8      0x188 ./packages/freemodbus-latest/modbus/mb.o
                0x08009ca8                eMBPoll
 .text.HAL_Init
                0x08009e30       0x2c ./libraries/STM32F1xx_HAL_Driver/Src/stm32f1xx_hal.o
                0x08009e30                HAL_Init
 .text.HAL_MspInit
                0x08009e5c        0xc ./libraries/STM32F1xx_HAL_Driver/Src/stm32f1xx_hal.o
                0x08009e5c                HAL_MspInit
 .text.HAL_IncTick
                0x08009e68       0x24 ./libraries/STM32F1xx_HAL_Driver/Src/stm32f1xx_hal.o
                0x08009e68                HAL_IncTick
 .text.__NVIC_SetPriorityGrouping
                0x08009e8c       0x48 ./libraries/STM32F1xx_HAL_Driver/Src/stm32f1xx_hal_cortex.o
 .text.__NVIC_GetPriorityGrouping
                0x08009ed4       0x1c ./libraries/STM32F1xx_HAL_Driver/Src/stm32f1xx_hal_cortex.o
 .text.__NVIC_EnableIRQ
                0x08009ef0       0x38 ./libraries/STM32F1xx_HAL_Driver/Src/stm32f1xx_hal_cortex.o
 .text.__NVIC_DisableIRQ
                0x08009f28       0x44 ./libraries/STM32F1xx_HAL_Driver/Src/stm32f1xx_hal_cortex.o
 .text.__NVIC_SetPriority
                0x08009f6c       0x54 ./libraries/STM32F1xx_HAL_Driver/Src/stm32f1xx_hal_cortex.o
 .text.NVIC_EncodePriority
                0x08009fc0       0x60 ./libraries/STM32F1xx_HAL_Driver/Src/stm32f1xx_hal_cortex.o
 .text.SysTick_Config
                0x0800a020       0x44 ./libraries/STM32F1xx_HAL_Driver/Src/stm32f1xx_hal_cortex.o
 .text.HAL_NVIC_SetPriorityGrouping
                0x0800a064       0x18 ./libraries/STM32F1xx_HAL_Driver/Src/stm32f1xx_hal_cortex.o
                0x0800a064                HAL_NVIC_SetPriorityGrouping
 .text.HAL_NVIC_SetPriority
                0x0800a07c       0x38 ./libraries/STM32F1xx_HAL_Driver/Src/stm32f1xx_hal_cortex.o
                0x0800a07c                HAL_NVIC_SetPriority
 .text.HAL_NVIC_EnableIRQ
                0x0800a0b4       0x1c ./libraries/STM32F1xx_HAL_Driver/Src/stm32f1xx_hal_cortex.o
                0x0800a0b4                HAL_NVIC_EnableIRQ
 .text.HAL_NVIC_DisableIRQ
                0x0800a0d0       0x1c ./libraries/STM32F1xx_HAL_Driver/Src/stm32f1xx_hal_cortex.o
                0x0800a0d0                HAL_NVIC_DisableIRQ
 .text.HAL_SYSTICK_Config
                0x0800a0ec       0x18 ./libraries/STM32F1xx_HAL_Driver/Src/stm32f1xx_hal_cortex.o
                0x0800a0ec                HAL_SYSTICK_Config
 .text.HAL_SYSTICK_CLKSourceConfig
                0x0800a104       0x38 ./libraries/STM32F1xx_HAL_Driver/Src/stm32f1xx_hal_cortex.o
                0x0800a104                HAL_SYSTICK_CLKSourceConfig
 .text.HAL_DMA_Start_IT
                0x0800a13c       0xc0 ./libraries/STM32F1xx_HAL_Driver/Src/stm32f1xx_hal_dma.o
                0x0800a13c                HAL_DMA_Start_IT
 .text.DMA_SetConfig
                0x0800a1fc       0x5c ./libraries/STM32F1xx_HAL_Driver/Src/stm32f1xx_hal_dma.o
 .text.HAL_GPIO_Init
                0x0800a258      0x2d4 ./libraries/STM32F1xx_HAL_Driver/Src/stm32f1xx_hal_gpio.o
                0x0800a258                HAL_GPIO_Init
 .text.HAL_GPIO_DeInit
                0x0800a52c      0x198 ./libraries/STM32F1xx_HAL_Driver/Src/stm32f1xx_hal_gpio.o
                0x0800a52c                HAL_GPIO_DeInit
 .text.HAL_GPIO_ReadPin
                0x0800a6c4       0x30 ./libraries/STM32F1xx_HAL_Driver/Src/stm32f1xx_hal_gpio.o
                0x0800a6c4                HAL_GPIO_ReadPin
 .text.HAL_GPIO_WritePin
                0x0800a6f4       0x30 ./libraries/STM32F1xx_HAL_Driver/Src/stm32f1xx_hal_gpio.o
                0x0800a6f4                HAL_GPIO_WritePin
 .text.HAL_GPIO_EXTI_IRQHandler
                0x0800a724       0x30 ./libraries/STM32F1xx_HAL_Driver/Src/stm32f1xx_hal_gpio.o
                0x0800a724                HAL_GPIO_EXTI_IRQHandler
 .text.HAL_RCC_OscConfig
                0x0800a754      0x4fc ./libraries/STM32F1xx_HAL_Driver/Src/stm32f1xx_hal_rcc.o
                0x0800a754                HAL_RCC_OscConfig
 .text.HAL_RCC_ClockConfig
                0x0800ac50      0x1d4 ./libraries/STM32F1xx_HAL_Driver/Src/stm32f1xx_hal_rcc.o
                0x0800ac50                HAL_RCC_ClockConfig
 .text.HAL_RCC_GetSysClockFreq
                0x0800ae24       0xc8 ./libraries/STM32F1xx_HAL_Driver/Src/stm32f1xx_hal_rcc.o
                0x0800ae24                HAL_RCC_GetSysClockFreq
 .text.HAL_RCC_GetHCLKFreq
                0x0800aeec       0x14 ./libraries/STM32F1xx_HAL_Driver/Src/stm32f1xx_hal_rcc.o
                0x0800aeec                HAL_RCC_GetHCLKFreq
 .text.HAL_RCC_GetPCLK1Freq
                0x0800af00       0x28 ./libraries/STM32F1xx_HAL_Driver/Src/stm32f1xx_hal_rcc.o
                0x0800af00                HAL_RCC_GetPCLK1Freq
 .text.HAL_RCC_GetPCLK2Freq
                0x0800af28       0x28 ./libraries/STM32F1xx_HAL_Driver/Src/stm32f1xx_hal_rcc.o
                0x0800af28                HAL_RCC_GetPCLK2Freq
 .text.RCC_Delay
                0x0800af50       0x3c ./libraries/STM32F1xx_HAL_Driver/Src/stm32f1xx_hal_rcc.o
 .text.HAL_RCCEx_PeriphCLKConfig
                0x0800af8c      0x16c ./libraries/STM32F1xx_HAL_Driver/Src/stm32f1xx_hal_rcc_ex.o
                0x0800af8c                HAL_RCCEx_PeriphCLKConfig
 .text.HAL_TIM_Base_Init
                0x0800b0f8       0x58 ./libraries/STM32F1xx_HAL_Driver/Src/stm32f1xx_hal_tim.o
                0x0800b0f8                HAL_TIM_Base_Init
 .text.HAL_TIM_Base_Start_IT
                0x0800b150       0x48 ./libraries/STM32F1xx_HAL_Driver/Src/stm32f1xx_hal_tim.o
                0x0800b150                HAL_TIM_Base_Start_IT
 .text.HAL_TIM_Base_Stop_IT
                0x0800b198       0x54 ./libraries/STM32F1xx_HAL_Driver/Src/stm32f1xx_hal_tim.o
                0x0800b198                HAL_TIM_Base_Stop_IT
 .text.HAL_TIM_IRQHandler
                0x0800b1ec      0x210 ./libraries/STM32F1xx_HAL_Driver/Src/stm32f1xx_hal_tim.o
                0x0800b1ec                HAL_TIM_IRQHandler
 .text.HAL_TIM_OC_DelayElapsedCallback
                0x0800b3fc       0x14 ./libraries/STM32F1xx_HAL_Driver/Src/stm32f1xx_hal_tim.o
                0x0800b3fc                HAL_TIM_OC_DelayElapsedCallback
 .text.HAL_TIM_IC_CaptureCallback
                0x0800b410       0x14 ./libraries/STM32F1xx_HAL_Driver/Src/stm32f1xx_hal_tim.o
                0x0800b410                HAL_TIM_IC_CaptureCallback
 .text.HAL_TIM_PWM_PulseFinishedCallback
                0x0800b424       0x14 ./libraries/STM32F1xx_HAL_Driver/Src/stm32f1xx_hal_tim.o
                0x0800b424                HAL_TIM_PWM_PulseFinishedCallback
 .text.HAL_TIM_TriggerCallback
                0x0800b438       0x14 ./libraries/STM32F1xx_HAL_Driver/Src/stm32f1xx_hal_tim.o
                0x0800b438                HAL_TIM_TriggerCallback
 .text.TIM_Base_SetConfig
                0x0800b44c       0xf4 ./libraries/STM32F1xx_HAL_Driver/Src/stm32f1xx_hal_tim.o
                0x0800b44c                TIM_Base_SetConfig
 .text.HAL_TIMEx_CommutCallback
                0x0800b540       0x14 ./libraries/STM32F1xx_HAL_Driver/Src/stm32f1xx_hal_tim_ex.o
                0x0800b540                HAL_TIMEx_CommutCallback
 .text.HAL_TIMEx_BreakCallback
                0x0800b554       0x14 ./libraries/STM32F1xx_HAL_Driver/Src/stm32f1xx_hal_tim_ex.o
                0x0800b554                HAL_TIMEx_BreakCallback
 .text.HAL_UART_Init
                0x0800b568       0x9c ./libraries/STM32F1xx_HAL_Driver/Src/stm32f1xx_hal_uart.o
                0x0800b568                HAL_UART_Init
 .text.HAL_UART_MspInit
                0x0800b604       0x14 ./libraries/STM32F1xx_HAL_Driver/Src/stm32f1xx_hal_uart.o
                0x0800b604                HAL_UART_MspInit
 .text.HAL_UART_Transmit_DMA
                0x0800b618       0xd8 ./libraries/STM32F1xx_HAL_Driver/Src/stm32f1xx_hal_uart.o
                0x0800b618                HAL_UART_Transmit_DMA
 .text.HAL_UART_TxCpltCallback
                0x0800b6f0       0x14 ./libraries/STM32F1xx_HAL_Driver/Src/stm32f1xx_hal_uart.o
                0x0800b6f0                HAL_UART_TxCpltCallback
 .text.HAL_UART_TxHalfCpltCallback
                0x0800b704       0x14 ./libraries/STM32F1xx_HAL_Driver/Src/stm32f1xx_hal_uart.o
                0x0800b704                HAL_UART_TxHalfCpltCallback
 .text.HAL_UART_ErrorCallback
                0x0800b718       0x14 ./libraries/STM32F1xx_HAL_Driver/Src/stm32f1xx_hal_uart.o
                0x0800b718                HAL_UART_ErrorCallback
 .text.UART_DMATransmitCplt
                0x0800b72c       0x54 ./libraries/STM32F1xx_HAL_Driver/Src/stm32f1xx_hal_uart.o
 .text.UART_DMATxHalfCplt
                0x0800b780       0x1c ./libraries/STM32F1xx_HAL_Driver/Src/stm32f1xx_hal_uart.o
 .text.UART_DMAError
                0x0800b79c       0x94 ./libraries/STM32F1xx_HAL_Driver/Src/stm32f1xx_hal_uart.o
 .text.UART_EndTxTransfer
                0x0800b830       0x2c ./libraries/STM32F1xx_HAL_Driver/Src/stm32f1xx_hal_uart.o
 .text.UART_EndRxTransfer
                0x0800b85c       0x3c ./libraries/STM32F1xx_HAL_Driver/Src/stm32f1xx_hal_uart.o
 .text.UART_SetConfig
                0x0800b898      0x1b4 ./libraries/STM32F1xx_HAL_Driver/Src/stm32f1xx_hal_uart.o
 .text.Reset_Handler
                0x0800ba4c       0x44 ./libraries/CMSIS/Device/ST/STM32F1xx/Source/Templates/gcc/startup_stm32f103xe.o
                0x0800ba4c                Reset_Handler
 .text.Default_Handler
                0x0800ba90        0x2 ./libraries/CMSIS/Device/ST/STM32F1xx/Source/Templates/gcc/startup_stm32f103xe.o
                0x0800ba90                RTC_Alarm_IRQHandler
                0x0800ba90                TIM8_TRG_COM_IRQHandler
                0x0800ba90                TIM8_CC_IRQHandler
                0x0800ba90                DebugMon_Handler
                0x0800ba90                TIM1_CC_IRQHandler
                0x0800ba90                TIM6_IRQHandler
                0x0800ba90                PVD_IRQHandler
                0x0800ba90                SDIO_IRQHandler
                0x0800ba90                NMI_Handler
                0x0800ba90                I2C2_EV_IRQHandler
                0x0800ba90                UsageFault_Handler
                0x0800ba90                ADC1_2_IRQHandler
                0x0800ba90                SPI1_IRQHandler
                0x0800ba90                TAMPER_IRQHandler
                0x0800ba90                TIM8_UP_IRQHandler
                0x0800ba90                DMA2_Channel2_IRQHandler
                0x0800ba90                DMA1_Channel4_IRQHandler
                0x0800ba90                RTC_IRQHandler
                0x0800ba90                DMA1_Channel7_IRQHandler
                0x0800ba90                CAN1_RX1_IRQHandler
                0x0800ba90                UART5_IRQHandler
                0x0800ba90                ADC3_IRQHandler
                0x0800ba90                TIM4_IRQHandler
                0x0800ba90                DMA2_Channel1_IRQHandler
                0x0800ba90                I2C1_EV_IRQHandler
                0x0800ba90                DMA1_Channel6_IRQHandler
                0x0800ba90                UART4_IRQHandler
                0x0800ba90                TIM3_IRQHandler
                0x0800ba90                RCC_IRQHandler
                0x0800ba90                TIM1_TRG_COM_IRQHandler
                0x0800ba90                DMA1_Channel1_IRQHandler
                0x0800ba90                Default_Handler
                0x0800ba90                TIM7_IRQHandler
                0x0800ba90                TIM5_IRQHandler
                0x0800ba90                SPI2_IRQHandler
                0x0800ba90                MemManage_Handler
                0x0800ba90                SVC_Handler
                0x0800ba90                DMA1_Channel5_IRQHandler
                0x0800ba90                USB_LP_CAN1_RX0_IRQHandler
                0x0800ba90                USB_HP_CAN1_TX_IRQHandler
                0x0800ba90                DMA1_Channel3_IRQHandler
                0x0800ba90                FSMC_IRQHandler
                0x0800ba90                TIM1_UP_IRQHandler
                0x0800ba90                WWDG_IRQHandler
                0x0800ba90                TIM1_BRK_IRQHandler
                0x0800ba90                DMA2_Channel4_5_IRQHandler
                0x0800ba90                I2C2_ER_IRQHandler
                0x0800ba90                DMA1_Channel2_IRQHandler
                0x0800ba90                TIM8_BRK_IRQHandler
                0x0800ba90                CAN1_SCE_IRQHandler
                0x0800ba90                FLASH_IRQHandler
                0x0800ba90                BusFault_Handler
                0x0800ba90                SPI3_IRQHandler
                0x0800ba90                I2C1_ER_IRQHandler
                0x0800ba90                USBWakeUp_IRQHandler
                0x0800ba90                DMA2_Channel3_IRQHandler
 *fill*         0x0800ba92        0x2 00000000
 .text.SystemInit
                0x0800ba94       0x68 ./libraries/CMSIS/Device/ST/STM32F1xx/Source/Templates/system_stm32f1xx.o
                0x0800ba94                SystemInit
 .text.SystemClock_Config
                0x0800bafc       0xcc ./drivers/board.o
                0x0800bafc                SystemClock_Config
 .text.clock_information
                0x0800bbc8       0x10 ./drivers/board.o
                0x0800bbc8                clock_information
 .text.HAL_TIM_Base_MspInit
                0x0800bbd8       0x38 ./drivers/board.o
                0x0800bbd8                HAL_TIM_Base_MspInit
 .text.reboot   0x0800bc10       0x18 ./drivers/drv_common.o
 .text.rt_hw_systick_init
                0x0800bc28       0x34 ./drivers/drv_common.o
                0x0800bc28                rt_hw_systick_init
 .text.SysTick_Handler
                0x0800bc5c       0x18 ./drivers/drv_common.o
                0x0800bc5c                SysTick_Handler
 .text.HAL_GetTick
                0x0800bc74       0x24 ./drivers/drv_common.o
                0x0800bc74                HAL_GetTick
 .text.HAL_InitTick
                0x0800bc98       0x14 ./drivers/drv_common.o
                0x0800bc98                HAL_InitTick
 .text._Error_Handler
                0x0800bcac        0xc ./drivers/drv_common.o
                0x0800bcac                _Error_Handler
 .text.rt_hw_us_delay
                0x0800bcb8       0x68 ./drivers/drv_common.o
                0x0800bcb8                rt_hw_us_delay
 .text.rt_hw_board_init
                0x0800bd20       0x54 ./drivers/drv_common.o
                0x0800bd20                rt_hw_board_init
 .text.get_pin  0x0800bd74       0x44 ./drivers/drv_gpio.o
 .text.stm32_pin_write
                0x0800bdb8       0x3c ./drivers/drv_gpio.o
 .text.stm32_pin_read
                0x0800bdf4       0x44 ./drivers/drv_gpio.o
 .text.stm32_pin_mode
                0x0800be38       0x98 ./drivers/drv_gpio.o
 .text.bit2bitno
                0x0800bed0       0x3c ./drivers/drv_gpio.o
 .text.get_pin_irq_map
                0x0800bf0c       0x34 ./drivers/drv_gpio.o
 .text.stm32_pin_attach_irq
                0x0800bf40      0x148 ./drivers/drv_gpio.o
 .text.stm32_pin_dettach_irq
                0x0800c088       0xd0 ./drivers/drv_gpio.o
 .text.stm32_pin_irq_enable
                0x0800c158      0x1e0 ./drivers/drv_gpio.o
 .text.pin_irq_hdr
                0x0800c338       0x54 ./drivers/drv_gpio.o
 .text.HAL_GPIO_EXTI_Callback
                0x0800c38c       0x24 ./drivers/drv_gpio.o
                0x0800c38c                HAL_GPIO_EXTI_Callback
 .text.EXTI0_IRQHandler
                0x0800c3b0       0x18 ./drivers/drv_gpio.o
                0x0800c3b0                EXTI0_IRQHandler
 .text.EXTI1_IRQHandler
                0x0800c3c8       0x18 ./drivers/drv_gpio.o
                0x0800c3c8                EXTI1_IRQHandler
 .text.EXTI2_IRQHandler
                0x0800c3e0       0x18 ./drivers/drv_gpio.o
                0x0800c3e0                EXTI2_IRQHandler
 .text.EXTI3_IRQHandler
                0x0800c3f8       0x18 ./drivers/drv_gpio.o
                0x0800c3f8                EXTI3_IRQHandler
 .text.EXTI4_IRQHandler
                0x0800c410       0x18 ./drivers/drv_gpio.o
                0x0800c410                EXTI4_IRQHandler
 .text.EXTI9_5_IRQHandler
                0x0800c428       0x34 ./drivers/drv_gpio.o
                0x0800c428                EXTI9_5_IRQHandler
 .text.EXTI15_10_IRQHandler
                0x0800c45c       0x40 ./drivers/drv_gpio.o
                0x0800c45c                EXTI15_10_IRQHandler
 .text.rt_hw_pin_init
                0x0800c49c       0xd0 ./drivers/drv_gpio.o
                0x0800c49c                rt_hw_pin_init
 .text.timer_init
                0x0800c56c      0x100 ./drivers/drv_hwtimer.o
 .text.timer_start
                0x0800c66c       0xb0 ./drivers/drv_hwtimer.o
 .text.timer_stop
                0x0800c71c       0x44 ./drivers/drv_hwtimer.o
 .text.timer_ctrl
                0x0800c760       0x94 ./drivers/drv_hwtimer.o
 .text.timer_counter_get
                0x0800c7f4       0x3c ./drivers/drv_hwtimer.o
 .text.TIM2_IRQHandler
                0x0800c830       0x1c ./drivers/drv_hwtimer.o
                0x0800c830                TIM2_IRQHandler
 .text.HAL_TIM_PeriodElapsedCallback
                0x0800c84c       0x24 ./drivers/drv_hwtimer.o
                0x0800c84c                HAL_TIM_PeriodElapsedCallback
 .text.stm32_hwtimer_init
                0x0800c870       0xc8 ./drivers/drv_hwtimer.o
 .text.__NVIC_EnableIRQ
                0x0800c938       0x38 ./drivers/drv_usart.o
 .text.__NVIC_DisableIRQ
                0x0800c970       0x44 ./drivers/drv_usart.o
 .text.stm32_uart_clk_enable
                0x0800c9b4       0x90 ./drivers/drv_usart.o
 .text.stm32_gpio_clk_enable
                0x0800ca44      0x170 ./drivers/drv_usart.o
 .text.stm32_get_pin
                0x0800cbb4       0x38 ./drivers/drv_usart.o
 .text.stm32_gpio_configure
                0x0800cbec      0x25c ./drivers/drv_usart.o
 .text.stm32_configure
                0x0800ce48      0x12c ./drivers/drv_usart.o
 .text.stm32_control
                0x0800cf74       0x80 ./drivers/drv_usart.o
 .text.stm32_putc
                0x0800cff4       0x58 ./drivers/drv_usart.o
 .text.stm32_getc
                0x0800d04c       0x50 ./drivers/drv_usart.o
 .text.stm32_dma_transmit
                0x0800d09c       0x64 ./drivers/drv_usart.o
 .text.uart_isr
                0x0800d100      0x160 ./drivers/drv_usart.o
 .text.USART1_IRQHandler
                0x0800d260       0x1c ./drivers/drv_usart.o
                0x0800d260                USART1_IRQHandler
 .text.USART2_IRQHandler
                0x0800d27c       0x1c ./drivers/drv_usart.o
                0x0800d27c                USART2_IRQHandler
 .text.USART3_IRQHandler
                0x0800d298       0x1c ./drivers/drv_usart.o
                0x0800d298                USART3_IRQHandler
 .text.stm32_uart_get_dma_config
                0x0800d2b4       0x28 ./drivers/drv_usart.o
 .text.rt_hw_usart_init
                0x0800d2dc       0xf8 ./drivers/drv_usart.o
                0x0800d2dc                rt_hw_usart_init
 .text.time1_out
                0x0800d3d4       0x74 ./applications/Timer/Time.o
 .text.timer_thread
                0x0800d448       0x34 ./applications/Timer/Time.o
                0x0800d448                timer_thread
 .text.Key_Init
                0x0800d47c       0x28 ./applications/RS422/RS422.o
 .text.Read_key
                0x0800d4a4       0x64 ./applications/RS422/RS422.o
 .text.mb_slave_poll
                0x0800d508       0x58 ./applications/RS422/RS422.o
 .text.mb_slave_usart3
                0x0800d560       0x78 ./applications/RS422/RS422.o
 .text.uart_input
                0x0800d5d8       0x20 ./applications/RS232/RS232.o
 .text.Serial_232_Get_char
                0x0800d5f8       0x3c ./applications/RS232/RS232.o
 .text.serial_thread_entry
                0x0800d634       0x28 ./applications/RS232/RS232.o
 .text.uart2_init
                0x0800d65c       0xa4 ./applications/RS232/RS232.o
 .text.ADC7367_BUSY_Rt
                0x0800d700       0x18 ./applications/ADC7367/ADC7367.o
 .text.ADC7367_conversion
                0x0800d718       0x20 ./applications/ADC7367/ADC7367.o
 .text.ADC7367_read_data
                0x0800d738       0xfc ./applications/ADC7367/ADC7367.o
 *fill*         0x0800d834        0x4 00000000
 .text.ADC7367_thread_entry
                0x0800d838      0x198 ./applications/ADC7367/ADC7367.o
 .text.ADC7367_init
                0x0800d9d0       0x54 ./applications/ADC7367/ADC7367.o
 .text.main     0x0800da24       0x3c ./applications/main.o
                0x0800da24                main
 .text.startup.register_fini
                0x0800da60       0x14 d:/rt-threadstudio/platform/env_released/env/tools/gnu_gcc/arm_gcc/mingw/bin/../lib/gcc/arm-none-eabi/5.4.1/../../../../arm-none-eabi/lib/armv7-m\libc.a(lib_a-__call_atexit.o)
 .text.atexit   0x0800da74        0xc d:/rt-threadstudio/platform/env_released/env/tools/gnu_gcc/arm_gcc/mingw/bin/../lib/gcc/arm-none-eabi/5.4.1/../../../../arm-none-eabi/lib/armv7-m\libc.a(lib_a-atexit.o)
                0x0800da74                atexit
 .text.__libc_fini_array
                0x0800da80       0x28 d:/rt-threadstudio/platform/env_released/env/tools/gnu_gcc/arm_gcc/mingw/bin/../lib/gcc/arm-none-eabi/5.4.1/../../../../arm-none-eabi/lib/armv7-m\libc.a(lib_a-fini.o)
                0x0800da80                __libc_fini_array
 .text.__register_exitproc
                0x0800daa8       0xa4 d:/rt-threadstudio/platform/env_released/env/tools/gnu_gcc/arm_gcc/mingw/bin/../lib/gcc/arm-none-eabi/5.4.1/../../../../arm-none-eabi/lib/armv7-m\libc.a(lib_a-__atexit.o)
                0x0800daa8                __register_exitproc
 *(.rodata)
 .rodata        0x0800db4c       0x17 ./rt-thread/src/components.o
 *fill*         0x0800db63        0x1 00000000
 .rodata        0x0800db64      0x10c ./rt-thread/src/device.o
 .rodata        0x0800dc70       0x34 ./rt-thread/src/idle.o
 .rodata        0x0800dca4      0x476 ./rt-thread/src/ipc.o
 *fill*         0x0800e11a        0x2 00000000
 .rodata        0x0800e11c       0xc7 ./rt-thread/src/kservice.o
 *fill*         0x0800e1e3        0x1 00000000
 .rodata        0x0800e1e4      0x2fa ./rt-thread/src/mem.o
 *fill*         0x0800e4de        0x2 00000000
 .rodata        0x0800e4e0       0x91 ./rt-thread/src/object.o
 *fill*         0x0800e571        0x3 00000000
 .rodata        0x0800e574       0x65 ./rt-thread/src/scheduler.o
 *fill*         0x0800e5d9        0x3 00000000
 .rodata        0x0800e5dc      0x1b7 ./rt-thread/src/thread.o
 *fill*         0x0800e793        0x1 00000000
 .rodata        0x0800e794       0xde ./rt-thread/src/timer.o
 *fill*         0x0800e872        0x2 00000000
 .rodata        0x0800e874      0x2be ./rt-thread/libcpu/arm/cortex-m3/cpuport.o
 *fill*         0x0800eb32        0x2 00000000
 .rodata        0x0800eb34      0x631 ./rt-thread/components/finsh/cmd.o
 *fill*         0x0800f165        0x3 00000000
 .rodata        0x0800f168       0x80 ./rt-thread/components/finsh/msh.o
 .rodata        0x0800f1e8       0x99 ./rt-thread/components/finsh/shell.o
 *fill*         0x0800f281        0x3 00000000
 .rodata        0x0800f284       0x72 ./rt-thread/components/drivers/src/completion.o
 *fill*         0x0800f2f6        0x2 00000000
 .rodata        0x0800f2f8       0xd7 ./rt-thread/components/drivers/serial/serial.o
 *fill*         0x0800f3cf        0x1 00000000
 .rodata        0x0800f3d0       0x27 ./rt-thread/components/drivers/misc/pin.o
 *fill*         0x0800f3f7        0x1 00000000
 .rodata        0x0800f3f8       0x43 ./rt-thread/components/drivers/hwtimer/hwtimer.o
 *fill*         0x0800f43b        0x1 00000000
 .rodata        0x0800f43c        0xc ./packages/freemodbus-latest/port/portevent.o
 .rodata        0x0800f448       0x20 ./packages/freemodbus-latest/port/portserial.o
 .rodata        0x0800f468        0xc ./packages/freemodbus-latest/port/porttimer.o
 .rodata        0x0800f474       0xc3 ./packages/freemodbus-latest/modbus/rtu/mbrtu.o
 *fill*         0x0800f537        0x1 00000000
 .rodata        0x0800f538        0xd ./packages/freemodbus-latest/modbus/functions/mbutils.o
 *fill*         0x0800f545        0x3 00000000
 .rodata        0x0800f548       0x12 ./libraries/STM32F1xx_HAL_Driver/Src/stm32f1xx_hal_rcc.o
 *fill*         0x0800f55a        0x2 00000000
 .rodata        0x0800f55c       0x13 ./drivers/board.o
 *fill*         0x0800f56f        0x1 00000000
 .rodata        0x0800f570        0x6 ./drivers/drv_common.o
 *fill*         0x0800f576        0x2 00000000
 .rodata        0x0800f578        0x4 ./drivers/drv_gpio.o
 .rodata        0x0800f57c       0x83 ./drivers/drv_hwtimer.o
 *fill*         0x0800f5ff        0x1 00000000
 .rodata        0x0800f600      0x108 ./drivers/drv_usart.o
 .rodata        0x0800f708       0x39 ./applications/Timer/Time.o
 *fill*         0x0800f741        0x3 00000000
 .rodata        0x0800f744       0x32 ./applications/RS422/RS422.o
 *fill*         0x0800f776        0x2 00000000
 .rodata        0x0800f778       0x2f ./applications/RS232/RS232.o
 *fill*         0x0800f7a7        0x1 00000000
 .rodata        0x0800f7a8        0xf ./applications/ADC7367/ADC7367.o
 *(.rodata*)
 *fill*         0x0800f7b7        0x1 00000000
 .rodata.__FUNCTION__.5304
                0x0800f7b8       0x14 ./rt-thread/src/components.o
 .rodata.__FUNCTION__.5196
                0x0800f7cc        0xf ./rt-thread/src/device.o
 *fill*         0x0800f7db        0x1 00000000
 .rodata.__FUNCTION__.5220
                0x0800f7dc        0xf ./rt-thread/src/device.o
 *fill*         0x0800f7eb        0x1 00000000
 .rodata.__FUNCTION__.5225
                0x0800f7ec       0x10 ./rt-thread/src/device.o
 .rodata.__FUNCTION__.5232
                0x0800f7fc        0xf ./rt-thread/src/device.o
 *fill*         0x0800f80b        0x1 00000000
 .rodata.__FUNCTION__.5239
                0x0800f80c       0x10 ./rt-thread/src/device.o
 .rodata.__FUNCTION__.5252
                0x0800f81c       0x1a ./rt-thread/src/device.o
 *fill*         0x0800f836        0x2 00000000
 .rodata.__FUNCTION__.5287
                0x0800f838       0x16 ./rt-thread/src/idle.o
 *fill*         0x0800f84e        0x2 00000000
 .rodata.__FUNCTION__.5292
                0x0800f850        0xc ./rt-thread/src/ipc.o
 .rodata.__FUNCTION__.5316
                0x0800f85c        0xc ./rt-thread/src/ipc.o
 .rodata.__FUNCTION__.5327
                0x0800f868        0xf ./rt-thread/src/ipc.o
 *fill*         0x0800f877        0x1 00000000
 .rodata.__FUNCTION__.5388
                0x0800f878        0xe ./rt-thread/src/ipc.o
 *fill*         0x0800f886        0x2 00000000
 .rodata.__FUNCTION__.5414
                0x0800f888        0xe ./rt-thread/src/ipc.o
 *fill*         0x0800f896        0x2 00000000
 .rodata.__FUNCTION__.5429
                0x0800f898        0xe ./rt-thread/src/ipc.o
 *fill*         0x0800f8a6        0x2 00000000
 .rodata.large_digits.5426
                0x0800f8a8       0x11 ./rt-thread/src/kservice.o
 *fill*         0x0800f8b9        0x3 00000000
 .rodata.small_digits.5425
                0x0800f8bc       0x11 ./rt-thread/src/kservice.o
 *fill*         0x0800f8cd        0x3 00000000
 .rodata.name   0x0800f8d0       0x2a ./rt-thread/src/mem.o
                0x0800f8d0                __fsym_list_mem_name
                0x0800f8dc                __fsym_list_mem_desc
 *fill*         0x0800f8fa        0x2 00000000
 .rodata.__FUNCTION__.5283
                0x0800f8fc        0xb ./rt-thread/src/mem.o
 *fill*         0x0800f907        0x1 00000000
 .rodata.__FUNCTION__.5292
                0x0800f908       0x14 ./rt-thread/src/mem.o
 .rodata.__FUNCTION__.5301
                0x0800f91c        0xa ./rt-thread/src/mem.o
 *fill*         0x0800f926        0x2 00000000
 .rodata.__FUNCTION__.5330
                0x0800f928        0x8 ./rt-thread/src/mem.o
 .rodata.__FUNCTION__.5312
                0x0800f930        0xf ./rt-thread/src/object.o
 *fill*         0x0800f93f        0x1 00000000
 .rodata.__FUNCTION__.5321
                0x0800f940       0x11 ./rt-thread/src/object.o
 *fill*         0x0800f951        0x3 00000000
 .rodata.__FUNCTION__.5330
                0x0800f954       0x13 ./rt-thread/src/object.o
 *fill*         0x0800f967        0x1 00000000
 .rodata.__FUNCTION__.5335
                0x0800f968       0x11 ./rt-thread/src/object.o
 *fill*         0x0800f979        0x3 00000000
 .rodata.__FUNCTION__.5339
                0x0800f97c       0x1a ./rt-thread/src/object.o
 *fill*         0x0800f996        0x2 00000000
 .rodata.__FUNCTION__.5343
                0x0800f998       0x13 ./rt-thread/src/object.o
 *fill*         0x0800f9ab        0x1 00000000
 .rodata.__FUNCTION__.5270
                0x0800f9ac       0x1a ./rt-thread/src/scheduler.o
 *fill*         0x0800f9c6        0x2 00000000
 .rodata.__FUNCTION__.5311
                0x0800f9c8       0x1a ./rt-thread/src/scheduler.o
 *fill*         0x0800f9e2        0x2 00000000
 .rodata.__FUNCTION__.5317
                0x0800f9e4       0x1a ./rt-thread/src/scheduler.o
 *fill*         0x0800f9fe        0x2 00000000
 .rodata.__FUNCTION__.5287
                0x0800fa00       0x10 ./rt-thread/src/thread.o
 .rodata.__FUNCTION__.5299
                0x0800fa10        0xf ./rt-thread/src/thread.o
 *fill*         0x0800fa1f        0x1 00000000
 .rodata.__FUNCTION__.5308
                0x0800fa20       0x12 ./rt-thread/src/thread.o
 *fill*         0x0800fa32        0x2 00000000
 .rodata.__FUNCTION__.5329
                0x0800fa34       0x11 ./rt-thread/src/thread.o
 *fill*         0x0800fa45        0x3 00000000
 .rodata.__FUNCTION__.5338
                0x0800fa48       0x10 ./rt-thread/src/thread.o
 .rodata.__FUNCTION__.5370
                0x0800fa58       0x12 ./rt-thread/src/thread.o
 *fill*         0x0800fa6a        0x2 00000000
 .rodata.__FUNCTION__.5375
                0x0800fa6c       0x11 ./rt-thread/src/thread.o
 *fill*         0x0800fa7d        0x3 00000000
 .rodata.__FUNCTION__.5380
                0x0800fa80       0x12 ./rt-thread/src/thread.o
 *fill*         0x0800fa92        0x2 00000000
 .rodata.__FUNCTION__.5304
                0x0800fa94        0xe ./rt-thread/src/timer.o
 *fill*         0x0800faa2        0x2 00000000
 .rodata.__FUNCTION__.5309
                0x0800faa4       0x10 ./rt-thread/src/timer.o
 .rodata.__FUNCTION__.5333
                0x0800fab4        0xf ./rt-thread/src/timer.o
 *fill*         0x0800fac3        0x1 00000000
 .rodata.__FUNCTION__.5350
                0x0800fac4        0xe ./rt-thread/src/timer.o
 *fill*         0x0800fad2        0x2 00000000
 .rodata.__FUNCTION__.5356
                0x0800fad4       0x11 ./rt-thread/src/timer.o
 *fill*         0x0800fae5        0x3 00000000
 .rodata.name   0x0800fae8      0x37a ./rt-thread/components/finsh/cmd.o
                0x0800fae8                __fsym_hello_name
                0x0800faf0                __fsym_hello_desc
                0x0800fb00                __fsym_version_name
                0x0800fb08                __fsym_version_desc
                0x0800fb2c                __fsym___cmd_version_name
                0x0800fb3c                __fsym___cmd_version_desc
                0x0800fb60                __fsym_list_thread_name
                0x0800fb6c                __fsym_list_thread_desc
                0x0800fb78                __fsym___cmd_list_thread_name
                0x0800fb8c                __fsym___cmd_list_thread_desc
                0x0800fb98                __fsym_list_sem_name
                0x0800fba4                __fsym_list_sem_desc
                0x0800fbc0                __fsym___cmd_list_sem_name
                0x0800fbd0                __fsym___cmd_list_sem_desc
                0x0800fbec                __fsym_list_event_name
                0x0800fbf8                __fsym_list_event_desc
                0x0800fc10                __fsym___cmd_list_event_name
                0x0800fc24                __fsym___cmd_list_event_desc
                0x0800fc3c                __fsym_list_mutex_name
                0x0800fc48                __fsym_list_mutex_desc
                0x0800fc60                __fsym___cmd_list_mutex_name
                0x0800fc74                __fsym___cmd_list_mutex_desc
                0x0800fc8c                __fsym_list_mailbox_name
                0x0800fc9c                __fsym_list_mailbox_desc
                0x0800fcb4                __fsym___cmd_list_mailbox_name
                0x0800fcc8                __fsym___cmd_list_mailbox_desc
                0x0800fce0                __fsym_list_msgqueue_name
                0x0800fcf0                __fsym_list_msgqueue_desc
                0x0800fd10                __fsym___cmd_list_msgqueue_name
                0x0800fd24                __fsym___cmd_list_msgqueue_desc
                0x0800fd44                __fsym_list_mempool_name
                0x0800fd54                __fsym_list_mempool_desc
                0x0800fd70                __fsym___cmd_list_mempool_name
                0x0800fd84                __fsym___cmd_list_mempool_desc
                0x0800fda0                __fsym_list_timer_name
                0x0800fdac                __fsym_list_timer_desc
                0x0800fdc4                __fsym___cmd_list_timer_name
                0x0800fdd8                __fsym___cmd_list_timer_desc
                0x0800fdf0                __fsym_list_device_name
                0x0800fdfc                __fsym_list_device_desc
                0x0800fe14                __fsym___cmd_list_device_name
                0x0800fe28                __fsym___cmd_list_device_desc
                0x0800fe40                __fsym_list_name
                0x0800fe48                __fsym_list_desc
 *fill*         0x0800fe62        0x2 00000000
 .rodata.device_type_str
                0x0800fe64       0x58 ./rt-thread/components/finsh/cmd.o
 .rodata.name   0x0800febc       0x7d ./rt-thread/components/finsh/msh.o
                0x0800febc                __fsym___cmd_help_name
                0x0800fec8                __fsym___cmd_help_desc
                0x0800fee0                __fsym___cmd_ps_name
                0x0800feec                __fsym___cmd_ps_desc
                0x0800ff08                __fsym___cmd_free_name
                0x0800ff14                __fsym___cmd_free_desc
 *fill*         0x0800ff39        0x3 00000000
 .rodata.__FUNCTION__.5537
                0x0800ff3c        0xe ./rt-thread/components/finsh/msh.o
 *fill*         0x0800ff4a        0x2 00000000
 .rodata.__FUNCTION__.5543
                0x0800ff4c       0x16 ./rt-thread/components/finsh/shell.o
 *fill*         0x0800ff62        0x2 00000000
 .rodata.__FUNCTION__.5548
                0x0800ff64        0xe ./rt-thread/components/finsh/shell.o
 *fill*         0x0800ff72        0x2 00000000
 .rodata.__FUNCTION__.5556
                0x0800ff74        0xd ./rt-thread/components/finsh/shell.o
 *fill*         0x0800ff81        0x3 00000000
 .rodata.__FUNCTION__.5561
                0x0800ff84       0x11 ./rt-thread/components/finsh/shell.o
 *fill*         0x0800ff95        0x3 00000000
 .rodata.__FUNCTION__.5697
                0x0800ff98       0x13 ./rt-thread/components/drivers/src/completion.o
 *fill*         0x0800ffab        0x1 00000000
 .rodata.__FUNCTION__.5705
                0x0800ffac       0x13 ./rt-thread/components/drivers/src/completion.o
 *fill*         0x0800ffbf        0x1 00000000
 .rodata.__FUNCTION__.5712
                0x0800ffc0       0x13 ./rt-thread/components/drivers/src/completion.o
 *fill*         0x0800ffd3        0x1 00000000
 .rodata.__FUNCTION__.5747
                0x0800ffd4        0xf ./rt-thread/components/drivers/serial/serial.o
 *fill*         0x0800ffe3        0x1 00000000
 .rodata.__FUNCTION__.5754
                0x0800ffe4        0xf ./rt-thread/components/drivers/serial/serial.o
 *fill*         0x0800fff3        0x1 00000000
 .rodata.__FUNCTION__.5761
                0x0800fff4       0x10 ./rt-thread/components/drivers/serial/serial.o
 .rodata.__FUNCTION__.5771
                0x08010004        0xf ./rt-thread/components/drivers/serial/serial.o
 *fill*         0x08010013        0x1 00000000
 .rodata.__FUNCTION__.5721
                0x08010014        0xf ./rt-thread/components/drivers/serial/serial.o
 *fill*         0x08010023        0x1 00000000
 .rodata.__FUNCTION__.5700
                0x08010024       0x10 ./rt-thread/components/drivers/serial/serial.o
 .rodata.__FUNCTION__.5779
                0x08010034       0x10 ./rt-thread/components/drivers/serial/serial.o
 .rodata.__FUNCTION__.5734
                0x08010044        0xf ./rt-thread/components/drivers/serial/serial.o
 *fill*         0x08010053        0x1 00000000
 .rodata.__FUNCTION__.5710
                0x08010054       0x10 ./rt-thread/components/drivers/serial/serial.o
 .rodata.__FUNCTION__.5787
                0x08010064       0x12 ./rt-thread/components/drivers/serial/serial.o
 *fill*         0x08010076        0x2 00000000
 .rodata.__FUNCTION__.5802
                0x08010078       0x16 ./rt-thread/components/drivers/serial/serial.o
 *fill*         0x0801008e        0x2 00000000
 .rodata.__FUNCTION__.5811
                0x08010090       0x11 ./rt-thread/components/drivers/serial/serial.o
 *fill*         0x080100a1        0x3 00000000
 .rodata.name   0x080100a4       0x6e ./rt-thread/components/drivers/misc/pin.o
                0x080100a4                __fsym_pinMode_name
                0x080100ac                __fsym_pinMode_desc
                0x080100c4                __fsym_pinWrite_name
                0x080100d0                __fsym_pinWrite_desc
                0x080100ec                __fsym_pinRead_name
                0x080100f4                __fsym_pinRead_desc
 *fill*         0x08010112        0x2 00000000
 .rodata.__FUNCTION__.5852
                0x08010114        0xa ./rt-thread/components/drivers/misc/pin.o
 *fill*         0x0801011e        0x2 00000000
 .rodata.__FUNCTION__.5861
                0x08010120        0xb ./rt-thread/components/drivers/misc/pin.o
 *fill*         0x0801012b        0x1 00000000
 .rodata.__FUNCTION__.5869
                0x0801012c        0xd ./rt-thread/components/drivers/misc/pin.o
 *fill*         0x08010139        0x3 00000000
 .rodata.__FUNCTION__.5882
                0x0801013c       0x12 ./rt-thread/components/drivers/misc/pin.o
 *fill*         0x0801014e        0x2 00000000
 .rodata.__FUNCTION__.5891
                0x08010150       0x12 ./rt-thread/components/drivers/misc/pin.o
 *fill*         0x08010162        0x2 00000000
 .rodata.__FUNCTION__.5896
                0x08010164        0xc ./rt-thread/components/drivers/misc/pin.o
 .rodata.__FUNCTION__.5904
                0x08010170        0xd ./rt-thread/components/drivers/misc/pin.o
 *fill*         0x0801017d        0x3 00000000
 .rodata.__FUNCTION__.5911
                0x08010180        0xc ./rt-thread/components/drivers/misc/pin.o
 .rodata.__FUNCTION__.5687
                0x0801018c       0x16 ./rt-thread/components/drivers/hwtimer/hwtimer.o
 *fill*         0x080101a2        0x2 00000000
 .rodata.__FUNCTION__.5694
                0x080101a4       0x1b ./rt-thread/components/drivers/hwtimer/hwtimer.o
 *fill*         0x080101bf        0x1 00000000
 .rodata.aucCRCHi
                0x080101c0      0x100 ./packages/freemodbus-latest/modbus/rtu/mbcrc.o
 .rodata.aucCRCLo
                0x080102c0      0x100 ./packages/freemodbus-latest/modbus/rtu/mbcrc.o
 .rodata.__FUNCTION__.5705
                0x080103c0        0xe ./packages/freemodbus-latest/modbus/rtu/mbrtu.o
 *fill*         0x080103ce        0x2 00000000
 .rodata.__FUNCTION__.5718
                0x080103d0       0x11 ./packages/freemodbus-latest/modbus/rtu/mbrtu.o
 *fill*         0x080103e1        0x3 00000000
 .rodata.__FUNCTION__.5728
                0x080103e4       0x12 ./packages/freemodbus-latest/modbus/rtu/mbrtu.o
 *fill*         0x080103f6        0x2 00000000
 .rodata.__FUNCTION__.5741
                0x080103f8       0x16 ./packages/freemodbus-latest/modbus/rtu/mbrtu.o
 *fill*         0x0801040e        0x2 00000000
 .rodata.__FUNCTION__.5616
                0x08010410        0xf ./packages/freemodbus-latest/modbus/functions/mbutils.o
 *fill*         0x0801041f        0x1 00000000
 .rodata.AHBPrescTable
                0x08010420       0x10 ./libraries/CMSIS/Device/ST/STM32F1xx/Source/Templates/system_stm32f1xx.o
                0x08010420                AHBPrescTable
 .rodata.APBPrescTable
                0x08010430        0x8 ./libraries/CMSIS/Device/ST/STM32F1xx/Source/Templates/system_stm32f1xx.o
                0x08010430                APBPrescTable
 .rodata.name   0x08010438       0x1e ./drivers/drv_common.o
                0x08010438                __fsym___cmd_reboot_name
                0x08010448                __fsym___cmd_reboot_desc
 *fill*         0x08010456        0x2 00000000
 .rodata.pins   0x08010458      0x540 ./drivers/drv_gpio.o
 .rodata.pin_irq_map
                0x08010998       0x40 ./drivers/drv_gpio.o
 .rodata._stm32_pin_ops
                0x080109d8       0x18 ./drivers/drv_gpio.o
 .rodata._info  0x080109f0       0x10 ./drivers/drv_hwtimer.o
 .rodata._ops   0x08010a00       0x14 ./drivers/drv_hwtimer.o
 .rodata.__FUNCTION__.7643
                0x08010a14        0xb ./drivers/drv_hwtimer.o
 *fill*         0x08010a1f        0x1 00000000
 .rodata.__FUNCTION__.7651
                0x08010a20        0xc ./drivers/drv_hwtimer.o
 .rodata.__FUNCTION__.7656
                0x08010a2c        0xb ./drivers/drv_hwtimer.o
 *fill*         0x08010a37        0x1 00000000
 .rodata.__FUNCTION__.7664
                0x08010a38        0xb ./drivers/drv_hwtimer.o
 *fill*         0x08010a43        0x1 00000000
 .rodata.__FUNCTION__.7674
                0x08010a44       0x12 ./drivers/drv_hwtimer.o
 *fill*         0x08010a56        0x2 00000000
 .rodata.stm32_uart_ops
                0x08010a58       0x14 ./drivers/drv_usart.o
 .rodata.__FUNCTION__.7660
                0x08010a6c       0x16 ./drivers/drv_usart.o
 *fill*         0x08010a82        0x2 00000000
 .rodata.uart_remaps.7695
                0x08010a84       0x38 ./drivers/drv_usart.o
 .rodata.__FUNCTION__.7699
                0x08010abc       0x15 ./drivers/drv_usart.o
 *fill*         0x08010ad1        0x3 00000000
 .rodata.__FUNCTION__.7717
                0x08010ad4       0x10 ./drivers/drv_usart.o
 .rodata.__FUNCTION__.7737
                0x08010ae4        0xe ./drivers/drv_usart.o
 *fill*         0x08010af2        0x2 00000000
 .rodata.__FUNCTION__.7746
                0x08010af4        0xb ./drivers/drv_usart.o
 *fill*         0x08010aff        0x1 00000000
 .rodata.__FUNCTION__.7755
                0x08010b00        0xb ./drivers/drv_usart.o
 *fill*         0x08010b0b        0x1 00000000
 .rodata.__FUNCTION__.7763
                0x08010b0c       0x13 ./drivers/drv_usart.o
 *fill*         0x08010b1f        0x1 00000000
 .rodata.__FUNCTION__.7769
                0x08010b20        0x9 ./drivers/drv_usart.o
 *fill*         0x08010b29        0x3 00000000
 .rodata.__FUNCTION__.7793
                0x08010b2c       0x11 ./drivers/drv_usart.o
 *fill*         0x08010b3d        0x3 00000000
 .rodata.name   0x08010b40       0x2b ./applications/Timer/Time.o
                0x08010b40                __fsym___cmd_timer_thread_name
                0x08010b54                __fsym___cmd_timer_thread_desc
 *fill*         0x08010b6b        0x1 00000000
 .rodata.name   0x08010b6c       0x39 ./applications/RS422/RS422.o
                0x08010b6c                __fsym___cmd_mb_slave_usart3_name
                0x08010b84                __fsym___cmd_mb_slave_usart3_desc
 *fill*         0x08010ba5        0x3 00000000
 .rodata.name   0x08010ba8       0x35 ./applications/RS232/RS232.o
                0x08010ba8                __fsym___cmd_uart2_init_name
                0x08010bbc                __fsym___cmd_uart2_init_desc
 *fill*         0x08010bdd        0x3 00000000
 .rodata.name   0x08010be0       0x36 ./applications/ADC7367/ADC7367.o
                0x08010be0                __fsym___cmd_ADC7367_init_name
                0x08010bf4                __fsym___cmd_ADC7367_init_desc
 *fill*         0x08010c16        0x2 00000000
 .rodata.name   0x08010c18       0x1e ./applications/main.o
                0x08010c18                __fsym___cmd_main_name
                0x08010c24                __fsym___cmd_main_desc
 *fill*         0x08010c36        0x2 00000000
 .rodata._global_impure_ptr
                0x08010c38        0x4 d:/rt-threadstudio/platform/env_released/env/tools/gnu_gcc/arm_gcc/mingw/bin/../lib/gcc/arm-none-eabi/5.4.1/../../../../arm-none-eabi/lib/armv7-m\libc.a(lib_a-impure.o)
                0x08010c38                _global_impure_ptr
 *(.glue_7)
 .glue_7        0x08010c3c        0x0 linker stubs
 *(.glue_7t)
 .glue_7t       0x08010c3c        0x0 linker stubs
 *(.gnu.linkonce.t*)
                0x08010c3c                . = ALIGN (0x4)
                0x08010c3c                __fsymtab_start = .
 *(FSymTab)
 FSymTab        0x08010c3c        0xc ./rt-thread/src/mem.o
                0x08010c3c                __fsym_list_mem
 FSymTab        0x08010c48      0x108 ./rt-thread/components/finsh/cmd.o
                0x08010c48                __fsym_hello
                0x08010c54                __fsym_version
                0x08010c60                __fsym___cmd_version
                0x08010c6c                __fsym_list_thread
                0x08010c78                __fsym___cmd_list_thread
                0x08010c84                __fsym_list_sem
                0x08010c90                __fsym___cmd_list_sem
                0x08010c9c                __fsym_list_event