Archive member included to satisfy reference by file (symbol)

d:/rt-threadstudio/platform/env_released/env/tools/gnu_gcc/arm_gcc/mingw/bin/../lib/gcc/arm-none-eabi/5.4.1/armv7-m\libgcc.a(_arm_addsubdf3.o)
                              ./rt-thread/components/libc/compilers/minilibc/math.o (__aeabi_dsub)
d:/rt-threadstudio/platform/env_released/env/tools/gnu_gcc/arm_gcc/mingw/bin/../lib/gcc/arm-none-eabi/5.4.1/armv7-m\libgcc.a(_arm_muldivdf3.o)
                              ./rt-thread/components/libc/compilers/minilibc/math.o (__aeabi_dmul)
d:/rt-threadstudio/platform/env_released/env/tools/gnu_gcc/arm_gcc/mingw/bin/../lib/gcc/arm-none-eabi/5.4.1/armv7-m\libgcc.a(_arm_fixdfsi.o)
                              ./rt-thread/components/libc/compilers/minilibc/math.o (__aeabi_d2iz)
d:/rt-threadstudio/platform/env_released/env/tools/gnu_gcc/arm_gcc/mingw/bin/../lib/gcc/arm-none-eabi/5.4.1/../../../../arm-none-eabi/lib/armv7-m\libg_nano.a(lib_a-exit.o)
                              d:/rt-threadstudio/platform/env_released/env/tools/gnu_gcc/arm_gcc/mingw/bin/../lib/gcc/arm-none-eabi/5.4.1/../../../../arm-none-eabi/lib/armv7-m/crt0.o (exit)
d:/rt-threadstudio/platform/env_released/env/tools/gnu_gcc/arm_gcc/mingw/bin/../lib/gcc/arm-none-eabi/5.4.1/../../../../arm-none-eabi/lib/armv7-m\libg_nano.a(lib_a-impure.o)
                              d:/rt-threadstudio/platform/env_released/env/tools/gnu_gcc/arm_gcc/mingw/bin/../lib/gcc/arm-none-eabi/5.4.1/../../../../arm-none-eabi/lib/armv7-m\libg_nano.a(lib_a-exit.o) (_global_impure_ptr)
d:/rt-threadstudio/platform/env_released/env/tools/gnu_gcc/arm_gcc/mingw/bin/../lib/gcc/arm-none-eabi/5.4.1/../../../../arm-none-eabi/lib/armv7-m\libg_nano.a(lib_a-init.o)
                              d:/rt-threadstudio/platform/env_released/env/tools/gnu_gcc/arm_gcc/mingw/bin/../lib/gcc/arm-none-eabi/5.4.1/../../../../arm-none-eabi/lib/armv7-m/crt0.o (__libc_init_array)

Allocating common symbols
Common symbol       size              file

AD_CH2              0x1a              ./applications/AD7995.o
pxMBFrameCBTransmitterEmpty
                    0x4               ./packages/freemodbus-latest/modbus/mb.o
rt_interrupt_to_thread
                    0x4               ./rt-thread/libcpu/arm/cortex-m3/cpuport.o
rt_interrupt_from_thread
                    0x4               ./rt-thread/libcpu/arm/cortex-m3/cpuport.o
pxMBPortCBTimerExpired
                    0x4               ./packages/freemodbus-latest/modbus/mb.o
shell               0x4               ./rt-thread/components/finsh/shell.o
ucSCoilBuf          0x8               ./packages/freemodbus-latest/port/user_mb_app.o
rt_thread_switch_interrupt_flag
                    0x4               ./rt-thread/libcpu/arm/cortex-m3/cpuport.o
AD_Now_value        0x2               ./applications/AD7995.o
uwTick              0x4               ./libraries/STM32F1xx_HAL_Driver/Src/stm32f1xx_hal.o
pFlash              0x20              ./libraries/STM32F1xx_HAL_Driver/Src/stm32f1xx_hal_flash.o
ucRTUBuf            0x100             ./packages/freemodbus-latest/modbus/rtu/mbrtu.o
AD_CH1              0x1a              ./applications/AD7995.o
rt_thread_priority_table
                    0x100             ./rt-thread/src/scheduler.o
rt_object_put_hook  0x4               ./rt-thread/src/object.o
pxMBFrameCBByteReceived
                    0x4               ./packages/freemodbus-latest/modbus/mb.o
rt_current_priority
                    0x1               ./rt-thread/src/scheduler.o
pxMBFrameCBTransmitFSMCur
                    0x4               ./packages/freemodbus-latest/modbus/mb.o
ucSDiscInBuf        0x2               ./packages/freemodbus-latest/port/user_mb_app.o
addr                0x1               ./applications/Slave.o
rt_assert_hook      0x4               ./rt-thread/src/kservice.o
usSRegHoldBuf       0xc8              ./packages/freemodbus-latest/port/user_mb_app.o
usSRegInBuf         0xc8              ./packages/freemodbus-latest/port/user_mb_app.o
AD_CH0              0x1a              ./applications/AD7995.o
rt_object_take_hook
                    0x4               ./rt-thread/src/object.o
pxMBFrameCBReceiveFSMCur
                    0x4               ./packages/freemodbus-latest/modbus/mb.o
rt_current_thread   0x4               ./rt-thread/src/scheduler.o
rt_thread_ready_priority_group
                    0x4               ./rt-thread/src/scheduler.o
AD_last_value       0x2               ./applications/AD7995.o
rt_thread_defunct   0x8               ./rt-thread/src/scheduler.o
rt_object_trytake_hook
                    0x4               ./rt-thread/src/object.o
AD_CH3              0x1a              ./applications/AD7995.o

Discarded input sections

 .text          0x00000000        0x0 d:/rt-threadstudio/platform/env_released/env/tools/gnu_gcc/arm_gcc/mingw/bin/../lib/gcc/arm-none-eabi/5.4.1/armv7-m/crti.o
[...]
Memory Configuration

Name             Origin             Length             Attributes
ROM              0x08000000         0x00010000         xr
RAM              0x20000000         0x00005000         rw
*default*        0x00000000         0xffffffff

Linker script and memory map

LOAD d:/rt-threadstudio/platform/env_released/env/tools/gnu_gcc/arm_gcc/mingw/bin/../lib/gcc/arm-none-eabi/5.4.1/armv7-m/crti.o
LOAD d:/rt-threadstudio/platform/env_released/env/tools/gnu_gcc/arm_gcc/mingw/bin/../lib/gcc/arm-none-eabi/5.4.1/armv7-m/crtbegin.o
LOAD d:/rt-threadstudio/platform/env_released/env/tools/gnu_gcc/arm_gcc/mingw/bin/../lib/gcc/arm-none-eabi/5.4.1/../../../../arm-none-eabi/lib/armv7-m/crt0.o
LOAD ./rt-thread/src/clock.o
LOAD ./rt-thread/src/components.o
LOAD ./rt-thread/src/device.o
LOAD ./rt-thread/src/idle.o
LOAD ./rt-thread/src/ipc.o
LOAD ./rt-thread/src/irq.o
LOAD ./rt-thread/src/kservice.o
LOAD ./rt-thread/src/mem.o
LOAD ./rt-thread/src/mempool.o
LOAD ./rt-thread/src/object.o
LOAD ./rt-thread/src/scheduler.o
LOAD ./rt-thread/src/signal.o
LOAD ./rt-thread/src/thread.o
LOAD ./rt-thread/src/timer.o
LOAD ./rt-thread/libcpu/arm/cortex-m3/context_gcc.o
LOAD ./rt-thread/libcpu/arm/cortex-m3/cpuport.o
LOAD ./rt-thread/libcpu/arm/common/backtrace.o
LOAD ./rt-thread/libcpu/arm/common/div0.o
LOAD ./rt-thread/libcpu/arm/common/showmem.o
LOAD ./rt-thread/components/libc/compilers/minilibc/ctype.o
LOAD ./rt-thread/components/libc/compilers/minilibc/math.o
LOAD ./rt-thread/components/libc/compilers/minilibc/qsort.o
LOAD ./rt-thread/components/libc/compilers/minilibc/rand.o
LOAD ./rt-thread/components/libc/compilers/minilibc/stdlib.o
LOAD ./rt-thread/components/libc/compilers/minilibc/string.o
LOAD ./rt-thread/components/libc/compilers/minilibc/time.o
LOAD ./rt-thread/components/finsh/cmd.o
LOAD ./rt-thread/components/finsh/msh.o
LOAD ./rt-thread/components/finsh/shell.o
LOAD ./rt-thread/components/drivers/src/completion.o
LOAD ./rt-thread/components/drivers/src/dataqueue.o
LOAD ./rt-thread/components/drivers/src/pipe.o
LOAD ./rt-thread/components/drivers/src/ringblk_buf.o
LOAD ./rt-thread/components/drivers/src/ringbuffer.o
LOAD ./rt-thread/components/drivers/src/waitqueue.o
LOAD ./rt-thread/components/drivers/src/workqueue.o
LOAD ./rt-thread/components/drivers/serial/serial.o
LOAD ./rt-thread/components/drivers/misc/pin.o
LOAD ./packages/freemodbus-latest/port/port.o
LOAD ./packages/freemodbus-latest/port/portevent.o
LOAD ./packages/freemodbus-latest/port/portserial.o
LOAD ./packages/freemodbus-latest/port/porttimer.o
LOAD ./packages/freemodbus-latest/port/user_mb_app.o
LOAD ./packages/freemodbus-latest/modbus/rtu/mbcrc.o
LOAD ./packages/freemodbus-latest/modbus/rtu/mbrtu.o
LOAD ./packages/freemodbus-latest/modbus/functions/mbfunccoils.o
LOAD ./packages/freemodbus-latest/modbus/functions/mbfuncdiag.o
LOAD ./packages/freemodbus-latest/modbus/functions/mbfuncdisc.o
LOAD ./packages/freemodbus-latest/modbus/functions/mbfuncholding.o
LOAD ./packages/freemodbus-latest/modbus/functions/mbfuncinput.o
LOAD ./packages/freemodbus-latest/modbus/functions/mbfuncother.o
LOAD ./packages/freemodbus-latest/modbus/functions/mbutils.o
LOAD ./packages/freemodbus-latest/modbus/mb.o
LOAD ./libraries/STM32F1xx_HAL_Driver/Src/Legacy/stm32f1xx_hal_can.o
LOAD ./libraries/STM32F1xx_HAL_Driver/Src/stm32f1xx_hal.o
LOAD ./libraries/STM32F1xx_HAL_Driver/Src/stm32f1xx_hal_adc.o
LOAD ./libraries/STM32F1xx_HAL_Driver/Src/stm32f1xx_hal_adc_ex.o
LOAD ./libraries/STM32F1xx_HAL_Driver/Src/stm32f1xx_hal_can.o
LOAD ./libraries/STM32F1xx_HAL_Driver/Src/stm32f1xx_hal_cec.o
LOAD ./libraries/STM32F1xx_HAL_Driver/Src/stm32f1xx_hal_cortex.o
LOAD ./libraries/STM32F1xx_HAL_Driver/Src/stm32f1xx_hal_crc.o
LOAD ./libraries/STM32F1xx_HAL_Driver/Src/stm32f1xx_hal_dac.o
LOAD ./libraries/STM32F1xx_HAL_Driver/Src/stm32f1xx_hal_dac_ex.o
LOAD ./libraries/STM32F1xx_HAL_Driver/Src/stm32f1xx_hal_dma.o
LOAD ./libraries/STM32F1xx_HAL_Driver/Src/stm32f1xx_hal_eth.o
LOAD ./libraries/STM32F1xx_HAL_Driver/Src/stm32f1xx_hal_exti.o
LOAD ./libraries/STM32F1xx_HAL_Driver/Src/stm32f1xx_hal_flash.o
LOAD ./libraries/STM32F1xx_HAL_Driver/Src/stm32f1xx_hal_flash_ex.o
LOAD ./libraries/STM32F1xx_HAL_Driver/Src/stm32f1xx_hal_gpio.o
LOAD ./libraries/STM32F1xx_HAL_Driver/Src/stm32f1xx_hal_gpio_ex.o
LOAD ./libraries/STM32F1xx_HAL_Driver/Src/stm32f1xx_hal_hcd.o
LOAD ./libraries/STM32F1xx_HAL_Driver/Src/stm32f1xx_hal_i2c.o
LOAD ./libraries/STM32F1xx_HAL_Driver/Src/stm32f1xx_hal_i2s.o
LOAD ./libraries/STM32F1xx_HAL_Driver/Src/stm32f1xx_hal_irda.o
LOAD ./libraries/STM32F1xx_HAL_Driver/Src/stm32f1xx_hal_iwdg.o
LOAD ./libraries/STM32F1xx_HAL_Driver/Src/stm32f1xx_hal_mmc.o
LOAD ./libraries/STM32F1xx_HAL_Driver/Src/stm32f1xx_hal_nand.o
LOAD ./libraries/STM32F1xx_HAL_Driver/Src/stm32f1xx_hal_nor.o
LOAD ./libraries/STM32F1xx_HAL_Driver/Src/stm32f1xx_hal_pccard.o
LOAD ./libraries/STM32F1xx_HAL_Driver/Src/stm32f1xx_hal_pcd.o
LOAD ./libraries/STM32F1xx_HAL_Driver/Src/stm32f1xx_hal_pcd_ex.o
LOAD ./libraries/STM32F1xx_HAL_Driver/Src/stm32f1xx_hal_pwr.o
LOAD ./libraries/STM32F1xx_HAL_Driver/Src/stm32f1xx_hal_rcc.o
LOAD ./libraries/STM32F1xx_HAL_Driver/Src/stm32f1xx_hal_rcc_ex.o
LOAD ./libraries/STM32F1xx_HAL_Driver/Src/stm32f1xx_hal_rtc.o
LOAD ./libraries/STM32F1xx_HAL_Driver/Src/stm32f1xx_hal_rtc_ex.o
LOAD ./libraries/STM32F1xx_HAL_Driver/Src/stm32f1xx_hal_sd.o
LOAD ./libraries/STM32F1xx_HAL_Driver/Src/stm32f1xx_hal_smartcard.o
LOAD ./libraries/STM32F1xx_HAL_Driver/Src/stm32f1xx_hal_spi.o
LOAD ./libraries/STM32F1xx_HAL_Driver/Src/stm32f1xx_hal_sram.o
LOAD ./libraries/STM32F1xx_HAL_Driver/Src/stm32f1xx_hal_tim.o
LOAD ./libraries/STM32F1xx_HAL_Driver/Src/stm32f1xx_hal_tim_ex.o
LOAD ./libraries/STM32F1xx_HAL_Driver/Src/stm32f1xx_hal_uart.o
LOAD ./libraries/STM32F1xx_HAL_Driver/Src/stm32f1xx_hal_usart.o
LOAD ./libraries/STM32F1xx_HAL_Driver/Src/stm32f1xx_hal_wwdg.o
LOAD ./libraries/CMSIS/Device/ST/STM32F1xx/Source/Templates/gcc/startup_stm32f103xb.o
LOAD ./libraries/CMSIS/Device/ST/STM32F1xx/Source/Templates/system_stm32f1xx.o
LOAD ./drivers/board.o
LOAD ./drivers/drv_common.o
LOAD ./drivers/drv_gpio.o
LOAD ./drivers/drv_usart.o
LOAD ./applications/AD7995.o
LOAD ./applications/Slave.o
LOAD ./applications/Zigbee.o
LOAD ./applications/main.o
START GROUP
LOAD d:/rt-threadstudio/platform/env_released/env/tools/gnu_gcc/arm_gcc/mingw/bin/../lib/gcc/arm-none-eabi/5.4.1/armv7-m\libgcc.a
LOAD d:/rt-threadstudio/platform/env_released/env/tools/gnu_gcc/arm_gcc/mingw/bin/../lib/gcc/arm-none-eabi/5.4.1/../../../../arm-none-eabi/lib/armv7-m\libg_nano.a
LOAD d:/rt-threadstudio/platform/env_released/env/tools/gnu_gcc/arm_gcc/mingw/bin/../lib/gcc/arm-none-eabi/5.4.1/../../../../arm-none-eabi/lib/armv7-m\libc_nano.a
END GROUP
START GROUP
LOAD d:/rt-threadstudio/platform/env_released/env/tools/gnu_gcc/arm_gcc/mingw/bin/../lib/gcc/arm-none-eabi/5.4.1/armv7-m\libgcc.a
LOAD d:/rt-threadstudio/platform/env_released/env/tools/gnu_gcc/arm_gcc/mingw/bin/../lib/gcc/arm-none-eabi/5.4.1/../../../../arm-none-eabi/lib/armv7-m\libc_nano.a
END GROUP
LOAD d:/rt-threadstudio/platform/env_released/env/tools/gnu_gcc/arm_gcc/mingw/bin/../lib/gcc/arm-none-eabi/5.4.1/armv7-m/crtend.o
LOAD d:/rt-threadstudio/platform/env_released/env/tools/gnu_gcc/arm_gcc/mingw/bin/../lib/gcc/arm-none-eabi/5.4.1/armv7-m/crtn.o
                0x00000200                _system_stack_size = 0x200

.text           0x08000000     0xec04
                0x08000000                . = ALIGN (0x4)
                0x08000000                _stext = .
 *(.isr_vector)
 .isr_vector    0x08000000      0x10c ./libraries/CMSIS/Device/ST/STM32F1xx/Source/Templates/gcc/startup_stm32f103xb.o
                0x08000000                g_pfnVectors
                0x0800010c                . = ALIGN (0x4)
 *(.text)
 .text          0x0800010c       0x5c d:/rt-threadstudio/platform/env_released/env/tools/gnu_gcc/arm_gcc/mingw/bin/../lib/gcc/arm-none-eabi/5.4.1/armv7-m/crtbegin.o
 .text          0x08000168      0x100 ./rt-thread/libcpu/arm/cortex-m3/context_gcc.o
                0x08000168                rt_hw_interrupt_disable
                0x08000170                rt_hw_interrupt_enable
                0x08000176                rt_hw_context_switch_interrupt
                0x08000176                rt_hw_context_switch
                0x08000196                PendSV_Handler
                0x080001d2                rt_hw_context_switch_to
                0x0800020e                rt_hw_interrupt_thread_switch
                0x08000212                HardFault_Handler
                0x08000248                rt_hw_interrupt_check
 *(.text.*)
 .text.rt_tick_get
                0x08000268       0x14 ./rt-thread/src/clock.o
                0x08000268                rt_tick_get
 .text.rt_tick_increase
                0x0800027c       0x58 ./rt-thread/src/clock.o
                0x0800027c                rt_tick_increase
 .text.rt_tick_from_millisecond
                0x080002d4       0x78 ./rt-thread/src/clock.o
                0x080002d4                rt_tick_from_millisecond
 .text.rti_start
                0x0800034c       0x10 ./rt-thread/src/components.o
 .text.rti_board_start
                0x0800035c       0x10 ./rt-thread/src/components.o
 .text.rti_board_end
                0x0800036c       0x10 ./rt-thread/src/components.o
 .text.rti_end  0x0800037c       0x10 ./rt-thread/src/components.o
 .text.rt_components_board_init
                0x0800038c       0x30 ./rt-thread/src/components.o
                0x0800038c                rt_components_board_init
 .text.rt_components_init
                0x080003bc       0x30 ./rt-thread/src/components.o
                0x080003bc                rt_components_init
 .text.entry    0x080003ec       0x10 ./rt-thread/src/components.o
                0x080003ec                entry
 .text.main_thread_entry
                0x080003fc       0x18 ./rt-thread/src/components.o
                0x080003fc                main_thread_entry
 .text.rt_application_init
                0x08000414       0x4c ./rt-thread/src/components.o
                0x08000414                rt_application_init
 .text.rtthread_startup
                0x08000460       0x30 ./rt-thread/src/components.o
                0x08000460                rtthread_startup
 .text.rt_device_register
                0x08000490       0x54 ./rt-thread/src/device.o
                0x08000490                rt_device_register
 .text.rt_device_find
                0x080004e4       0x90 ./rt-thread/src/device.o
                0x080004e4                rt_device_find
 .text.rt_device_open
                0x08000574      0x11c ./rt-thread/src/device.o
                0x08000574                rt_device_open
 .text.rt_device_close
                0x08000690       0x9c ./rt-thread/src/device.o
                0x08000690                rt_device_close
 .text.rt_device_read
                0x0800072c       0x88 ./rt-thread/src/device.o
                0x0800072c                rt_device_read
 .text.rt_device_write
                0x080007b4       0x88 ./rt-thread/src/device.o
                0x080007b4                rt_device_write
 .text.rt_device_control
                0x0800083c       0x68 ./rt-thread/src/device.o
                0x0800083c                rt_device_control
 .text.rt_device_set_rx_indicate
                0x080008a4       0x54 ./rt-thread/src/device.o
                0x080008a4                rt_device_set_rx_indicate
 .text.rt_list_remove
                0x080008f8       0x34 ./rt-thread/src/idle.o
 .text._has_defunct_thread
                0x0800092c       0x28 ./rt-thread/src/idle.o
 .text.rt_thread_idle_excute
                0x08000954       0xc8 ./rt-thread/src/idle.o
                0x08000954                rt_thread_idle_excute
 .text.rt_thread_idle_entry
                0x08000a1c       0x3c ./rt-thread/src/idle.o
 .text.rt_thread_idle_init
                0x08000a58       0x74 ./rt-thread/src/idle.o
                0x08000a58                rt_thread_idle_init
 .text.rt_list_init
                0x08000acc       0x20 ./rt-thread/src/ipc.o
 .text.rt_list_insert_before
                0x08000aec       0x30 ./rt-thread/src/ipc.o
 .text.rt_list_isempty
                0x08000b1c       0x24 ./rt-thread/src/ipc.o
 .text.rt_ipc_object_init
                0x08000b40       0x1c ./rt-thread/src/ipc.o
 .text.rt_ipc_list_suspend
                0x08000b5c       0x90 ./rt-thread/src/ipc.o
 .text.rt_ipc_list_resume
                0x08000bec       0x20 ./rt-thread/src/ipc.o
 .text.rt_sem_init
                0x08000c0c       0x68 ./rt-thread/src/ipc.o
                0x08000c0c                rt_sem_init
 .text.rt_sem_take
                0x08000c74      0x160 ./rt-thread/src/ipc.o
                0x08000c74                rt_sem_take
 .text.rt_sem_release
                0x08000dd4       0xa0 ./rt-thread/src/ipc.o
                0x08000dd4                rt_sem_release
 .text.rt_event_init
                0x08000e74       0x54 ./rt-thread/src/ipc.o
                0x08000e74                rt_event_init
 .text.rt_event_send
                0x08000ec8      0x148 ./rt-thread/src/ipc.o
                0x08000ec8                rt_event_send
 .text.rt_event_recv
                0x08001010      0x1fc ./rt-thread/src/ipc.o
                0x08001010                rt_event_recv
 .text.rt_interrupt_enter
                0x0800120c       0x40 ./rt-thread/src/irq.o
                0x0800120c                rt_interrupt_enter
 .text.rt_interrupt_leave
                0x0800124c       0x40 ./rt-thread/src/irq.o
                0x0800124c                rt_interrupt_leave
 .text.rt_interrupt_get_nest
                0x0800128c       0x28 ./rt-thread/src/irq.o
                0x0800128c                rt_interrupt_get_nest
 .text.rt_set_errno
                0x080012b4       0x40 ./rt-thread/src/kservice.o
                0x080012b4                rt_set_errno
 .text.rt_memset
                0x080012f4       0xb4 ./rt-thread/src/kservice.o
                0x080012f4                rt_memset
                0x080012f4                memset
 .text.rt_memcpy
                0x080013a8       0xd0 ./rt-thread/src/kservice.o
                0x080013a8                rt_memcpy
                0x080013a8                memcpy
 .text.rt_memmove
                0x08001478       0x80 ./rt-thread/src/kservice.o
                0x08001478                rt_memmove
                0x08001478                memmove
 .text.rt_memcmp
                0x080014f8       0x58 ./rt-thread/src/kservice.o
                0x080014f8                rt_memcmp
                0x080014f8                memcmp
 .text.rt_strncpy
                0x08001550       0x64 ./rt-thread/src/kservice.o
                0x08001550                rt_strncpy
 .text.rt_strncmp
                0x080015b4       0x4c ./rt-thread/src/kservice.o
                0x080015b4                rt_strncmp
 .text.rt_strlen
                0x08001600       0x2c ./rt-thread/src/kservice.o
                0x08001600                strlen
                0x08001600                rt_strlen
 .text.rt_show_version
                0x0800162c       0x44 ./rt-thread/src/kservice.o
                0x0800162c                rt_show_version
 .text.divide   0x08001670       0x68 ./rt-thread/src/kservice.o
 .text.skip_atoi
                0x080016d8       0x40 ./rt-thread/src/kservice.o
 .text.print_number
                0x08001718      0x1dc ./rt-thread/src/kservice.o
 .text.rt_vsnprintf
                0x080018f4      0x548 ./rt-thread/src/kservice.o
                0x080018f4                rt_vsnprintf
 .text.rt_snprintf
                0x08001e3c       0x30 ./rt-thread/src/kservice.o
                0x08001e3c                rt_snprintf
                0x08001e3c                snprintf
 .text.rt_vsprintf
                0x08001e6c       0x24 ./rt-thread/src/kservice.o
                0x08001e6c                rt_vsprintf
                0x08001e6c                vsprintf
 .text.rt_sprintf
                0x08001e90       0x2c ./rt-thread/src/kservice.o
                0x08001e90                sprintf
                0x08001e90                rt_sprintf
 .text.rt_console_get_device
                0x08001ebc       0x14 ./rt-thread/src/kservice.o
                0x08001ebc                rt_console_get_device
 .text.rt_console_set_device
                0x08001ed0       0x4c ./rt-thread/src/kservice.o
                0x08001ed0                rt_console_set_device
 .text.rt_hw_console_output
                0x08001f1c       0x14 ./rt-thread/src/kservice.o
                0x08001f1c                rt_hw_console_output
 .text.rt_kprintf
                0x08001f30       0x80 ./rt-thread/src/kservice.o
                0x08001f30                rt_kprintf
 .text.rt_assert_handler
                0x08001fb0       0x4c ./rt-thread/src/kservice.o
                0x08001fb0                rt_assert_handler
 .text.plug_holes
                0x08001ffc      0x100 ./rt-thread/src/mem.o
 .text.rt_system_heap_init
                0x080020fc      0x118 ./rt-thread/src/mem.o
                0x080020fc                rt_system_heap_init
 .text.rt_malloc
                0x08002214      0x294 ./rt-thread/src/mem.o
                0x08002214                rt_malloc
 .text.rt_calloc
                0x080024a8       0x3c ./rt-thread/src/mem.o
                0x080024a8                rt_calloc
 .text.rt_free  0x080024e4      0x188 ./rt-thread/src/mem.o
                0x080024e4                rt_free
 .text.list_mem
                0x0800266c       0x44 ./rt-thread/src/mem.o
                0x0800266c                list_mem
 .text.rt_list_insert_after
                0x080026b0       0x30 ./rt-thread/src/object.o
 .text.rt_list_remove
                0x080026e0       0x34 ./rt-thread/src/object.o
 .text.rt_object_get_information
                0x08002714       0x48 ./rt-thread/src/object.o
                0x08002714                rt_object_get_information
 .text.rt_object_init
                0x0800275c       0xc8 ./rt-thread/src/object.o
                0x0800275c                rt_object_init
 .text.rt_object_detach
                0x08002824       0x5c ./rt-thread/src/object.o
                0x08002824                rt_object_detach
 .text.rt_object_allocate
                0x08002880       0xd8 ./rt-thread/src/object.o
                0x08002880                rt_object_allocate
 .text.rt_object_delete
                0x08002958       0x7c ./rt-thread/src/object.o
                0x08002958                rt_object_delete
 .text.rt_object_is_systemobject
                0x080029d4       0x3c ./rt-thread/src/object.o
                0x080029d4                rt_object_is_systemobject
 .text.rt_object_get_type
                0x08002a10       0x34 ./rt-thread/src/object.o
                0x08002a10                rt_object_get_type
 .text.rt_list_init
                0x08002a44       0x20 ./rt-thread/src/scheduler.o
 .text.rt_list_insert_before
                0x08002a64       0x30 ./rt-thread/src/scheduler.o
 .text.rt_list_remove
                0x08002a94       0x34 ./rt-thread/src/scheduler.o
 .text.rt_list_isempty
                0x08002ac8       0x24 ./rt-thread/src/scheduler.o
 .text._rt_scheduler_stack_check
                0x08002aec       0x98 ./rt-thread/src/scheduler.o
 .text._get_highest_priority_thread
                0x08002b84       0x38 ./rt-thread/src/scheduler.o
 .text.rt_system_scheduler_init
                0x08002bbc       0x40 ./rt-thread/src/scheduler.o
                0x08002bbc                rt_system_scheduler_init
 .text.rt_system_scheduler_start
                0x08002bfc       0x38 ./rt-thread/src/scheduler.o
                0x08002bfc                rt_system_scheduler_start
 .text.rt_schedule
                0x08002c34      0x188 ./rt-thread/src/scheduler.o
                0x08002c34                rt_schedule
 .text.rt_schedule_insert_thread
                0x08002dbc       0xac ./rt-thread/src/scheduler.o
                0x08002dbc                rt_schedule_insert_thread
 .text.rt_schedule_remove_thread
                0x08002e68       0x70 ./rt-thread/src/scheduler.o
                0x08002e68                rt_schedule_remove_thread
 .text.rt_enter_critical
                0x08002ed8       0x2c ./rt-thread/src/scheduler.o
                0x08002ed8                rt_enter_critical
 .text.rt_exit_critical
                0x08002f04       0x54 ./rt-thread/src/scheduler.o
                0x08002f04                rt_exit_critical
 .text.rt_list_init
                0x08002f58       0x20 ./rt-thread/src/thread.o
 .text.rt_list_insert_after
                0x08002f78       0x30 ./rt-thread/src/thread.o
 .text.rt_list_remove
                0x08002fa8       0x34 ./rt-thread/src/thread.o
 .text.rt_thread_exit
                0x08002fdc       0x68 ./rt-thread/src/thread.o
                0x08002fdc                rt_thread_exit
 .text._rt_thread_init
                0x08003044       0xf8 ./rt-thread/src/thread.o
 .text.rt_thread_init
                0x0800313c       0x6c ./rt-thread/src/thread.o
                0x0800313c                rt_thread_init
 .text.rt_thread_self
                0x080031a8       0x14 ./rt-thread/src/thread.o
                0x080031a8                rt_thread_self
 .text.rt_thread_startup
                0x080031bc       0xa0 ./rt-thread/src/thread.o
                0x080031bc                rt_thread_startup
 .text.rt_thread_create
                0x0800325c       0x64 ./rt-thread/src/thread.o
                0x0800325c                rt_thread_create
 .text.rt_thread_delete
                0x080032c0       0xa8 ./rt-thread/src/thread.o
                0x080032c0                rt_thread_delete
 .text.rt_thread_yield
                0x08003368       0x10 ./rt-thread/src/thread.o
                0x08003368                rt_thread_yield
 .text.rt_thread_sleep
                0x08003378       0x8c ./rt-thread/src/thread.o
                0x08003378                rt_thread_sleep
 .text.rt_thread_delay
                0x08003404       0x18 ./rt-thread/src/thread.o
                0x08003404                rt_thread_delay
 .text.rt_thread_mdelay
                0x0800341c       0x20 ./rt-thread/src/thread.o
                0x0800341c                rt_thread_mdelay
 .text.rt_thread_suspend
                0x0800343c       0xcc ./rt-thread/src/thread.o
                0x0800343c                rt_thread_suspend
 .text.rt_thread_resume
                0x08003508       0x98 ./rt-thread/src/thread.o
                0x08003508                rt_thread_resume
 .text.rt_thread_timeout
                0x080035a0       0x84 ./rt-thread/src/thread.o
                0x080035a0                rt_thread_timeout
 .text.rt_list_init
                0x08003624       0x20 ./rt-thread/src/timer.o
 .text.rt_list_insert_after
                0x08003644       0x30 ./rt-thread/src/timer.o
 .text.rt_list_remove
                0x08003674       0x34 ./rt-thread/src/timer.o
 .text.rt_list_isempty
                0x080036a8       0x24 ./rt-thread/src/timer.o
 .text._rt_timer_init
                0x080036cc       0x68 ./rt-thread/src/timer.o
 .text.rt_timer_list_next_timeout
                0x08003734       0x30 ./rt-thread/src/timer.o
 .text._rt_timer_remove
                0x08003764       0x34 ./rt-thread/src/timer.o
 .text.rt_timer_init
                0x08003798       0x48 ./rt-thread/src/timer.o
                0x08003798                rt_timer_init
 .text.rt_timer_detach
                0x080037e0       0x7c ./rt-thread/src/timer.o
                0x080037e0                rt_timer_detach
 .text.rt_timer_start
                0x0800385c      0x23c ./rt-thread/src/timer.o
                0x0800385c                rt_timer_start
 .text.rt_timer_stop
                0x08003a98       0x94 ./rt-thread/src/timer.o
                0x08003a98                rt_timer_stop
 .text.rt_timer_control
                0x08003b2c       0xa0 ./rt-thread/src/timer.o
                0x08003b2c                rt_timer_control
 .text.rt_timer_check
                0x08003bcc       0xcc ./rt-thread/src/timer.o
                0x08003bcc                rt_timer_check
 .text.rt_soft_timer_check
                0x08003c98       0xd8 ./rt-thread/src/timer.o
                0x08003c98                rt_soft_timer_check
 .text.rt_thread_timer_entry
                0x08003d70       0x58 ./rt-thread/src/timer.o
 .text.rt_system_timer_init
                0x08003dc8       0x34 ./rt-thread/src/timer.o
                0x08003dc8                rt_system_timer_init
 .text.rt_system_timer_thread_init
                0x08003dfc       0x68 ./rt-thread/src/timer.o
                0x08003dfc                rt_system_timer_thread_init
 .text.rt_hw_stack_init
                0x08003e64       0x88 ./rt-thread/libcpu/arm/cortex-m3/cpuport.o
                0x08003e64                rt_hw_stack_init
 .text.usage_fault_track
                0x08003eec       0xc4 ./rt-thread/libcpu/arm/cortex-m3/cpuport.o
 .text.bus_fault_track
                0x08003fb0       0xcc ./rt-thread/libcpu/arm/cortex-m3/cpuport.o
 .text.mem_manage_fault_track
                0x0800407c       0xb4 ./rt-thread/libcpu/arm/cortex-m3/cpuport.o
 .text.hard_fault_track
                0x08004130       0x78 ./rt-thread/libcpu/arm/cortex-m3/cpuport.o
 .text.rt_hw_hard_fault_exception
                0x080041a8      0x168 ./rt-thread/libcpu/arm/cortex-m3/cpuport.o
                0x080041a8                rt_hw_hard_fault_exception
 .text.rt_hw_cpu_reset
                0x08004310       0x1c ./rt-thread/libcpu/arm/cortex-m3/cpuport.o
                0x08004310                rt_hw_cpu_reset
 .text.__rt_ffs
                0x0800432c       0x28 ./rt-thread/libcpu/arm/cortex-m3/cpuport.o
                0x0800432c                __rt_ffs
 .text.strncpy  0x08004354       0x20 ./rt-thread/components/libc/compilers/minilibc/string.o
                0x08004354                strncpy
 .text.strncmp  0x08004374       0x4c ./rt-thread/components/libc/compilers/minilibc/string.o
                0x08004374                strncmp
 .text.rt_list_isempty
                0x080043c0       0x24 ./rt-thread/components/finsh/cmd.o
 .text.rt_list_len
                0x080043e4       0x34 ./rt-thread/components/finsh/cmd.o
 .text.hello    0x08004418       0x14 ./rt-thread/components/finsh/cmd.o
                0x08004418                hello
 .text.version  0x0800442c       0x10 ./rt-thread/components/finsh/cmd.o
                0x0800442c                version
 .text.object_split
                0x0800443c       0x28 ./rt-thread/components/finsh/cmd.o
 .text.list_find_init
                0x08004464       0x48 ./rt-thread/components/finsh/cmd.o
 .text.list_get_next
                0x080044ac       0xc8 ./rt-thread/components/finsh/cmd.o
 .text.list_thread
                0x08004574      0x208 ./rt-thread/components/finsh/cmd.o
                0x08004574                list_thread
 .text.show_wait_queue
                0x0800477c       0x50 ./rt-thread/components/finsh/cmd.o
 .text.list_sem
                0x080047cc      0x12c ./rt-thread/components/finsh/cmd.o
                0x080047cc                list_sem
 .text.list_event
                0x080048f8      0x118 ./rt-thread/components/finsh/cmd.o
                0x080048f8                list_event
 .text.list_mutex
                0x08004a10       0xe8 ./rt-thread/components/finsh/cmd.o
                0x08004a10                list_mutex
 .text.list_mailbox
                0x08004af8      0x13c ./rt-thread/components/finsh/cmd.o
                0x08004af8                list_mailbox
 .text.list_msgqueue
                0x08004c34      0x12c ./rt-thread/components/finsh/cmd.o
                0x08004c34                list_msgqueue
 .text.list_mempool
                0x08004d60      0x144 ./rt-thread/components/finsh/cmd.o
                0x08004d60                list_mempool
 .text.list_timer
                0x08004ea4      0x108 ./rt-thread/components/finsh/cmd.o
                0x08004ea4                list_timer
 .text.list_device
                0x08004fac       0xf0 ./rt-thread/components/finsh/cmd.o
                0x08004fac                list_device
 .text.list     0x0800509c       0x6c ./rt-thread/components/finsh/cmd.o
                0x0800509c                list
 .text.msh_is_used
                0x08005108       0x10 ./rt-thread/components/finsh/msh.o
                0x08005108                msh_is_used
 .text.msh_help
                0x08005118       0x7c ./rt-thread/components/finsh/msh.o
                0x08005118                msh_help
 .text.cmd_ps   0x08005194       0x18 ./rt-thread/components/finsh/msh.o
                0x08005194                cmd_ps
 .text.cmd_free
                0x080051ac       0x18 ./rt-thread/components/finsh/msh.o
                0x080051ac                cmd_free
 .text.msh_split
                0x080051c4      0x170 ./rt-thread/components/finsh/msh.o
 .text.msh_get_cmd
                0x08005334       0x80 ./rt-thread/components/finsh/msh.o
 .text._msh_exec_cmd
                0x080053b4       0xd4 ./rt-thread/components/finsh/msh.o
 .text.msh_exec
                0x08005488       0x84 ./rt-thread/components/finsh/msh.o
                0x08005488                msh_exec
 .text.str_common
                0x0800550c       0x48 ./rt-thread/components/finsh/msh.o
 .text.msh_auto_complete
                0x08005554       0xd0 ./rt-thread/components/finsh/msh.o
                0x08005554                msh_auto_complete
 .text.finsh_get_prompt
                0x08005624       0xa0 ./rt-thread/components/finsh/shell.o
                0x08005624                finsh_get_prompt
 .text.finsh_set_prompt_mode
                0x080056c4       0x48 ./rt-thread/components/finsh/shell.o
                0x080056c4                finsh_set_prompt_mode
 .text.finsh_getchar
                0x0800570c       0x5c ./rt-thread/components/finsh/shell.o
 .text.finsh_rx_ind
                0x08005768       0x3c ./rt-thread/components/finsh/shell.o
 .text.finsh_set_device
                0x080057a4       0xd8 ./rt-thread/components/finsh/shell.o
                0x080057a4                finsh_set_device
 .text.shell_auto_complete
                0x0800587c       0x40 ./rt-thread/components/finsh/shell.o
 .text.shell_handle_history
                0x080058bc       0x34 ./rt-thread/components/finsh/shell.o
 .text.shell_push_history
                0x080058f0      0x160 ./rt-thread/components/finsh/shell.o
 .text.finsh_thread_entry
                0x08005a50      0x5d8 ./rt-thread/components/finsh/shell.o
                0x08005a50                finsh_thread_entry
 .text.finsh_system_function_init
                0x08006028       0x28 ./rt-thread/components/finsh/shell.o
                0x08006028                finsh_system_function_init
 .text.finsh_system_var_init
                0x08006050       0x28 ./rt-thread/components/finsh/shell.o
                0x08006050                finsh_system_var_init
 .text.finsh_system_init
                0x08006078       0xac ./rt-thread/components/finsh/shell.o
                0x08006078                finsh_system_init
 .text.rt_list_init
                0x08006124       0x20 ./rt-thread/components/drivers/src/completion.o
 .text.rt_list_insert_before
                0x08006144       0x30 ./rt-thread/components/drivers/src/completion.o
 .text.rt_list_isempty
                0x08006174       0x24 ./rt-thread/components/drivers/src/completion.o
 .text.rt_completion_init
                0x08006198       0x44 ./rt-thread/components/drivers/src/completion.o
                0x08006198                rt_completion_init
 .text.rt_completion_wait
                0x080061dc       0xfc ./rt-thread/components/drivers/src/completion.o
                0x080061dc                rt_completion_wait
 .text.rt_completion_done
                0x080062d8       0x70 ./rt-thread/components/drivers/src/completion.o
                0x080062d8                rt_completion_done
 .text._serial_poll_rx
                0x08006348       0x74 ./rt-thread/components/drivers/serial/serial.o
 .text._serial_poll_tx
                0x080063bc       0x7c ./rt-thread/components/drivers/serial/serial.o
 .text._serial_int_rx
                0x08006438       0xd8 ./rt-thread/components/drivers/serial/serial.o
 .text._serial_int_tx
                0x08006510       0x90 ./rt-thread/components/drivers/serial/serial.o
 .text._serial_check_buffer_size
                0x080065a0       0x38 ./rt-thread/components/drivers/serial/serial.o
 .text.rt_serial_init
                0x080065d8       0x5c ./rt-thread/components/drivers/serial/serial.o
 .text.rt_serial_open
                0x08006634      0x20c ./rt-thread/components/drivers/serial/serial.o
 .text.rt_serial_close
                0x08006840       0xe0 ./rt-thread/components/drivers/serial/serial.o
 .text.rt_serial_read
                0x08006920       0x68 ./rt-thread/components/drivers/serial/serial.o
 .text.rt_serial_write
                0x08006988       0x68 ./rt-thread/components/drivers/serial/serial.o
 .text.rt_serial_control
                0x080069f0       0xd0 ./rt-thread/components/drivers/serial/serial.o
 .text.rt_hw_serial_register
                0x08006ac0       0x9c ./rt-thread/components/drivers/serial/serial.o
                0x08006ac0                rt_hw_serial_register
 .text.rt_hw_serial_isr
                0x08006b5c      0x14c ./rt-thread/components/drivers/serial/serial.o
                0x08006b5c                rt_hw_serial_isr
 .text._pin_read
                0x08006ca8       0x60 ./rt-thread/components/drivers/misc/pin.o
 .text._pin_write
                0x08006d08       0x5c ./rt-thread/components/drivers/misc/pin.o
 .text._pin_control
                0x08006d64       0x58 ./rt-thread/components/drivers/misc/pin.o
 .text.rt_device_pin_register
                0x08006dbc       0x74 ./rt-thread/components/drivers/misc/pin.o
                0x08006dbc                rt_device_pin_register
 .text.rt_pin_mode
                0x08006e30       0x40 ./rt-thread/components/drivers/misc/pin.o
                0x08006e30                rt_pin_mode
 .text.rt_pin_write
                0x08006e70       0x40 ./rt-thread/components/drivers/misc/pin.o
                0x08006e70                rt_pin_write
 .text.rt_pin_read
                0x08006eb0       0x3c ./rt-thread/components/drivers/misc/pin.o
                0x08006eb0                rt_pin_read
 .text.EnterCriticalSection
                0x08006eec        0xc ./packages/freemodbus-latest/port/port.o
                0x08006eec                EnterCriticalSection
 .text.ExitCriticalSection
                0x08006ef8        0xc ./packages/freemodbus-latest/port/port.o
                0x08006ef8                ExitCriticalSection
 .text.xMBPortEventInit
                0x08006f04       0x1c ./packages/freemodbus-latest/port/portevent.o
                0x08006f04                xMBPortEventInit
 .text.xMBPortEventPost
                0x08006f20       0x24 ./packages/freemodbus-latest/port/portevent.o
                0x08006f20                xMBPortEventPost
 .text.xMBPortEventGet
                0x08006f44       0x7c ./packages/freemodbus-latest/port/portevent.o
                0x08006f44                xMBPortEventGet
 .text.xMBPortSerialInit
                0x08006fc0      0x17c ./packages/freemodbus-latest/port/portserial.o
                0x08006fc0                xMBPortSerialInit
 .text.vMBPortSerialEnable
                0x0800713c       0x84 ./packages/freemodbus-latest/port/portserial.o
                0x0800713c                vMBPortSerialEnable
 .text.xMBPortSerialPutByte
                0x080071c0       0x2c ./packages/freemodbus-latest/port/portserial.o
                0x080071c0                xMBPortSerialPutByte
 .text.xMBPortSerialGetByte
                0x080071ec       0x2c ./packages/freemodbus-latest/port/portserial.o
                0x080071ec                xMBPortSerialGetByte
 .text.prvvUARTTxReadyISR
                0x08007218       0x14 ./packages/freemodbus-latest/port/portserial.o
 .text.prvvUARTRxISR
                0x0800722c       0x14 ./packages/freemodbus-latest/port/portserial.o
 .text.serial_soft_trans_irq
                0x08007240       0x28 ./packages/freemodbus-latest/port/portserial.o
 .text.serial_rx_ind
                0x08007268       0x18 ./packages/freemodbus-latest/port/portserial.o
 .text.xMBPortTimersInit
                0x08007280       0x50 ./packages/freemodbus-latest/port/porttimer.o
                0x08007280                xMBPortTimersInit
 .text.vMBPortTimersEnable
                0x080072d0       0x14 ./packages/freemodbus-latest/port/porttimer.o
                0x080072d0                vMBPortTimersEnable
 .text.vMBPortTimersDisable
                0x080072e4       0x14 ./packages/freemodbus-latest/port/porttimer.o
                0x080072e4                vMBPortTimersDisable
 .text.prvvTIMERExpiredISR
                0x080072f8       0x14 ./packages/freemodbus-latest/port/porttimer.o
 .text.timer_timeout_ind
                0x0800730c       0x14 ./packages/freemodbus-latest/port/porttimer.o
 .text.eMBRegInputCB
                0x08007320       0xa8 ./packages/freemodbus-latest/port/user_mb_app.o
                0x08007320                eMBRegInputCB
 .text.eMBRegHoldingCB
                0x080073c8      0x10c ./packages/freemodbus-latest/port/user_mb_app.o
                0x080073c8                eMBRegHoldingCB
 .text.eMBRegCoilsCB
                0x080074d4      0x15c ./packages/freemodbus-latest/port/user_mb_app.o
                0x080074d4                eMBRegCoilsCB
 .text.eMBRegDiscreteCB
                0x08007630       0xe8 ./packages/freemodbus-latest/port/user_mb_app.o
                0x08007630                eMBRegDiscreteCB
 .text.usMBCRC16
                0x08007718       0x6c ./packages/freemodbus-latest/modbus/rtu/mbcrc.o
                0x08007718                usMBCRC16
 .text.eMBRTUInit
                0x08007784       0x78 ./packages/freemodbus-latest/modbus/rtu/mbrtu.o
                0x08007784                eMBRTUInit
 .text.eMBRTUStart
                0x080077fc       0x28 ./packages/freemodbus-latest/modbus/rtu/mbrtu.o
                0x080077fc                eMBRTUStart
 .text.eMBRTUStop
                0x08007824       0x1c ./packages/freemodbus-latest/modbus/rtu/mbrtu.o
                0x08007824                eMBRTUStop
 .text.eMBRTUReceive
                0x08007840       0x90 ./packages/freemodbus-latest/modbus/rtu/mbrtu.o
                0x08007840                eMBRTUReceive
 .text.eMBRTUSend
                0x080078d0       0xc8 ./packages/freemodbus-latest/modbus/rtu/mbrtu.o
                0x080078d0                eMBRTUSend
 .text.xMBRTUReceiveFSM
                0x08007998       0xcc ./packages/freemodbus-latest/modbus/rtu/mbrtu.o
                0x08007998                xMBRTUReceiveFSM
 .text.xMBRTUTransmitFSM
                0x08007a64       0xa8 ./packages/freemodbus-latest/modbus/rtu/mbrtu.o
                0x08007a64                xMBRTUTransmitFSM
 .text.xMBRTUTimerT35Expired
                0x08007b0c       0x88 ./packages/freemodbus-latest/modbus/rtu/mbrtu.o
                0x08007b0c                xMBRTUTimerT35Expired
 .text.eMBFuncReadCoils
                0x08007b94      0x100 ./packages/freemodbus-latest/modbus/functions/mbfunccoils.o
                0x08007b94                eMBFuncReadCoils
 .text.eMBFuncWriteCoil
                0x08007c94       0xa8 ./packages/freemodbus-latest/modbus/functions/mbfunccoils.o
                0x08007c94                eMBFuncWriteCoil
 .text.eMBFuncWriteMultipleCoils
                0x08007d3c       0xd0 ./packages/freemodbus-latest/modbus/functions/mbfunccoils.o
                0x08007d3c                eMBFuncWriteMultipleCoils
 .text.eMBFuncReadDiscreteInputs
                0x08007e0c      0x100 ./packages/freemodbus-latest/modbus/functions/mbfuncdisc.o
                0x08007e0c                eMBFuncReadDiscreteInputs
 .text.eMBFuncWriteHoldingRegister
                0x08007f0c       0x6c ./packages/freemodbus-latest/modbus/functions/mbfuncholding.o
                0x08007f0c                eMBFuncWriteHoldingRegister
 .text.eMBFuncWriteMultipleHoldingRegister
                0x08007f78       0xb4 ./packages/freemodbus-latest/modbus/functions/mbfuncholding.o
                0x08007f78                eMBFuncWriteMultipleHoldingRegister
 .text.eMBFuncReadHoldingRegister
                0x0800802c       0xe4 ./packages/freemodbus-latest/modbus/functions/mbfuncholding.o
                0x0800802c                eMBFuncReadHoldingRegister
 .text.eMBFuncReadWriteMultipleHoldingRegister
                0x08008110      0x154 ./packages/freemodbus-latest/modbus/functions/mbfuncholding.o
                0x08008110                eMBFuncReadWriteMultipleHoldingRegister
 .text.eMBFuncReadInputRegister
                0x08008264       0xe4 ./packages/freemodbus-latest/modbus/functions/mbfuncinput.o
                0x08008264                eMBFuncReadInputRegister
 .text.eMBFuncReportSlaveID
                0x08008348       0x38 ./packages/freemodbus-latest/modbus/functions/mbfuncother.o
                0x08008348                eMBFuncReportSlaveID
 .text.xMBUtilSetBits
                0x08008380       0xd4 ./packages/freemodbus-latest/modbus/functions/mbutils.o
                0x08008380                xMBUtilSetBits
 .text.xMBUtilGetBits
                0x08008454       0x74 ./packages/freemodbus-latest/modbus/functions/mbutils.o
                0x08008454                xMBUtilGetBits
 .text.prveMBError2Exception
                0x080084c8       0x3c ./packages/freemodbus-latest/modbus/functions/mbutils.o
                0x080084c8                prveMBError2Exception
 .text.eMBInit  0x08008504       0xfc ./packages/freemodbus-latest/modbus/mb.o
                0x08008504                eMBInit
 .text.eMBEnable
                0x08008600       0x38 ./packages/freemodbus-latest/modbus/mb.o
                0x08008600                eMBEnable
 .text.eMBPoll  0x08008638      0x188 ./packages/freemodbus-latest/modbus/mb.o
                0x08008638                eMBPoll
 .text.HAL_Init
                0x080087c0       0x2c ./libraries/STM32F1xx_HAL_Driver/Src/stm32f1xx_hal.o
                0x080087c0                HAL_Init
 .text.HAL_MspInit
                0x080087ec        0xc ./libraries/STM32F1xx_HAL_Driver/Src/stm32f1xx_hal.o
                0x080087ec                HAL_MspInit
 .text.HAL_IncTick
                0x080087f8       0x24 ./libraries/STM32F1xx_HAL_Driver/Src/stm32f1xx_hal.o
                0x080087f8                HAL_IncTick
 .text.__NVIC_SetPriorityGrouping
                0x0800881c       0x48 ./libraries/STM32F1xx_HAL_Driver/Src/stm32f1xx_hal_cortex.o
 .text.__NVIC_GetPriorityGrouping
                0x08008864       0x1c ./libraries/STM32F1xx_HAL_Driver/Src/stm32f1xx_hal_cortex.o
 .text.__NVIC_EnableIRQ
                0x08008880       0x38 ./libraries/STM32F1xx_HAL_Driver/Src/stm32f1xx_hal_cortex.o
 .text.__NVIC_DisableIRQ
                0x080088b8       0x44 ./libraries/STM32F1xx_HAL_Driver/Src/stm32f1xx_hal_cortex.o
 .text.__NVIC_SetPriority
                0x080088fc       0x54 ./libraries/STM32F1xx_HAL_Driver/Src/stm32f1xx_hal_cortex.o
 .text.NVIC_EncodePriority
                0x08008950       0x60 ./libraries/STM32F1xx_HAL_Driver/Src/stm32f1xx_hal_cortex.o
 .text.SysTick_Config
                0x080089b0       0x44 ./libraries/STM32F1xx_HAL_Driver/Src/stm32f1xx_hal_cortex.o
 .text.HAL_NVIC_SetPriorityGrouping
                0x080089f4       0x18 ./libraries/STM32F1xx_HAL_Driver/Src/stm32f1xx_hal_cortex.o
                0x080089f4                HAL_NVIC_SetPriorityGrouping
 .text.HAL_NVIC_SetPriority
                0x08008a0c       0x38 ./libraries/STM32F1xx_HAL_Driver/Src/stm32f1xx_hal_cortex.o
                0x08008a0c                HAL_NVIC_SetPriority
 .text.HAL_NVIC_EnableIRQ
                0x08008a44       0x1c ./libraries/STM32F1xx_HAL_Driver/Src/stm32f1xx_hal_cortex.o
                0x08008a44                HAL_NVIC_EnableIRQ
 .text.HAL_NVIC_DisableIRQ
                0x08008a60       0x1c ./libraries/STM32F1xx_HAL_Driver/Src/stm32f1xx_hal_cortex.o
                0x08008a60                HAL_NVIC_DisableIRQ
 .text.HAL_SYSTICK_Config
                0x08008a7c       0x18 ./libraries/STM32F1xx_HAL_Driver/Src/stm32f1xx_hal_cortex.o
                0x08008a7c                HAL_SYSTICK_Config
 .text.HAL_SYSTICK_CLKSourceConfig
                0x08008a94       0x38 ./libraries/STM32F1xx_HAL_Driver/Src/stm32f1xx_hal_cortex.o
                0x08008a94                HAL_SYSTICK_CLKSourceConfig
 .text.HAL_DMA_Start_IT
                0x08008acc       0xc0 ./libraries/STM32F1xx_HAL_Driver/Src/stm32f1xx_hal_dma.o
                0x08008acc                HAL_DMA_Start_IT
 .text.DMA_SetConfig
                0x08008b8c       0x5c ./libraries/STM32F1xx_HAL_Driver/Src/stm32f1xx_hal_dma.o
 .text.HAL_GPIO_Init
                0x08008be8      0x2b4 ./libraries/STM32F1xx_HAL_Driver/Src/stm32f1xx_hal_gpio.o
                0x08008be8                HAL_GPIO_Init
 .text.HAL_GPIO_DeInit
                0x08008e9c      0x178 ./libraries/STM32F1xx_HAL_Driver/Src/stm32f1xx_hal_gpio.o
                0x08008e9c                HAL_GPIO_DeInit
 .text.HAL_GPIO_ReadPin
                0x08009014       0x30 ./libraries/STM32F1xx_HAL_Driver/Src/stm32f1xx_hal_gpio.o
                0x08009014                HAL_GPIO_ReadPin
 .text.HAL_GPIO_WritePin
                0x08009044       0x30 ./libraries/STM32F1xx_HAL_Driver/Src/stm32f1xx_hal_gpio.o
                0x08009044                HAL_GPIO_WritePin
 .text.HAL_GPIO_EXTI_IRQHandler
                0x08009074       0x30 ./libraries/STM32F1xx_HAL_Driver/Src/stm32f1xx_hal_gpio.o
                0x08009074                HAL_GPIO_EXTI_IRQHandler
 .text.HAL_RCC_OscConfig
                0x080090a4      0x4fc ./libraries/STM32F1xx_HAL_Driver/Src/stm32f1xx_hal_rcc.o
                0x080090a4                HAL_RCC_OscConfig
 .text.HAL_RCC_ClockConfig
                0x080095a0      0x1d4 ./libraries/STM32F1xx_HAL_Driver/Src/stm32f1xx_hal_rcc.o
                0x080095a0                HAL_RCC_ClockConfig
 .text.HAL_RCC_GetSysClockFreq
                0x08009774       0xc8 ./libraries/STM32F1xx_HAL_Driver/Src/stm32f1xx_hal_rcc.o
                0x08009774                HAL_RCC_GetSysClockFreq
 .text.HAL_RCC_GetHCLKFreq
                0x0800983c       0x14 ./libraries/STM32F1xx_HAL_Driver/Src/stm32f1xx_hal_rcc.o
                0x0800983c                HAL_RCC_GetHCLKFreq
 .text.HAL_RCC_GetPCLK1Freq
                0x08009850       0x28 ./libraries/STM32F1xx_HAL_Driver/Src/stm32f1xx_hal_rcc.o
                0x08009850                HAL_RCC_GetPCLK1Freq
 .text.HAL_RCC_GetPCLK2Freq
                0x08009878       0x28 ./libraries/STM32F1xx_HAL_Driver/Src/stm32f1xx_hal_rcc.o
                0x08009878                HAL_RCC_GetPCLK2Freq
 .text.RCC_Delay
                0x080098a0       0x3c ./libraries/STM32F1xx_HAL_Driver/Src/stm32f1xx_hal_rcc.o
 .text.HAL_UART_Init
                0x080098dc       0x9c ./libraries/STM32F1xx_HAL_Driver/Src/stm32f1xx_hal_uart.o
                0x080098dc                HAL_UART_Init
 .text.HAL_UART_MspInit
                0x08009978       0x14 ./libraries/STM32F1xx_HAL_Driver/Src/stm32f1xx_hal_uart.o
                0x08009978                HAL_UART_MspInit
 .text.HAL_UART_Transmit_DMA
                0x0800998c       0xd8 ./libraries/STM32F1xx_HAL_Driver/Src/stm32f1xx_hal_uart.o
                0x0800998c                HAL_UART_Transmit_DMA
 .text.HAL_UART_TxCpltCallback
                0x08009a64       0x14 ./libraries/STM32F1xx_HAL_Driver/Src/stm32f1xx_hal_uart.o
                0x08009a64                HAL_UART_TxCpltCallback
 .text.HAL_UART_TxHalfCpltCallback
                0x08009a78       0x14 ./libraries/STM32F1xx_HAL_Driver/Src/stm32f1xx_hal_uart.o
                0x08009a78                HAL_UART_TxHalfCpltCallback
 .text.HAL_UART_ErrorCallback
                0x08009a8c       0x14 ./libraries/STM32F1xx_HAL_Driver/Src/stm32f1xx_hal_uart.o
                0x08009a8c                HAL_UART_ErrorCallback
 .text.UART_DMATransmitCplt
                0x08009aa0       0x54 ./libraries/STM32F1xx_HAL_Driver/Src/stm32f1xx_hal_uart.o
 .text.UART_DMATxHalfCplt
                0x08009af4       0x1c ./libraries/STM32F1xx_HAL_Driver/Src/stm32f1xx_hal_uart.o
 .text.UART_DMAError
                0x08009b10       0x94 ./libraries/STM32F1xx_HAL_Driver/Src/stm32f1xx_hal_uart.o
 .text.UART_EndTxTransfer
                0x08009ba4       0x2c ./libraries/STM32F1xx_HAL_Driver/Src/stm32f1xx_hal_uart.o
 .text.UART_EndRxTransfer
                0x08009bd0       0x3c ./libraries/STM32F1xx_HAL_Driver/Src/stm32f1xx_hal_uart.o
 .text.UART_SetConfig
                0x08009c0c      0x1b4 ./libraries/STM32F1xx_HAL_Driver/Src/stm32f1xx_hal_uart.o
 .text.Reset_Handler
                0x08009dc0       0x44 ./libraries/CMSIS/Device/ST/STM32F1xx/Source/Templates/gcc/startup_stm32f103xb.o
                0x08009dc0                Reset_Handler
 .text.Default_Handler
                0x08009e04        0x2 ./libraries/CMSIS/Device/ST/STM32F1xx/Source/Templates/gcc/startup_stm32f103xb.o
                0x08009e04                RTC_Alarm_IRQHandler
                0x08009e04                DebugMon_Handler
                0x08009e04                TIM1_CC_IRQHandler
                0x08009e04                PVD_IRQHandler
                0x08009e04                NMI_Handler
                0x08009e04                I2C2_EV_IRQHandler
                0x08009e04                UsageFault_Handler
                0x08009e04                ADC1_2_IRQHandler
                0x08009e04                SPI1_IRQHandler
                0x08009e04                TAMPER_IRQHandler
                0x08009e04                DMA1_Channel4_IRQHandler
                0x08009e04                RTC_IRQHandler
                0x08009e04                DMA1_Channel7_IRQHandler
                0x08009e04                CAN1_RX1_IRQHandler
                0x08009e04                TIM4_IRQHandler
                0x08009e04                I2C1_EV_IRQHandler
                0x08009e04                DMA1_Channel6_IRQHandler
                0x08009e04                TIM3_IRQHandler
                0x08009e04                RCC_IRQHandler
                0x08009e04                TIM1_TRG_COM_IRQHandler
                0x08009e04                DMA1_Channel1_IRQHandler
                0x08009e04                Default_Handler
                0x08009e04                SPI2_IRQHandler
                0x08009e04                MemManage_Handler
                0x08009e04                SVC_Handler
                0x08009e04                DMA1_Channel5_IRQHandler
                0x08009e04                USB_LP_CAN1_RX0_IRQHandler
                0x08009e04                USB_HP_CAN1_TX_IRQHandler
                0x08009e04                DMA1_Channel3_IRQHandler
                0x08009e04                TIM1_UP_IRQHandler
                0x08009e04                WWDG_IRQHandler
                0x08009e04                TIM2_IRQHandler
                0x08009e04                TIM1_BRK_IRQHandler
                0x08009e04                I2C2_ER_IRQHandler
                0x08009e04                DMA1_Channel2_IRQHandler
                0x08009e04                CAN1_SCE_IRQHandler
                0x08009e04                FLASH_IRQHandler
                0x08009e04                BusFault_Handler
                0x08009e04                I2C1_ER_IRQHandler
                0x08009e04                USBWakeUp_IRQHandler
 *fill*         0x08009e06        0x2 00000000
 .text.SystemInit
                0x08009e08       0x68 ./libraries/CMSIS/Device/ST/STM32F1xx/Source/Templates/system_stm32f1xx.o
                0x08009e08                SystemInit
 .text.SystemClock_Config
                0x08009e70       0x98 ./drivers/board.o
                0x08009e70                SystemClock_Config
 .text.reboot   0x08009f08       0x18 ./drivers/drv_common.o
 .text.rt_hw_systick_init
                0x08009f20       0x34 ./drivers/drv_common.o
                0x08009f20                rt_hw_systick_init
 .text.SysTick_Handler
                0x08009f54       0x18 ./drivers/drv_common.o
                0x08009f54                SysTick_Handler
 .text.HAL_GetTick
                0x08009f6c       0x24 ./drivers/drv_common.o
                0x08009f6c                HAL_GetTick
 .text.HAL_InitTick
                0x08009f90       0x14 ./drivers/drv_common.o
                0x08009f90                HAL_InitTick
 .text._Error_Handler
                0x08009fa4        0xc ./drivers/drv_common.o
                0x08009fa4                _Error_Handler
 .text.rt_hw_us_delay
                0x08009fb0       0x68 ./drivers/drv_common.o
                0x08009fb0                rt_hw_us_delay
 .text.rt_hw_board_init
                0x0800a018       0x54 ./drivers/drv_common.o
                0x0800a018                rt_hw_board_init
 .text.get_pin  0x0800a06c       0x44 ./drivers/drv_gpio.o
 .text.stm32_pin_write
                0x0800a0b0       0x3c ./drivers/drv_gpio.o
 .text.stm32_pin_read
                0x0800a0ec       0x44 ./drivers/drv_gpio.o
 .text.stm32_pin_mode
                0x0800a130       0x98 ./drivers/drv_gpio.o
 .text.bit2bitno
                0x0800a1c8       0x3c ./drivers/drv_gpio.o
 .text.get_pin_irq_map
                0x0800a204       0x34 ./drivers/drv_gpio.o
 .text.stm32_pin_attach_irq
                0x0800a238      0x148 ./drivers/drv_gpio.o
 .text.stm32_pin_dettach_irq
                0x0800a380       0xd0 ./drivers/drv_gpio.o
 .text.stm32_pin_irq_enable
                0x0800a450      0x1e0 ./drivers/drv_gpio.o
 .text.pin_irq_hdr
                0x0800a630       0x54 ./drivers/drv_gpio.o
 .text.HAL_GPIO_EXTI_Callback
                0x0800a684       0x24 ./drivers/drv_gpio.o
                0x0800a684                HAL_GPIO_EXTI_Callback
 .text.EXTI0_IRQHandler
                0x0800a6a8       0x18 ./drivers/drv_gpio.o
                0x0800a6a8                EXTI0_IRQHandler
 .text.EXTI1_IRQHandler
                0x0800a6c0       0x18 ./drivers/drv_gpio.o
                0x0800a6c0                EXTI1_IRQHandler
 .text.EXTI2_IRQHandler
                0x0800a6d8       0x18 ./drivers/drv_gpio.o
                0x0800a6d8                EXTI2_IRQHandler
 .text.EXTI3_IRQHandler
                0x0800a6f0       0x18 ./drivers/drv_gpio.o
                0x0800a6f0                EXTI3_IRQHandler
 .text.EXTI4_IRQHandler
                0x0800a708       0x18 ./drivers/drv_gpio.o
                0x0800a708                EXTI4_IRQHandler
 .text.EXTI9_5_IRQHandler
                0x0800a720       0x34 ./drivers/drv_gpio.o
                0x0800a720                EXTI9_5_IRQHandler
 .text.EXTI15_10_IRQHandler
                0x0800a754       0x40 ./drivers/drv_gpio.o
                0x0800a754                EXTI15_10_IRQHandler
 .text.rt_hw_pin_init
                0x0800a794       0xa0 ./drivers/drv_gpio.o
                0x0800a794                rt_hw_pin_init
 .text.__NVIC_EnableIRQ
                0x0800a834       0x38 ./drivers/drv_usart.o
 .text.__NVIC_DisableIRQ
                0x0800a86c       0x44 ./drivers/drv_usart.o
 .text.stm32_uart_clk_enable
                0x0800a8b0       0xc0 ./drivers/drv_usart.o
 .text.stm32_gpio_clk_enable
                0x0800a970      0x118 ./drivers/drv_usart.o
 .text.stm32_get_pin
                0x0800aa88       0x38 ./drivers/drv_usart.o
 .text.stm32_gpio_configure
                0x0800aac0      0x25c ./drivers/drv_usart.o
 .text.stm32_configure
                0x0800ad1c      0x12c ./drivers/drv_usart.o
 .text.stm32_control
                0x0800ae48       0x80 ./drivers/drv_usart.o
 .text.stm32_putc
                0x0800aec8       0x58 ./drivers/drv_usart.o
 .text.stm32_getc
                0x0800af20       0x50 ./drivers/drv_usart.o
 .text.stm32_dma_transmit
                0x0800af70       0x64 ./drivers/drv_usart.o
 .text.uart_isr
                0x0800afd4      0x160 ./drivers/drv_usart.o
 .text.USART1_IRQHandler
                0x0800b134       0x1c ./drivers/drv_usart.o
                0x0800b134                USART1_IRQHandler
 .text.USART2_IRQHandler
                0x0800b150       0x1c ./drivers/drv_usart.o
                0x0800b150                USART2_IRQHandler
 .text.USART3_IRQHandler
                0x0800b16c       0x1c ./drivers/drv_usart.o
                0x0800b16c                USART3_IRQHandler
 .text.stm32_uart_get_dma_config
                0x0800b188       0x28 ./drivers/drv_usart.o
 .text.rt_hw_usart_init
                0x0800b1b0       0xf8 ./drivers/drv_usart.o
                0x0800b1b0                rt_hw_usart_init
 .text.AD7995_Init
                0x0800b2a8       0x28 ./applications/AD7995.o
 .text.IIC_START
                0x0800b2d0       0x3c ./applications/AD7995.o
 .text.IIC_STOP
                0x0800b30c       0x3c ./applications/AD7995.o
 .text.IIC_Ack  0x0800b348       0x3c ./applications/AD7995.o
 .text.IIC_NAck
                0x0800b384       0x3c ./applications/AD7995.o
 .text.IIC_Read_Byte
                0x0800b3c0       0xd8 ./applications/AD7995.o
 .text.IIC_Send_Byte
                0x0800b498       0x70 ./applications/AD7995.o
 .text.AD7995_ReadOneByte
                0x0800b508       0x44 ./applications/AD7995.o
 .text.AD7995_WriteOneByte
                0x0800b54c       0x44 ./applications/AD7995.o
 .text.Value_MaxMin
                0x0800b590       0x80 ./applications/AD7995.o
 .text.Clear_AD
                0x0800b610       0x80 ./applications/AD7995.o
 .text.AD7995_poll
                0x0800b690      0x2d8 ./applications/AD7995.o
 .text.AD7995_samlpe
                0x0800b968       0x78 ./applications/AD7995.o
                0x0800b968                AD7995_samlpe
 .text.read_addr_value
                0x0800b9e0       0xb4 ./applications/Slave.o
 .text.mb_slave_poll
                0x0800ba94       0x6c ./applications/Slave.o
 .text.mb_slave_samlpe
                0x0800bb00       0x78 ./applications/Slave.o
                0x0800bb00                mb_slave_samlpe
 .text.Zigbee_start
                0x0800bb78       0x88 ./applications/Zigbee.o
 .text.Zigbee_Usart2_Init
                0x0800bc00       0xe0 ./applications/Zigbee.o
                0x0800bc00                Zigbee_Usart2_Init
 .text.main     0x0800bce0       0x14 ./applications/main.o
                0x0800bce0                main
 *(.rodata)
 .rodata        0x0800bcf4       0x17 ./rt-thread/src/components.o
 *fill*         0x0800bd0b        0x1 00000000
 .rodata        0x0800bd0c      0x10c ./rt-thread/src/device.o
 .rodata        0x0800be18       0x34 ./rt-thread/src/idle.o
 .rodata        0x0800be4c      0x476 ./rt-thread/src/ipc.o
 *fill*         0x0800c2c2        0x2 00000000
 .rodata        0x0800c2c4       0xc7 ./rt-thread/src/kservice.o
 *fill*         0x0800c38b        0x1 00000000
 .rodata        0x0800c38c      0x2fa ./rt-thread/src/mem.o
 *fill*         0x0800c686        0x2 00000000
 .rodata        0x0800c688       0x91 ./rt-thread/src/object.o
 *fill*         0x0800c719        0x3 00000000
 .rodata        0x0800c71c       0x65 ./rt-thread/src/scheduler.o
 *fill*         0x0800c781        0x3 00000000
 .rodata        0x0800c784      0x1b7 ./rt-thread/src/thread.o
 *fill*         0x0800c93b        0x1 00000000
 .rodata        0x0800c93c       0xde ./rt-thread/src/timer.o
 *fill*         0x0800ca1a        0x2 00000000
 .rodata        0x0800ca1c      0x2be ./rt-thread/libcpu/arm/cortex-m3/cpuport.o
 *fill*         0x0800ccda        0x2 00000000
 .rodata        0x0800ccdc      0x631 ./rt-thread/components/finsh/cmd.o
 *fill*         0x0800d30d        0x3 00000000
 .rodata        0x0800d310       0x80 ./rt-thread/components/finsh/msh.o
 .rodata        0x0800d390       0x99 ./rt-thread/components/finsh/shell.o
 *fill*         0x0800d429        0x3 00000000
 .rodata        0x0800d42c       0x72 ./rt-thread/components/drivers/src/completion.o
 *fill*         0x0800d49e        0x2 00000000
 .rodata        0x0800d4a0       0xd7 ./rt-thread/components/drivers/serial/serial.o
 *fill*         0x0800d577        0x1 00000000
 .rodata        0x0800d578       0x27 ./rt-thread/components/drivers/misc/pin.o
 *fill*         0x0800d59f        0x1 00000000
 .rodata        0x0800d5a0        0xc ./packages/freemodbus-latest/port/portevent.o
 .rodata        0x0800d5ac       0x20 ./packages/freemodbus-latest/port/portserial.o
 .rodata        0x0800d5cc        0xc ./packages/freemodbus-latest/port/porttimer.o
 .rodata        0x0800d5d8       0xc3 ./packages/freemodbus-latest/modbus/rtu/mbrtu.o
 *fill*         0x0800d69b        0x1 00000000
 .rodata        0x0800d69c        0xd ./packages/freemodbus-latest/modbus/functions/mbutils.o
 *fill*         0x0800d6a9        0x3 00000000
 .rodata        0x0800d6ac       0x12 ./libraries/STM32F1xx_HAL_Driver/Src/stm32f1xx_hal_rcc.o
 *fill*         0x0800d6be        0x2 00000000
 .rodata        0x0800d6c0       0x13 ./drivers/board.o
 *fill*         0x0800d6d3        0x1 00000000
 .rodata        0x0800d6d4        0x6 ./drivers/drv_common.o
 *fill*         0x0800d6da        0x2 00000000
 .rodata        0x0800d6dc        0x4 ./drivers/drv_gpio.o
 .rodata        0x0800d6e0      0x12c ./drivers/drv_usart.o
 .rodata        0x0800d80c       0x20 ./applications/AD7995.o
 .rodata        0x0800d82c       0x4a ./applications/Slave.o
 *fill*         0x0800d876        0x2 00000000
 .rodata        0x0800d878       0x8d ./applications/Zigbee.o
 *(.rodata*)
 *fill*         0x0800d905        0x3 00000000
 .rodata.__FUNCTION__.5304
                0x0800d908       0x14 ./rt-thread/src/components.o
 .rodata.__FUNCTION__.5196
                0x0800d91c        0xf ./rt-thread/src/device.o
 *fill*         0x0800d92b        0x1 00000000
 .rodata.__FUNCTION__.5220
                0x0800d92c        0xf ./rt-thread/src/device.o
 *fill*         0x0800d93b        0x1 00000000
 .rodata.__FUNCTION__.5225
                0x0800d93c       0x10 ./rt-thread/src/device.o
 .rodata.__FUNCTION__.5232
                0x0800d94c        0xf ./rt-thread/src/device.o
 *fill*         0x0800d95b        0x1 00000000
 .rodata.__FUNCTION__.5239
                0x0800d95c       0x10 ./rt-thread/src/device.o
 .rodata.__FUNCTION__.5245
                0x0800d96c       0x12 ./rt-thread/src/device.o
 *fill*         0x0800d97e        0x2 00000000
 .rodata.__FUNCTION__.5252
                0x0800d980       0x1a ./rt-thread/src/device.o
 *fill*         0x0800d99a        0x2 00000000
 .rodata.__FUNCTION__.5287
                0x0800d99c       0x16 ./rt-thread/src/idle.o
 *fill*         0x0800d9b2        0x2 00000000
 .rodata.__FUNCTION__.5292
                0x0800d9b4        0xc ./rt-thread/src/ipc.o
 .rodata.__FUNCTION__.5316
                0x0800d9c0        0xc ./rt-thread/src/ipc.o
 .rodata.__FUNCTION__.5327
                0x0800d9cc        0xf ./rt-thread/src/ipc.o
 *fill*         0x0800d9db        0x1 00000000
 .rodata.__FUNCTION__.5388
                0x0800d9dc        0xe ./rt-thread/src/ipc.o
 *fill*         0x0800d9ea        0x2 00000000
 .rodata.__FUNCTION__.5414
                0x0800d9ec        0xe ./rt-thread/src/ipc.o
 *fill*         0x0800d9fa        0x2 00000000
 .rodata.__FUNCTION__.5429
                0x0800d9fc        0xe ./rt-thread/src/ipc.o
 *fill*         0x0800da0a        0x2 00000000
 .rodata.large_digits.5426
                0x0800da0c       0x11 ./rt-thread/src/kservice.o
 *fill*         0x0800da1d        0x3 00000000
 .rodata.small_digits.5425
                0x0800da20       0x11 ./rt-thread/src/kservice.o
 *fill*         0x0800da31        0x3 00000000
 .rodata.name   0x0800da34       0x2a ./rt-thread/src/mem.o
                0x0800da34                __fsym_list_mem_name
                0x0800da40                __fsym_list_mem_desc
 *fill*         0x0800da5e        0x2 00000000
 .rodata.__FUNCTION__.5283
                0x0800da60        0xb ./rt-thread/src/mem.o
 *fill*         0x0800da6b        0x1 00000000
 .rodata.__FUNCTION__.5292
                0x0800da6c       0x14 ./rt-thread/src/mem.o
 .rodata.__FUNCTION__.5301
                0x0800da80        0xa ./rt-thread/src/mem.o
 *fill*         0x0800da8a        0x2 00000000
 .rodata.__FUNCTION__.5330
                0x0800da8c        0x8 ./rt-thread/src/mem.o
 .rodata.__FUNCTION__.5312
                0x0800da94        0xf ./rt-thread/src/object.o
 *fill*         0x0800daa3        0x1 00000000
 .rodata.__FUNCTION__.5321
                0x0800daa4       0x11 ./rt-thread/src/object.o
 *fill*         0x0800dab5        0x3 00000000
 .rodata.__FUNCTION__.5330
                0x0800dab8       0x13 ./rt-thread/src/object.o
 *fill*         0x0800dacb        0x1 00000000
 .rodata.__FUNCTION__.5335
                0x0800dacc       0x11 ./rt-thread/src/object.o
 *fill*         0x0800dadd        0x3 00000000
 .rodata.__FUNCTION__.5339
                0x0800dae0       0x1a ./rt-thread/src/object.o
 *fill*         0x0800dafa        0x2 00000000
 .rodata.__FUNCTION__.5343
                0x0800dafc       0x13 ./rt-thread/src/object.o
 *fill*         0x0800db0f        0x1 00000000
 .rodata.__FUNCTION__.5270
                0x0800db10       0x1a ./rt-thread/src/scheduler.o
 *fill*         0x0800db2a        0x2 00000000
 .rodata.__FUNCTION__.5311
                0x0800db2c       0x1a ./rt-thread/src/scheduler.o
 *fill*         0x0800db46        0x2 00000000
 .rodata.__FUNCTION__.5317
                0x0800db48       0x1a ./rt-thread/src/scheduler.o
 *fill*         0x0800db62        0x2 00000000
 .rodata.__FUNCTION__.5287
                0x0800db64       0x10 ./rt-thread/src/thread.o
 .rodata.__FUNCTION__.5299
                0x0800db74        0xf ./rt-thread/src/thread.o
 *fill*         0x0800db83        0x1 00000000
 .rodata.__FUNCTION__.5308
                0x0800db84       0x12 ./rt-thread/src/thread.o
 *fill*         0x0800db96        0x2 00000000
 .rodata.__FUNCTION__.5329
                0x0800db98       0x11 ./rt-thread/src/thread.o
 *fill*         0x0800dba9        0x3 00000000
 .rodata.__FUNCTION__.5338
                0x0800dbac       0x10 ./rt-thread/src/thread.o
 .rodata.__FUNCTION__.5370
                0x0800dbbc       0x12 ./rt-thread/src/thread.o
 *fill*         0x0800dbce        0x2 00000000
 .rodata.__FUNCTION__.5375
                0x0800dbd0       0x11 ./rt-thread/src/thread.o
 *fill*         0x0800dbe1        0x3 00000000
 .rodata.__FUNCTION__.5380
                0x0800dbe4       0x12 ./rt-thread/src/thread.o
 *fill*         0x0800dbf6        0x2 00000000
 .rodata.__FUNCTION__.5304
                0x0800dbf8        0xe ./rt-thread/src/timer.o
 *fill*         0x0800dc06        0x2 00000000
 .rodata.__FUNCTION__.5309
                0x0800dc08       0x10 ./rt-thread/src/timer.o
 .rodata.__FUNCTION__.5333
                0x0800dc18        0xf ./rt-thread/src/timer.o
 *fill*         0x0800dc27        0x1 00000000
 .rodata.__FUNCTION__.5350
                0x0800dc28        0xe ./rt-thread/src/timer.o
 *fill*         0x0800dc36        0x2 00000000
 .rodata.__FUNCTION__.5356
                0x0800dc38       0x11 ./rt-thread/src/timer.o
 *fill*         0x0800dc49        0x3 00000000
 .rodata.name   0x0800dc4c      0x37a ./rt-thread/components/finsh/cmd.o
                0x0800dc4c                __fsym_hello_name
                0x0800dc54                __fsym_hello_desc
                0x0800dc64                __fsym_version_name
                0x0800dc6c                __fsym_version_desc
                0x0800dc90                __fsym___cmd_version_name
                0x0800dca0                __fsym___cmd_version_desc
                0x0800dcc4                __fsym_list_thread_name
                0x0800dcd0                __fsym_list_thread_desc
                0x0800dcdc                __fsym___cmd_list_thread_name
                0x0800dcf0                __fsym___cmd_list_thread_desc
                0x0800dcfc                __fsym_list_sem_name
                0x0800dd08                __fsym_list_sem_desc
                0x0800dd24                __fsym___cmd_list_sem_name
                0x0800dd34                __fsym___cmd_list_sem_desc
                0x0800dd50                __fsym_list_event_name
                0x0800dd5c                __fsym_list_event_desc
                0x0800dd74                __fsym___cmd_list_event_name
                0x0800dd88                __fsym___cmd_list_event_desc
                0x0800dda0                __fsym_list_mutex_name
                0x0800ddac                __fsym_list_mutex_desc
                0x0800ddc4                __fsym___cmd_list_mutex_name
                0x0800ddd8                __fsym___cmd_list_mutex_desc
                0x0800ddf0                __fsym_list_mailbox_name
                0x0800de00                __fsym_list_mailbox_desc
                0x0800de18                __fsym___cmd_list_mailbox_name
                0x0800de2c                __fsym___cmd_list_mailbox_desc
                0x0800de44                __fsym_list_msgqueue_name
                0x0800de54                __fsym_list_msgqueue_desc
                0x0800de74                __fsym___cmd_list_msgqueue_name
                0x0800de88                __fsym___cmd_list_msgqueue_desc
                0x0800dea8                __fsym_list_mempool_name
                0x0800deb8                __fsym_list_mempool_desc
                0x0800ded4                __fsym___cmd_list_mempool_name
                0x0800dee8                __fsym___cmd_list_mempool_desc
                0x0800df04                __fsym_list_timer_name
                0x0800df10                __fsym_list_timer_desc
                0x0800df28                __fsym___cmd_list_timer_name
                0x0800df3c                __fsym___cmd_list_timer_desc
                0x0800df54                __fsym_list_device_name
                0x0800df60                __fsym_list_device_desc
                0x0800df78                __fsym___cmd_list_device_name
                0x0800df8c                __fsym___cmd_list_device_desc
                0x0800dfa4                __fsym_list_name
                0x0800dfac                __fsym_list_desc
 *fill*         0x0800dfc6        0x2 00000000
 .rodata.device_type_str
                0x0800dfc8       0x58 ./rt-thread/components/finsh/cmd.o
 .rodata.name   0x0800e020       0x7d ./rt-thread/components/finsh/msh.o
                0x0800e020                __fsym___cmd_help_name
                0x0800e02c                __fsym___cmd_help_desc
                0x0800e044                __fsym___cmd_ps_name
                0x0800e050                __fsym___cmd_ps_desc
                0x0800e06c                __fsym___cmd_free_name
                0x0800e078                __fsym___cmd_free_desc
 *fill*         0x0800e09d        0x3 00000000
 .rodata.__FUNCTION__.5537
                0x0800e0a0        0xe ./rt-thread/components/finsh/msh.o
 *fill*         0x0800e0ae        0x2 00000000
 .rodata.__FUNCTION__.5543
                0x0800e0b0       0x16 ./rt-thread/components/finsh/shell.o
 *fill*         0x0800e0c6        0x2 00000000
 .rodata.__FUNCTION__.5548
                0x0800e0c8        0xe ./rt-thread/components/finsh/shell.o
 *fill*         0x0800e0d6        0x2 00000000
 .rodata.__FUNCTION__.5556
                0x0800e0d8        0xd ./rt-thread/components/finsh/shell.o
 *fill*         0x0800e0e5        0x3 00000000
 .rodata.__FUNCTION__.5561
                0x0800e0e8       0x11 ./rt-thread/components/finsh/shell.o
 *fill*         0x0800e0f9        0x3 00000000
 .rodata.__FUNCTION__.5645
                0x0800e0fc       0x13 ./rt-thread/components/drivers/src/completion.o
 *fill*         0x0800e10f        0x1 00000000
 .rodata.__FUNCTION__.5653
                0x0800e110       0x13 ./rt-thread/components/drivers/src/completion.o
 *fill*         0x0800e123        0x1 00000000
 .rodata.__FUNCTION__.5660
                0x0800e124       0x13 ./rt-thread/components/drivers/src/completion.o
 *fill*         0x0800e137        0x1 00000000
 .rodata.__FUNCTION__.5695
                0x0800e138        0xf ./rt-thread/components/drivers/serial/serial.o
 *fill*         0x0800e147        0x1 00000000
 .rodata.__FUNCTION__.5702
                0x0800e148        0xf ./rt-thread/components/drivers/serial/serial.o
 *fill*         0x0800e157        0x1 00000000
 .rodata.__FUNCTION__.5709
                0x0800e158       0x10 ./rt-thread/components/drivers/serial/serial.o
 .rodata.__FUNCTION__.5719
                0x0800e168        0xf ./rt-thread/components/drivers/serial/serial.o
 *fill*         0x0800e177        0x1 00000000
 .rodata.__FUNCTION__.5669
                0x0800e178        0xf ./rt-thread/components/drivers/serial/serial.o
 *fill*         0x0800e187        0x1 00000000
 .rodata.__FUNCTION__.5648
                0x0800e188       0x10 ./rt-thread/components/drivers/serial/serial.o
 .rodata.__FUNCTION__.5727
                0x0800e198       0x10 ./rt-thread/components/drivers/serial/serial.o
 .rodata.__FUNCTION__.5682
                0x0800e1a8        0xf ./rt-thread/components/drivers/serial/serial.o
 *fill*         0x0800e1b7        0x1 00000000
 .rodata.__FUNCTION__.5658
                0x0800e1b8       0x10 ./rt-thread/components/drivers/serial/serial.o
 .rodata.__FUNCTION__.5735
                0x0800e1c8       0x12 ./rt-thread/components/drivers/serial/serial.o
 *fill*         0x0800e1da        0x2 00000000
 .rodata.__FUNCTION__.5750
                0x0800e1dc       0x16 ./rt-thread/components/drivers/serial/serial.o
 *fill*         0x0800e1f2        0x2 00000000
 .rodata.__FUNCTION__.5759
                0x0800e1f4       0x11 ./rt-thread/components/drivers/serial/serial.o
 *fill*         0x0800e205        0x3 00000000
 .rodata.name   0x0800e208       0x6e ./rt-thread/components/drivers/misc/pin.o
                0x0800e208                __fsym_pinMode_name
                0x0800e210                __fsym_pinMode_desc
                0x0800e228                __fsym_pinWrite_name
                0x0800e234                __fsym_pinWrite_desc
                0x0800e250                __fsym_pinRead_name
                0x0800e258                __fsym_pinRead_desc
 *fill*         0x0800e276        0x2 00000000
 .rodata.__FUNCTION__.5800
                0x0800e278        0xa ./rt-thread/components/drivers/misc/pin.o
 *fill*         0x0800e282        0x2 00000000
 .rodata.__FUNCTION__.5809
                0x0800e284        0xb ./rt-thread/components/drivers/misc/pin.o
 *fill*         0x0800e28f        0x1 00000000
 .rodata.__FUNCTION__.5817
                0x0800e290        0xd ./rt-thread/components/drivers/misc/pin.o
 *fill*         0x0800e29d        0x3 00000000
 .rodata.__FUNCTION__.5844
                0x0800e2a0        0xc ./rt-thread/components/drivers/misc/pin.o
 .rodata.__FUNCTION__.5852
                0x0800e2ac        0xd ./rt-thread/components/drivers/misc/pin.o
 *fill*         0x0800e2b9        0x3 00000000
 .rodata.__FUNCTION__.5859
                0x0800e2bc        0xc ./rt-thread/components/drivers/misc/pin.o
 .rodata.aucCRCHi
                0x0800e2c8      0x100 ./packages/freemodbus-latest/modbus/rtu/mbcrc.o
 .rodata.aucCRCLo
                0x0800e3c8      0x100 ./packages/freemodbus-latest/modbus/rtu/mbcrc.o
 .rodata.__FUNCTION__.5705
                0x0800e4c8        0xe ./packages/freemodbus-latest/modbus/rtu/mbrtu.o
 *fill*         0x0800e4d6        0x2 00000000
 .rodata.__FUNCTION__.5718
                0x0800e4d8       0x11 ./packages/freemodbus-latest/modbus/rtu/mbrtu.o
 *fill*         0x0800e4e9        0x3 00000000
 .rodata.__FUNCTION__.5728
                0x0800e4ec       0x12 ./packages/freemodbus-latest/modbus/rtu/mbrtu.o
 *fill*         0x0800e4fe        0x2 00000000
 .rodata.__FUNCTION__.5741
                0x0800e500       0x16 ./packages/freemodbus-latest/modbus/rtu/mbrtu.o
 *fill*         0x0800e516        0x2 00000000
 .rodata.__FUNCTION__.5616
                0x0800e518        0xf ./packages/freemodbus-latest/modbus/functions/mbutils.o
 *fill*         0x0800e527        0x1 00000000
 .rodata.AHBPrescTable
                0x0800e528       0x10 ./libraries/CMSIS/Device/ST/STM32F1xx/Source/Templates/system_stm32f1xx.o
                0x0800e528                AHBPrescTable
 .rodata.APBPrescTable
                0x0800e538        0x8 ./libraries/CMSIS/Device/ST/STM32F1xx/Source/Templates/system_stm32f1xx.o
                0x0800e538                APBPrescTable
 .rodata.name   0x0800e540       0x1e ./drivers/drv_common.o
                0x0800e540                __fsym___cmd_reboot_name
                0x0800e550                __fsym___cmd_reboot_desc
 *fill*         0x0800e55e        0x2 00000000
 .rodata.pins   0x0800e560      0x3c0 ./drivers/drv_gpio.o
 .rodata.pin_irq_map
                0x0800e920       0x40 ./drivers/drv_gpio.o
 .rodata._stm32_pin_ops
                0x0800e960       0x18 ./drivers/drv_gpio.o
 .rodata.stm32_uart_ops
                0x0800e978       0x14 ./drivers/drv_usart.o
 .rodata.__FUNCTION__.6985
                0x0800e98c       0x16 ./drivers/drv_usart.o
 *fill*         0x0800e9a2        0x2 00000000
 .rodata.__FUNCTION__.6997
                0x0800e9a4       0x16 ./drivers/drv_usart.o
 *fill*         0x0800e9ba        0x2 00000000
 .rodata.uart_remaps.7028
                0x0800e9bc       0x38 ./drivers/drv_usart.o
 .rodata.__FUNCTION__.7032
                0x0800e9f4       0x15 ./drivers/drv_usart.o
 *fill*         0x0800ea09        0x3 00000000
 .rodata.__FUNCTION__.7050
                0x0800ea0c       0x10 ./drivers/drv_usart.o
 .rodata.__FUNCTION__.7070
                0x0800ea1c        0xe ./drivers/drv_usart.o
 *fill*         0x0800ea2a        0x2 00000000
 .rodata.__FUNCTION__.7079
                0x0800ea2c        0xb ./drivers/drv_usart.o
 *fill*         0x0800ea37        0x1 00000000
 .rodata.__FUNCTION__.7088
                0x0800ea38        0xb ./drivers/drv_usart.o
 *fill*         0x0800ea43        0x1 00000000
 .rodata.__FUNCTION__.7096
                0x0800ea44       0x13 ./drivers/drv_usart.o
 *fill*         0x0800ea57        0x1 00000000
 .rodata.__FUNCTION__.7102
                0x0800ea58        0x9 ./drivers/drv_usart.o
 *fill*         0x0800ea61        0x3 00000000
 .rodata.__FUNCTION__.7126
                0x0800ea64       0x11 ./drivers/drv_usart.o
 *(.glue_7)
 .glue_7        0x0800ea75        0x0 linker stubs
 *(.glue_7t)
 .glue_7t       0x0800ea75        0x0 linker stubs
 *(.gnu.linkonce.t*)
                0x0800ea78                . = ALIGN (0x4)
 *fill*         0x0800ea75        0x3 00000000
                0x0800ea78                __fsymtab_start = .
 *(FSymTab)
 FSymTab        0x0800ea78        0xc ./rt-thread/src/mem.o
                0x0800ea78                __fsym_list_mem
 FSymTab        0x0800ea84      0x108 ./rt-thread/components/finsh/cmd.o
                0x0800ea84                __fsym_hello
                0x0800ea90                __fsym_version
                0x0800ea9c                __fsym___cmd_version
                0x0800eaa8                __fsym_list_thread
                0x0800eab4                __fsym___cmd_list_thread
                0x0800eac0                __fsym_list_sem
                0x0800eacc                __fsym___cmd_list_sem
                0x0800ead8                __fsym_list_event
                0x0800eae4                __fsym___cmd_list_event
                0x0800eaf0                __fsym_list_mutex
                0x0800eafc                __fsym___cmd_list_mutex
                0x0800eb08                __fsym_list_mailbox
                0x0800eb14                __fsym___cmd_list_mailbox
                0x0800eb20                __fsym_list_msgqueue
                0x0800eb2c                __fsym___cmd_list_msgqueue
                0x0800eb38                __fsym_list_mempool
                0x0800eb44                __fsym___cmd_list_mempool
                0x0800eb50                __fsym_list_timer
                0x0800eb5c                __fsym___cmd_list_timer
                0x0800eb68                __fsym_list_device
                0x0800eb74                __fsym___cmd_list_device
                0x0800eb80                __fsym_list
 FSymTab        0x0800eb8c       0x24 ./rt-thread/components/finsh/msh.o
                0x0800eb8c                __fsym___cmd_help
                0x0800eb98                __fsym___cmd_ps
                0x0800eba4                __fsym___cmd_free
 FSymTab        0x0800ebb0       0x24 ./rt-thread/components/drivers/misc/pin.o
                0x0800ebb0                __fsym_pinMode
                0x0800ebbc                __fsym_pinWrite
                0x0800ebc8                __fsym_pinRead
 FSymTab        0x0800ebd4        0xc ./drivers/drv_common.o
                0x0800ebd4                __fsym___cmd_reboot
                0x0800ebe0                __fsymtab_end = .
                0x0800ebe0                . = ALIGN (0x4)
                0x0800ebe0                __vsymtab_start = .
 *(VSymTab)
                0x0800ebe0                __vsymtab_end = .
                0x0800ebe0                . = ALIGN (0x4)
                0x0800ebe0                __rt_utest_tc_tab_start = .
 *(UtestTcTab)
                0x0800ebe0                __rt_utest_tc_tab_end = .
                0x0800ebe0                . = ALIGN (0x4)
                0x0800ebe0                __rtatcmdtab_start = .
 *(RtAtCmdTab)
                0x0800ebe0                __rtatcmdtab_end = .
                0x0800ebe0                . = ALIGN (0x4)
                0x0800ebe0                . = ALIGN (0x4)
                0x0800ebe0                __rt_init_start = .
 *(SORT(.rti_fn*))
 .rti_fn.0      0x0800ebe0        0x4 ./rt-thread/src/components.o
                0x0800ebe0                __rt_init_rti_start
 .rti_fn.0.end  0x0800ebe4        0x4 ./rt-thread/src/components.o
                0x0800ebe4                __rt_init_rti_board_start
 .rti_fn.1.end  0x0800ebe8        0x4 ./rt-thread/src/components.o
                0x0800ebe8                __rt_init_rti_board_end
 .rti_fn.3      0x0800ebec        0x4 ./applications/AD7995.o
                0x0800ebec                __rt_init_AD7995_samlpe
 .rti_fn.6      0x0800ebf0        0x4 ./rt-thread/components/finsh/shell.o
                0x0800ebf0                __rt_init_finsh_system_init
 .rti_fn.6      0x0800ebf4        0x4 ./applications/Slave.o
                0x0800ebf4                __rt_init_mb_slave_samlpe
 .rti_fn.6      0x0800ebf8        0x4 ./applications/Zigbee.o
                0x0800ebf8                __rt_init_Zigbee_Usart2_Init
 .rti_fn.6.end  0x0800ebfc        0x4 ./rt-thread/src/components.o
                0x0800ebfc                __rt_init_rti_end
                0x0800ec00                __rt_init_end = .
                0x0800ec00                . = ALIGN (0x4)
                [!provide]                PROVIDE (__ctors_start__, .)
 *(SORT(.init_array.*))
 *(.init_array)
 .init_array    0x0800ec00        0x4 d:/rt-threadstudio/platform/env_released/env/tools/gnu_gcc/arm_gcc/mingw/bin/../lib/gcc/arm-none-eabi/5.4.1/armv7-m/crtbegin.o
                [!provide]                PROVIDE (__ctors_end__, .)
                0x0800ec04                . = ALIGN (0x4)
                0x0800ec04                _etext = .
                0x0800ec04                __exidx_start = .

.vfp11_veneer   0x0800ec04        0x0
 .vfp11_veneer  0x0800ec04        0x0 linker stubs

.v4_bx          0x0800ec04        0x0
 .v4_bx         0x0800ec04        0x0 linker stubs

.init           0x0800ec04        0x4
 .init          0x0800ec04        0x4 d:/rt-threadstudio/platform/env_released/env/tools/gnu_gcc/arm_gcc/mingw/bin/../lib/gcc/arm-none-eabi/5.4.1/armv7-m/crti.o
                0x0800ec04                _init

.fini           0x0800ec08        0x4
 .fini          0x0800ec08        0x4 d:/rt-threadstudio/platform/env_released/env/tools/gnu_gcc/arm_gcc/mingw/bin/../lib/gcc/arm-none-eabi/5.4.1/armv7-m/crti.o
                0x0800ec08                _fini

.iplt           0x0800ec0c        0x0
 .iplt          0x0800ec0c        0x0 d:/rt-threadstudio/platform/env_released/env/tools/gnu_gcc/arm_gcc/mingw/bin/../lib/gcc/arm-none-eabi/5.4.1/armv7-m/crtbegin.o

.eh_frame       0x0800ec0c        0x0
 .eh_frame      0x0800ec0c        0x0 d:/rt-threadstudio/platform/env_released/env/tools/gnu_gcc/arm_gcc/mingw/bin/../lib/gcc/arm-none-eabi/5.4.1/armv7-m/crtbegin.o

.rel.dyn        0x0800ec0c        0x0
 .rel.iplt      0x0800ec0c        0x0 d:/rt-threadstudio/platform/env_released/env/tools/gnu_gcc/arm_gcc/mingw/bin/../lib/gcc/arm-none-eabi/5.4.1/armv7-m/crtbegin.o

.ARM.exidx      0x0800ec0c        0x0
 *(.ARM.exidx* .gnu.linkonce.armexidx.*)
                0x0800ec0c                _sidata = .
                0x0800ec0c                __exidx_end = .

.data           0x20000000      0x23c load address 0x0800ec0c
                0x20000000                . = ALIGN (0x4)
                0x20000000                _sdata = .
 *(.data)
 *(.data.*)
 .data.rt_object_container
                0x20000000       0x90 ./rt-thread/src/object.o
 .data.eMBState
                0x20000090        0x1 ./packages/freemodbus-latest/modbus/mb.o
 *fill*         0x20000091        0x3 
 .data.xFuncHandlers
                0x20000094       0x80 ./packages/freemodbus-latest/modbus/mb.o
 .data.uwTickPrio
                0x20000114        0x4 ./libraries/STM32F1xx_HAL_Driver/Src/stm32f1xx_hal.o
                0x20000114                uwTickPrio
 .data.uwTickFreq
                0x20000118        0x1 ./libraries/STM32F1xx_HAL_Driver/Src/stm32f1xx_hal.o
                0x20000118                uwTickFreq
 *fill*         0x20000119        0x3 
 .data.SystemCoreClock
                0x2000011c        0x4 ./libraries/CMSIS/Device/ST/STM32F1xx/Source/Templates/system_stm32f1xx.o
                0x2000011c                SystemCoreClock
 .data.pin_irq_hdr_tab
                0x20000120       0xc0 ./drivers/drv_gpio.o
 .data.uart_config
                0x200001e0       0x54 ./drivers/drv_usart.o
 .data.config   0x20000234        0x8 ./applications/Zigbee.o
                0x20000234                config
 *(.gnu.linkonce.d*)
                [!provide]                PROVIDE (__dtors_start__, .)
 *(SORT(.dtors.*))
 *(.dtors)
                [!provide]                PROVIDE (__dtors_end__, .)
                0x2000023c                . = ALIGN (0x4)
                0x2000023c                _edata = .

.jcr            0x2000023c        0x0 load address 0x0800ee48
 .jcr           0x2000023c        0x0 d:/rt-threadstudio/platform/env_released/env/tools/gnu_gcc/arm_gcc/mingw/bin/../lib/gcc/arm-none-eabi/5.4.1/armv7-m/crtbegin.o

.igot.plt       0x2000023c        0x0 load address 0x0800ee48
 .igot.plt      0x2000023c        0x0 d:/rt-threadstudio/platform/env_released/env/tools/gnu_gcc/arm_gcc/mingw/bin/../lib/gcc/arm-none-eabi/5.4.1/armv7-m/crtbegin.o

.stack          0x2000023c      0x200 load address 0x0800ee48
                0x2000023c                . = ALIGN (0x4)
                0x2000023c                _sstack = .
                0x2000043c                . = (. + _system_stack_size)
 *fill*         0x2000023c      0x200 
                0x2000043c                . = ALIGN (0x4)
                0x2000043c                _estack = .
                0x2000043c                __bss_start = .

.bss            0x2000043c     0x10c4 load address 0x0800f048
                0x2000043c                . = ALIGN (0x4)
                0x2000043c                _sbss = .
 *(.bss)
 .bss           0x2000043c       0x1c d:/rt-threadstudio/platform/env_released/env/tools/gnu_gcc/arm_gcc/mingw/bin/../lib/gcc/arm-none-eabi/5.4.1/armv7-m/crtbegin.o
 *(.bss.*)
 .bss.rt_tick   0x20000458        0x4 ./rt-thread/src/clock.o
 .bss.idle      0x2000045c       0x80 ./rt-thread/src/idle.o
 .bss.rt_thread_stack
                0x200004dc      0x100 ./rt-thread/src/idle.o
 .bss.idle_hook_list
                0x200005dc       0x10 ./rt-thread/src/idle.o
 .bss.rt_interrupt_enter_hook
                0x200005ec        0x4 ./rt-thread/src/irq.o
 .bss.rt_interrupt_leave_hook
                0x200005f0        0x4 ./rt-thread/src/irq.o
 .bss.rt_interrupt_nest
                0x200005f4        0x1 ./rt-thread/src/irq.o
                0x200005f4                rt_interrupt_nest
 *fill*         0x200005f5        0x3 
 .bss.__rt_errno
                0x200005f8        0x4 ./rt-thread/src/kservice.o
 .bss._console_device
                0x200005fc        0x4 ./rt-thread/src/kservice.o
 .bss.rt_log_buf.5536
                0x20000600      0x100 ./rt-thread/src/kservice.o
 .bss.rt_malloc_hook
                0x20000700        0x4 ./rt-thread/src/mem.o
 .bss.rt_free_hook
                0x20000704        0x4 ./rt-thread/src/mem.o
 .bss.heap_ptr  0x20000708        0x4 ./rt-thread/src/mem.o
 .bss.heap_end  0x2000070c        0x4 ./rt-thread/src/mem.o
 .bss.lfree     0x20000710        0x4 ./rt-thread/src/mem.o
 .bss.heap_sem  0x20000714       0x20 ./rt-thread/src/mem.o
 .bss.mem_size_aligned
                0x20000734        0x4 ./rt-thread/src/mem.o
 .bss.used_mem  0x20000738        0x4 ./rt-thread/src/mem.o
 .bss.max_mem   0x2000073c        0x4 ./rt-thread/src/mem.o
 .bss.rt_object_attach_hook
                0x20000740        0x4 ./rt-thread/src/object.o
 .bss.rt_object_detach_hook
                0x20000744        0x4 ./rt-thread/src/object.o
 .bss.rt_scheduler_lock_nest
                0x20000748        0x2 ./rt-thread/src/scheduler.o
 *fill*         0x2000074a        0x2 
 .bss.rt_scheduler_hook
                0x2000074c        0x4 ./rt-thread/src/scheduler.o
 .bss.rt_thread_suspend_hook
                0x20000750        0x4 ./rt-thread/src/thread.o
 .bss.rt_thread_resume_hook
                0x20000754        0x4 ./rt-thread/src/thread.o
 .bss.rt_thread_inited_hook
                0x20000758        0x4 ./rt-thread/src/thread.o
 .bss.rt_timer_list
                0x2000075c        0x8 ./rt-thread/src/timer.o
 .bss.rt_soft_timer_list
                0x20000764        0x8 ./rt-thread/src/timer.o
 .bss.timer_thread
                0x2000076c       0x80 ./rt-thread/src/timer.o
 .bss.timer_thread_stack
                0x200007ec      0x200 ./rt-thread/src/timer.o
 .bss.rt_timer_enter_hook
                0x200009ec        0x4 ./rt-thread/src/timer.o
 .bss.rt_timer_exit_hook
                0x200009f0        0x4 ./rt-thread/src/timer.o
 .bss.random_nr.5332
                0x200009f4        0x4 ./rt-thread/src/timer.o
 .bss.rt_exception_hook
                0x200009f8        0x4 ./rt-thread/libcpu/arm/cortex-m3/cpuport.o
 .bss._syscall_table_begin
                0x200009fc        0x4 ./rt-thread/components/finsh/shell.o
                0x200009fc                _syscall_table_begin
 .bss._syscall_table_end
                0x20000a00        0x4 ./rt-thread/components/finsh/shell.o
                0x20000a00                _syscall_table_end
 .bss._sysvar_table_begin
                0x20000a04        0x4 ./rt-thread/components/finsh/shell.o
                0x20000a04                _sysvar_table_begin
 .bss._sysvar_table_end
                0x20000a08        0x4 ./rt-thread/components/finsh/shell.o
                0x20000a08                _sysvar_table_end
 .bss.finsh_prompt_custom
                0x20000a0c        0x4 ./rt-thread/components/finsh/shell.o
 .bss.finsh_prompt.5535
                0x20000a10      0x101 ./rt-thread/components/finsh/shell.o
 *fill*         0x20000b11        0x3 
 .bss.already_output.5689
                0x20000b14        0x4 ./rt-thread/components/drivers/serial/serial.o
 .bss._hw_pin   0x20000b18       0x44 ./rt-thread/components/drivers/misc/pin.o
 .bss.xSlaveOsEvent
                0x20000b5c       0x20 ./packages/freemodbus-latest/port/portevent.o
 .bss.serial_soft_trans_irq_stack
                0x20000b7c      0x200 ./packages/freemodbus-latest/port/portserial.o
 .bss.thread_serial_soft_trans_irq
                0x20000d7c       0x80 ./packages/freemodbus-latest/port/portserial.o
 .bss.event_serial
                0x20000dfc       0x20 ./packages/freemodbus-latest/port/portserial.o
 .bss.serial    0x20000e1c        0x4 ./packages/freemodbus-latest/port/portserial.o
 .bss.timer     0x20000e20       0x2c ./packages/freemodbus-latest/port/porttimer.o
 .bss.usSDiscInStart
                0x20000e4c        0x2 ./packages/freemodbus-latest/port/user_mb_app.o
                0x20000e4c                usSDiscInStart
 .bss.usSCoilStart
                0x20000e4e        0x2 ./packages/freemodbus-latest/port/user_mb_app.o
                0x20000e4e                usSCoilStart
 .bss.usSRegInStart
                0x20000e50        0x2 ./packages/freemodbus-latest/port/user_mb_app.o
                0x20000e50                usSRegInStart
 .bss.usSRegHoldStart
                0x20000e52        0x2 ./packages/freemodbus-latest/port/user_mb_app.o
                0x20000e52                usSRegHoldStart
 .bss.eSndState
                0x20000e54        0x1 ./packages/freemodbus-latest/modbus/rtu/mbrtu.o
 .bss.eRcvState
                0x20000e55        0x1 ./packages/freemodbus-latest/modbus/rtu/mbrtu.o
 *fill*         0x20000e56        0x2 
 .bss.pucSndBufferCur
                0x20000e58        0x4 ./packages/freemodbus-latest/modbus/rtu/mbrtu.o
 .bss.usSndBufferCount
                0x20000e5c        0x2 ./packages/freemodbus-latest/modbus/rtu/mbrtu.o
 .bss.usRcvBufferPos
                0x20000e5e        0x2 ./packages/freemodbus-latest/modbus/rtu/mbrtu.o
 .bss.ucMBSlaveID
                0x20000e60       0x20 ./packages/freemodbus-latest/modbus/functions/mbfuncother.o
 .bss.usMBSlaveIDLen
                0x20000e80        0x2 ./packages/freemodbus-latest/modbus/functions/mbfuncother.o
 .bss.ucMBAddress
                0x20000e82        0x1 ./packages/freemodbus-latest/modbus/mb.o
 .bss.eMBCurrentMode
                0x20000e83        0x1 ./packages/freemodbus-latest/modbus/mb.o
 .bss.peMBFrameSendCur
                0x20000e84        0x4 ./packages/freemodbus-latest/modbus/mb.o
 .bss.pvMBFrameStartCur
                0x20000e88        0x4 ./packages/freemodbus-latest/modbus/mb.o
 .bss.pvMBFrameStopCur
                0x20000e8c        0x4 ./packages/freemodbus-latest/modbus/mb.o